 integer linked list runner

 Timestamp is 547c83d8 (Mon Dec 01 20:36:00 2014)

 Preferred load address is 0000000140000000

 Start         Length     Name                   Class
 0001:00000000 0000c18cH .text$mn                CODE
 0001:0000c190 00000213H .text$x                 CODE
 0002:00000000 00000200H .idata$5                DATA
 0002:00000200 00000008H .CRT$XCA                DATA
 0002:00000208 00000008H .CRT$XCZ                DATA
 0002:00000210 00000008H .CRT$XIA                DATA
 0002:00000218 00000020H .CRT$XIC                DATA
 0002:00000238 00000008H .CRT$XIY                DATA
 0002:00000240 00000008H .CRT$XIZ                DATA
 0002:00000248 00000008H .CRT$XPA                DATA
 0002:00000250 00000010H .CRT$XPX                DATA
 0002:00000260 00000008H .CRT$XPXA               DATA
 0002:00000268 00000008H .CRT$XPZ                DATA
 0002:00000270 00000008H .CRT$XTA                DATA
 0002:00000278 00000008H .CRT$XTZ                DATA
 0002:00000280 00005180H .rdata                  DATA
 0002:00005400 00000008H .rtc$IAA                DATA
 0002:00005408 00000008H .rtc$IZZ                DATA
 0002:00005410 00000008H .rtc$TAA                DATA
 0002:00005418 00000008H .rtc$TZZ                DATA
 0002:00005420 00000960H .xdata                  DATA
 0002:00005d80 00000000H .edata                  DATA
 0002:00005d80 00000014H .idata$2                DATA
 0002:00005d94 00000014H .idata$3                DATA
 0002:00005da8 00000200H .idata$4                DATA
 0002:00005fa8 000004a6H .idata$6                DATA
 0003:00000000 00001a5cH .data                   DATA
 0003:00001a60 000023c8H .bss                    DATA
 0004:00000000 00000a08H .pdata                  DATA

  Address         Publics by Value              Rva+Base               Lib:Object

 0000:00000000       ___safe_se_handler_count   0000000000000000     <absolute>
 0000:00000000       __guard_fids_table         0000000000000000     <absolute>
 0000:00000000       ___safe_se_handler_table   0000000000000000     <absolute>
 0000:00000000       __guard_flags              0000000000000000     <absolute>
 0000:00000000       __guard_fids_count         0000000000000000     <absolute>
 0000:00000000       __ImageBase                0000000140000000     <linker-defined>
 0001:00000000       fireTests                  0000000140001000 f   integer linked list runner.obj
 0001:000000c0       main                       00000001400010c0 f   integer linked list runner.obj
 0001:000000d0       TEST_should_setup_and_confim_via_printing 00000001400010d0 f   integer linked list test.obj
 0001:00000140       TEST_should_find_number_in_list 0000000140001140 f   integer linked list test.obj
 0001:000001a0       TEST_should_not_find_number_in_list 00000001400011a0 f   integer linked list test.obj
 0001:00000200       TEST_should_delete_numbers_first_occurence 0000000140001200 f   integer linked list test.obj
 0001:00000300       TEST_should_delete_all_occurences_on_a_number 0000000140001300 f   integer linked list test.obj
 0001:00000370       TEST_shoud_not_be_a_circular_list 0000000140001370 f   integer linked list test.obj
 0001:000003d0       TEST_shoud_be_a_circular_list 00000001400013d0 f   integer linked list test.obj
 0001:00000440       TEST_stack_should_be_reverse_of_the_list 0000000140001440 f   integer linked list test.obj
 0001:00000470       create_node                0000000140001470 f   integer linked list.obj
 0001:000004e0       add_to_list                00000001400014e0 f   integer linked list.obj
 0001:00000560       make_list_circular         0000000140001560 f   integer linked list.obj
 0001:000005d0       print_list                 00000001400015d0 f   integer linked list.obj
 0001:00000690       search_list                0000000140001690 f   integer linked list.obj
 0001:000006f0       delete_first_value_matching_node 00000001400016f0 f   integer linked list.obj
 0001:000007d0       delete_all_value_matching_nodes 00000001400017d0 f   integer linked list.obj
 0001:00000880       is_list_empty              0000000140001880 f   integer linked list.obj
 0001:000008a0       is_list_circular           00000001400018a0 f   integer linked list.obj
 0001:00000920       create_stack_from_existing_list 0000000140001920 f   integer linked list.obj
 0001:0000092c       _get_printf_count_output   000000014000192c f   LIBCMT:printf.obj
 0001:00000944       printf                     0000000140001944 f   LIBCMT:printf.obj
 0001:000009f0       abort                      00000001400019f0 f   LIBCMT:abort.obj
 0001:00000a48       malloc                     0000000140001a48 f   LIBCMT:malloc.obj
 0001:00000cac       mainCRTStartup             0000000140001cac f   LIBCMT:crt0.obj
 0001:00000cc0       _call_reportfault          0000000140001cc0 f   LIBCMT:invarg.obj
 0001:00000db4       _initp_misc_invarg         0000000140001db4 f   LIBCMT:invarg.obj
 0001:00000dbc       _invalid_parameter         0000000140001dbc f   LIBCMT:invarg.obj
 0001:00000e24       _invalid_parameter_noinfo  0000000140001e24 f   LIBCMT:invarg.obj
 0001:00000e44       _invoke_watson             0000000140001e44 f   LIBCMT:invarg.obj
 0001:00000e80       __initstdio                0000000140001e80 f   LIBCMT:_file.obj
 0001:00000f18       __endstdio                 0000000140001f18 f   LIBCMT:_file.obj
 0001:00000f48       __iob_func                 0000000140001f48 f   LIBCMT:_file.obj
 0001:00000f50       _lock_file                 0000000140001f50 f   LIBCMT:_file.obj
 0001:00000fb8       _lock_file2                0000000140001fb8 f   LIBCMT:_file.obj
 0001:00000fec       _unlock_file               0000000140001fec f   LIBCMT:_file.obj
 0001:0000103c       _unlock_file2              000000014000203c f   LIBCMT:_file.obj
 0001:0000105c       _ftbuf                     000000014000205c f   LIBCMT:_sftbuf.obj
 0001:00001094       _stbuf                     0000000140002094 f   LIBCMT:_sftbuf.obj
 0001:00001164       ??0_LocaleUpdate@@QEAA@PEAUlocaleinfo_struct@@@Z 0000000140002164 f i LIBCMT:output.obj
 0001:0000120c       _output_l                  000000014000220c f   LIBCMT:output.obj
 0001:00001d4c       __doserrno                 0000000140002d4c f   LIBCMT:dosmap.obj
 0001:00001d6c       _dosmaperr                 0000000140002d6c f   LIBCMT:dosmap.obj
 0001:00001dbc       _errno                     0000000140002dbc f   LIBCMT:dosmap.obj
 0001:00001ddc       _get_errno_from_oserr      0000000140002ddc f   LIBCMT:dosmap.obj
 0001:00001e2c       __C_specific_handler       0000000140002e2c f   LIBCMT:chandler.obj
 0001:00002010       __crtCorExitProcess        0000000140003010 f   LIBCMT:crt0dat.obj
 0001:00002054       __crtExitProcess           0000000140003054 f   LIBCMT:crt0dat.obj
 0001:0000206c       _amsg_exit                 000000014000306c f   LIBCMT:crt0dat.obj
 0001:00002094       _c_exit                    0000000140003094 f   LIBCMT:crt0dat.obj
 0001:000020a4       _cexit                     00000001400030a4 f   LIBCMT:crt0dat.obj
 0001:000020b4       _cinit                     00000001400030b4 f   LIBCMT:crt0dat.obj
 0001:0000214c       _exit                      000000014000314c f   LIBCMT:crt0dat.obj
 0001:00002158       _init_pointers             0000000140003158 f   LIBCMT:crt0dat.obj
 0001:00002204       _initterm_e                0000000140003204 f   LIBCMT:crt0dat.obj
 0001:00002240       _lockexit                  0000000140003240 f   LIBCMT:crt0dat.obj
 0001:0000224c       _unlockexit                000000014000324c f   LIBCMT:crt0dat.obj
 0001:000023f0       exit                       00000001400033f0 f   LIBCMT:crt0dat.obj
 0001:000023fc       __get_sigabrt              00000001400033fc f   LIBCMT:winsig.obj
 0001:0000240c       _initp_misc_winsig         000000014000340c f   LIBCMT:winsig.obj
 0001:0000242c       raise                      000000014000342c f   LIBCMT:winsig.obj
 0001:00002660       _callnewh                  0000000140003660 f   LIBCMT:handler.obj
 0001:00002694       _initp_heap_handler        0000000140003694 f   LIBCMT:handler.obj
 0001:0000269c       _FF_MSGBANNER              000000014000369c f   LIBCMT:crt0msg.obj
 0001:000026e0       _GET_RTERRMSG              00000001400036e0 f   LIBCMT:crt0msg.obj
 0001:00002710       _NMSG_WRITE                0000000140003710 f   LIBCMT:crt0msg.obj
 0001:00002980       _heap_init                 0000000140003980 f   LIBCMT:heapinit.obj
 0001:000029a0       ?__CxxUnhandledExceptionFilter@@YAJPEAU_EXCEPTION_POINTERS@@@Z 00000001400039a0 f   LIBCMT:unhandld.obj
 0001:000029d8       __CxxSetUnhandledExceptionFilter 00000001400039d8 f   LIBCMT:unhandld.obj
 0001:000029f0       _XcptFilter                00000001400039f0 f   LIBCMT:winxfltr.obj
 0001:00002bbc       _freefls                   0000000140003bbc f   LIBCMT:tidtable.obj
 0001:00002cf0       _getptd                    0000000140003cf0 f   LIBCMT:tidtable.obj
 0001:00002d14       _getptd_noexit             0000000140003d14 f   LIBCMT:tidtable.obj
 0001:00002d98       _initptd                   0000000140003d98 f   LIBCMT:tidtable.obj
 0001:00002e5c       _mtinit                    0000000140003e5c f   LIBCMT:tidtable.obj
 0001:00002edc       _mtterm                    0000000140003edc f   LIBCMT:tidtable.obj
 0001:00002f00       _ioinit                    0000000140003f00 f   LIBCMT:ioinit.obj
 0001:00003230       _setargv                   0000000140004230 f   LIBCMT:stdargv.obj
 0001:000034ec       _setenvp                   00000001400044ec f   LIBCMT:stdenvp.obj
 0001:00003620       __set_app_type             0000000140004620 f   LIBCMT:errmode.obj
 0001:00003628       _set_error_mode            0000000140004628 f   LIBCMT:errmode.obj
 0001:00003668       __security_init_cookie     0000000140004668 f   LIBCMT:gs_support.obj
 0001:00003714       _RTC_Initialize            0000000140004714 f   LIBCMT:initsect.obj
 0001:0000374c       _RTC_Terminate             000000014000474c f   LIBCMT:initsect.obj
 0001:00003784       __crtGetEnvironmentStringsA 0000000140004784 f   LIBCMT:a_env.obj
 0001:00003878       __crtCaptureCurrentContext 0000000140004878 f   LIBCMT:winapisupp.obj
 0001:000038e8       __crtCapturePreviousContext 00000001400048e8 f   LIBCMT:winapisupp.obj
 0001:0000395c       __crtFlsAlloc              000000014000495c f   LIBCMT:winapisupp.obj
 0001:00003978       __crtFlsFree               0000000140004978 f   LIBCMT:winapisupp.obj
 0001:00003994       __crtFlsGetValue           0000000140004994 f   LIBCMT:winapisupp.obj
 0001:000039b0       __crtFlsSetValue           00000001400049b0 f   LIBCMT:winapisupp.obj
 0001:000039cc       __crtInitializeCriticalSectionEx 00000001400049cc f   LIBCMT:winapisupp.obj
 0001:000039f8       __crtIsPackagedApp         00000001400049f8 f   LIBCMT:winapisupp.obj
 0001:00003a44       __crtLoadWinApiPointers    0000000140004a44 f   LIBCMT:winapisupp.obj
 0001:00003e40       __crtSetUnhandledExceptionFilter 0000000140004e40 f   LIBCMT:winapisupp.obj
 0001:00003e48       __crtSleep                 0000000140004e48 f   LIBCMT:winapisupp.obj
 0001:00003e50       __crtTerminateProcess      0000000140004e50 f   LIBCMT:winapisupp.obj
 0001:00003e70       __crtUnhandledException    0000000140004e70 f   LIBCMT:winapisupp.obj
 0001:00003e90       __crt_debugger_hook        0000000140004e90 f   LIBCMT:dbghook.obj
 0001:00003e98       __GSHandlerCheck           0000000140004e98 f   LIBCMT:gshandler.obj
 0001:00003eb8       __GSHandlerCheckCommon     0000000140004eb8 f   LIBCMT:gshandler.obj
 0001:00003f30       __security_check_cookie    0000000140004f30 f   LIBCMT:amdsecgs.obj
 0001:00003f60       memset                     0000000140004f60 f   LIBCMT:memset.obj
 0001:0000418c       _fcloseall                 000000014000518c f   LIBCMT:closeall.obj
 0001:00004234       _fflush_nolock             0000000140005234 f   LIBCMT:fflush.obj
 0001:00004280       _flush                     0000000140005280 f   LIBCMT:fflush.obj
 0001:000042fc       _flushall                  00000001400052fc f   LIBCMT:fflush.obj
 0001:000043f0       _lock                      00000001400053f0 f   LIBCMT:mlock.obj
 0001:00004434       _mtdeletelocks             0000000140005434 f   LIBCMT:mlock.obj
 0001:000044bc       _mtinitlocknum             00000001400054bc f   LIBCMT:mlock.obj
 0001:0000457c       _mtinitlocks               000000014000557c f   LIBCMT:mlock.obj
 0001:000045e0       _unlock                    00000001400055e0 f   LIBCMT:mlock.obj
 0001:000045f8       free                       00000001400055f8 f   LIBCMT:free.obj
 0001:00004638       _calloc_crt                0000000140005638 f   LIBCMT:crtheap.obj
 0001:000046b8       _malloc_crt                00000001400056b8 f   LIBCMT:crtheap.obj
 0001:00004734       _realloc_crt               0000000140005734 f   LIBCMT:crtheap.obj
 0001:000047b8       _fileno                    00000001400057b8 f   LIBCMT:fileno.obj
 0001:000047e0       _isatty                    00000001400057e0 f   LIBCMT:isatty.obj
 0001:00004840       __addlocaleref             0000000140005840 f   LIBCMT:localref.obj
 0001:000048cc       __freetlocinfo             00000001400058cc f   LIBCMT:localref.obj
 0001:00004a64       __removelocaleref          0000000140005a64 f   LIBCMT:localref.obj
 0001:00004b08       __updatetlocinfo           0000000140005b08 f   LIBCMT:localref.obj
 0001:00004b80       _updatetlocinfoEx_nolock   0000000140005b80 f   LIBCMT:localref.obj
 0001:00004be4       __initmbctable             0000000140005be4 f   LIBCMT:mbctype.obj
 0001:00004f00       __updatetmbcinfo           0000000140005f00 f   LIBCMT:mbctype.obj
 0001:00004fbc       _setmbcp                   0000000140005fbc f   LIBCMT:mbctype.obj
 0001:00005200       _setmbcp_nolock            0000000140006200 f   LIBCMT:mbctype.obj
 0001:000054b0       _isleadbyte_l              00000001400064b0 f i LIBCMT:_wctype.obj
 0001:000054f4       isleadbyte                 00000001400064f4 f i LIBCMT:_wctype.obj
 0001:00005550       strlen                     0000000140006550 f   LIBCMT:strlen.obj
 0001:000055f8       _flsbuf                    00000001400065f8 f   LIBCMT:_flsbuf.obj
 0001:00005784       _wctomb_s_l                0000000140006784 f   LIBCMT:wctomb.obj
 0001:00005910       wctomb_s                   0000000140006910 f   LIBCMT:wctomb.obj
 0001:00005924       _initp_misc_cfltcvt_tab    0000000140006924 f   LIBCMT:cmiscdat.obj
 0001:00005970       _local_unwind              0000000140006970 f   LIBCMT:jmpuwind.obj
 0001:000059a0       _NLG_Notify                00000001400069a0 f   LIBCMT:jmpuwind.obj
 0001:000059c0       __NLG_Dispatch2            00000001400069c0 f   LIBCMT:jmpuwind.obj
 0001:000059d0       __NLG_Return2              00000001400069d0 f   LIBCMT:jmpuwind.obj
 0001:000059e0       _FindPESection             00000001400069e0 f   LIBCMT:pesect.obj
 0001:00005a30       _IsNonwritableInCurrentImage 0000000140006a30 f   LIBCMT:pesect.obj
 0001:00005a80       _ValidateImageBase         0000000140006a80 f   LIBCMT:pesect.obj
 0001:00005ab0       __onexitinit               0000000140006ab0 f   LIBCMT:onexit.obj
 0001:00005af4       _onexit                    0000000140006af4 f   LIBCMT:onexit.obj
 0001:00005c00       atexit                     0000000140006c00 f   LIBCMT:onexit.obj
 0001:00005c18       ?terminate@@YAXXZ          0000000140006c18 f   LIBCMT:hooks.obj
 0001:00005c38       _initp_eh_hooks            0000000140006c38 f   LIBCMT:hooks.obj
 0001:00005c58       _initp_misc_purevirt       0000000140006c58 f   LIBCMT:inithelp.obj
 0001:00005c60       _initp_misc_rand_s         0000000140006c60 f   LIBCMT:rand_s.obj
 0001:00005c80       memcpy                     0000000140006c80 f   LIBCMT:memcpy.obj
 0001:00005c80       memmove                    0000000140006c80 f   LIBCMT:memcpy.obj
 0001:000061e8       wcscat_s                   00000001400071e8 f   LIBCMT:wcscat_s.obj
 0001:00006270       wcscpy_s                   0000000140007270 f   LIBCMT:wcscpy_s.obj
 0001:000062dc       wcslen                     00000001400072dc f   LIBCMT:wcslen.obj
 0001:000062f8       wcsncpy_s                  00000001400072f8 f   LIBCMT:wcsncpy_s.obj
 0001:000063c4       __crtMessageBoxW           00000001400073c4 f   LIBCMT:crtmboxw.obj
 0001:000066b4       _ismbblead                 00000001400076b4 f   LIBCMT:ismbbyte.obj
 0001:000066c8       strcpy_s                   00000001400076c8 f   LIBCMT:strcpy_s.obj
 0001:0000672c       __raise_securityfailure    000000014000772c f   LIBCMT:gs_report.obj
 0001:00006778       __report_gsfailure         0000000140007778 f   LIBCMT:gs_report.obj
 0001:0000684c       __isa_available_init       000000014000784c f   LIBCMT:cpu_disp.obj
 0001:000069f0       _fclose_nolock             00000001400079f0 f   LIBCMT:fclose.obj
 0001:00006a6c       fclose                     0000000140007a6c f   LIBCMT:fclose.obj
 0001:00006ad4       _commit                    0000000140007ad4 f   LIBCMT:commit.obj
 0001:00006bac       _write                     0000000140007bac f   LIBCMT:write.obj
 0001:00006c90       _write_nolock              0000000140007c90 f   LIBCMT:write.obj
 0001:00007484       realloc                    0000000140008484 f   LIBCMT:realloc.obj
 0001:00007558       _calloc_impl               0000000140008558 f   LIBCMT:calloc_impl.obj
 0001:000075f4       __free_lconv_mon           00000001400085f4 f   LIBCMT:initmon.obj
 0001:00007700       __free_lconv_num           0000000140008700 f   LIBCMT:initnum.obj
 0001:0000776c       __free_lc_time             000000014000876c f   LIBCMT:inittime.obj
 0001:00007e54       __crtLCMapStringA          0000000140008e54 f   LIBCMT:a_map.obj
 0001:00008064       __crtGetStringTypeA        0000000140009064 f   LIBCMT:a_str.obj
 0001:000080e0       _lseeki64                  00000001400090e0 f   LIBCMT:lseeki64.obj
 0001:000081c8       _lseeki64_nolock           00000001400091c8 f   LIBCMT:lseeki64.obj
 0001:0000825c       _getbuf                    000000014000925c f   LIBCMT:_getbuf.obj
 0001:000082b0       _fptrap                    00000001400092b0 f   LIBCMT:crt0fp.obj
 0001:000082bc       _msize                     00000001400092bc f   LIBCMT:msize.obj
 0001:000082f8       GetTableIndexFromLocaleName 00000001400092f8 f   LIBCMT:winapinls.obj
 0001:00008384       __crtDownlevelLocaleNameToLCID 0000000140009384 f   LIBCMT:winapinls.obj
 0001:000083b8       __crtLCMapStringEx         00000001400093b8 f   LIBCMT:winapinls.obj
 0001:00008448       __wcsnicmp_ascii           0000000140009448 f   LIBCMT:winapinls.obj
 0001:000084a0       _close                     00000001400094a0 f   LIBCMT:close.obj
 0001:00008564       _close_nolock              0000000140009564 f   LIBCMT:close.obj
 0001:00008620       _freebuf                   0000000140009620 f   LIBCMT:_freebuf.obj
 0001:00008658       __lock_fhandle             0000000140009658 f   LIBCMT:osfinfo.obj
 0001:000086f0       _free_osfhnd               00000001400096f0 f   LIBCMT:osfinfo.obj
 0001:0000879c       _get_osfhandle             000000014000979c f   LIBCMT:osfinfo.obj
 0001:00008810       _unlock_fhandle            0000000140009810 f   LIBCMT:osfinfo.obj
 0001:0000883c       _mbtowc_l                  000000014000983c f   LIBCMT:mbtowc.obj
 0001:00008990       mbtowc                     0000000140009990 f   LIBCMT:mbtowc.obj
 0001:00008998       _putwch_nolock             0000000140009998 f   LIBCMT:putwch.obj
 0001:00008a10       __chkstk                   0000000140009a10 f   LIBCMT:chkstk.obj
 0001:00008a10       _alloca_probe              0000000140009a10 f   LIBCMT:chkstk.obj
 0001:00008a60       _isctype_l                 0000000140009a60 f   LIBCMT:isctype.obj
 0001:00008b3c       _locterm                   0000000140009b3c f   LIBCMT:wsetloca.obj
 0001:00008b84       __termconout               0000000140009b84 f   LIBCMT:initcon.obj
 0001:00008ba4       __initconout               0000000140009ba4 f   LIBCMT:initcon.obj
 0001:00008bf0       memcmp                     0000000140009bf0 f   LIBCMT:memcmp.obj
 0001:00008cb8       __crt_atoflt_l             0000000140009cb8 f   LIBCMT:atodbl.obj
 0001:00008d88       _atodbl_l                  0000000140009d88 f   LIBCMT:atodbl.obj
 0001:00008e50       _atoflt_l                  0000000140009e50 f   LIBCMT:atodbl.obj
 0001:00008e58       _fpmath                    0000000140009e58 f   LIBCMT:fpinit.obj
 0001:00008e60       _cfltcvt_init              0000000140009e60 f   LIBCMT:fpinit.obj
 0001:00008ef0       _ld12tod                   0000000140009ef0 f   LIBCMT:intrncvt.obj
 0001:000094a8       _ld12tof                   000000014000a4a8 f   LIBCMT:intrncvt.obj
 0001:00009a60       __strgtold12_l             000000014000aa60 f   LIBCMT:strgtold.obj
 0001:0000a2c4       _cfltcvt                   000000014000b2c4 f   LIBCMT:cvt.obj
 0001:0000a2e8       _cfltcvt_l                 000000014000b2e8 f   LIBCMT:cvt.obj
 0001:0000a368       _cftoa_l                   000000014000b368 f   LIBCMT:cvt.obj
 0001:0000a914       _cftoe_l                   000000014000b914 f   LIBCMT:cvt.obj
 0001:0000ab70       _cftof_l                   000000014000bb70 f   LIBCMT:cvt.obj
 0001:0000ac44       _cftog_l                   000000014000bc44 f   LIBCMT:cvt.obj
 0001:0000ad78       _cropzeros                 000000014000bd78 f   LIBCMT:cvt.obj
 0001:0000ad80       _cropzeros_l               000000014000bd80 f   LIBCMT:cvt.obj
 0001:0000ae18       _fassign                   000000014000be18 f   LIBCMT:cvt.obj
 0001:0000ae20       _fassign_l                 000000014000be20 f   LIBCMT:cvt.obj
 0001:0000ae60       _forcdecpt                 000000014000be60 f   LIBCMT:cvt.obj
 0001:0000ae68       _forcdecpt_l               000000014000be68 f   LIBCMT:cvt.obj
 0001:0000aee8       _positive                  000000014000bee8 f   LIBCMT:cvt.obj
 0001:0000aefc       __mtold12                  000000014000befc f   LIBCMT:mantold.obj
 0001:0000b120       isdigit                    000000014000c120 f i LIBCMT:_ctype.obj
 0001:0000b19c       _tolower_l                 000000014000c19c f   LIBCMT:tolower.obj
 0001:0000b2f0       tolower                    000000014000c2f0 f   LIBCMT:tolower.obj
 0001:0000b310       strrchr                    000000014000c310 f   LIBCMT:strrchr.obj
 0001:0000b454       _fptostr                   000000014000c454 f   LIBCMT:_fptostr.obj
 0001:0000b520       __dtold                    000000014000c520 f   LIBCMT:cfout.obj
 0001:0000b5f0       _fltout2                   000000014000c5f0 f   LIBCMT:cfout.obj
 0001:0000b6a8       $I10_OUTPUT                000000014000c6a8 f   LIBCMT:x10fout.obj
 0001:0000c180       IsProcessorFeaturePresent  000000014000d180 f   kernel32:KERNEL32.dll
 0001:0000c186       RtlUnwindEx                000000014000d186 f   kernel32:KERNEL32.dll
 0002:00000000       __imp_IsProcessorFeaturePresent 000000014000e000     kernel32:KERNEL32.dll
 0002:00000008       __imp_HeapAlloc            000000014000e008     kernel32:KERNEL32.dll
 0002:00000010       __imp_GetCommandLineA      000000014000e010     kernel32:KERNEL32.dll
 0002:00000018       __imp_IsDebuggerPresent    000000014000e018     kernel32:KERNEL32.dll
 0002:00000020       __imp_EncodePointer        000000014000e020     kernel32:KERNEL32.dll
 0002:00000028       __imp_DecodePointer        000000014000e028     kernel32:KERNEL32.dll
 0002:00000030       __imp_EnterCriticalSection 000000014000e030     kernel32:KERNEL32.dll
 0002:00000038       __imp_LeaveCriticalSection 000000014000e038     kernel32:KERNEL32.dll
 0002:00000040       __imp_RtlUnwindEx          000000014000e040     kernel32:KERNEL32.dll
 0002:00000048       __imp_GetLastError         000000014000e048     kernel32:KERNEL32.dll
 0002:00000050       __imp_ExitProcess          000000014000e050     kernel32:KERNEL32.dll
 0002:00000058       __imp_GetModuleHandleExW   000000014000e058     kernel32:KERNEL32.dll
 0002:00000060       __imp_GetProcAddress       000000014000e060     kernel32:KERNEL32.dll
 0002:00000068       __imp_MultiByteToWideChar  000000014000e068     kernel32:KERNEL32.dll
 0002:00000070       __imp_WideCharToMultiByte  000000014000e070     kernel32:KERNEL32.dll
 0002:00000078       __imp_GetStdHandle         000000014000e078     kernel32:KERNEL32.dll
 0002:00000080       __imp_WriteFile            000000014000e080     kernel32:KERNEL32.dll
 0002:00000088       __imp_GetModuleFileNameW   000000014000e088     kernel32:KERNEL32.dll
 0002:00000090       __imp_GetProcessHeap       000000014000e090     kernel32:KERNEL32.dll
 0002:00000098       __imp_SetLastError         000000014000e098     kernel32:KERNEL32.dll
 0002:000000a0       __imp_GetCurrentThreadId   000000014000e0a0     kernel32:KERNEL32.dll
 0002:000000a8       __imp_GetFileType          000000014000e0a8     kernel32:KERNEL32.dll
 0002:000000b0       __imp_DeleteCriticalSection 000000014000e0b0     kernel32:KERNEL32.dll
 0002:000000b8       __imp_GetStartupInfoW      000000014000e0b8     kernel32:KERNEL32.dll
 0002:000000c0       __imp_GetModuleFileNameA   000000014000e0c0     kernel32:KERNEL32.dll
 0002:000000c8       __imp_QueryPerformanceCounter 000000014000e0c8     kernel32:KERNEL32.dll
 0002:000000d0       __imp_GetCurrentProcessId  000000014000e0d0     kernel32:KERNEL32.dll
 0002:000000d8       __imp_GetSystemTimeAsFileTime 000000014000e0d8     kernel32:KERNEL32.dll
 0002:000000e0       __imp_GetEnvironmentStringsW 000000014000e0e0     kernel32:KERNEL32.dll
 0002:000000e8       __imp_FreeEnvironmentStringsW 000000014000e0e8     kernel32:KERNEL32.dll
 0002:000000f0       __imp_RtlCaptureContext    000000014000e0f0     kernel32:KERNEL32.dll
 0002:000000f8       __imp_RtlLookupFunctionEntry 000000014000e0f8     kernel32:KERNEL32.dll
 0002:00000100       __imp_RtlVirtualUnwind     000000014000e100     kernel32:KERNEL32.dll
 0002:00000108       __imp_UnhandledExceptionFilter 000000014000e108     kernel32:KERNEL32.dll
 0002:00000110       __imp_SetUnhandledExceptionFilter 000000014000e110     kernel32:KERNEL32.dll
 0002:00000118       __imp_InitializeCriticalSectionAndSpinCount 000000014000e118     kernel32:KERNEL32.dll
 0002:00000120       __imp_Sleep                000000014000e120     kernel32:KERNEL32.dll
 0002:00000128       __imp_GetCurrentProcess    000000014000e128     kernel32:KERNEL32.dll
 0002:00000130       __imp_TerminateProcess     000000014000e130     kernel32:KERNEL32.dll
 0002:00000138       __imp_TlsAlloc             000000014000e138     kernel32:KERNEL32.dll
 0002:00000140       __imp_TlsGetValue          000000014000e140     kernel32:KERNEL32.dll
 0002:00000148       __imp_TlsSetValue          000000014000e148     kernel32:KERNEL32.dll
 0002:00000150       __imp_TlsFree              000000014000e150     kernel32:KERNEL32.dll
 0002:00000158       __imp_GetModuleHandleW     000000014000e158     kernel32:KERNEL32.dll
 0002:00000160       __imp_HeapFree             000000014000e160     kernel32:KERNEL32.dll
 0002:00000168       __imp_IsValidCodePage      000000014000e168     kernel32:KERNEL32.dll
 0002:00000170       __imp_GetACP               000000014000e170     kernel32:KERNEL32.dll
 0002:00000178       __imp_GetOEMCP             000000014000e178     kernel32:KERNEL32.dll
 0002:00000180       __imp_GetCPInfo            000000014000e180     kernel32:KERNEL32.dll
 0002:00000188       __imp_LoadLibraryExW       000000014000e188     kernel32:KERNEL32.dll
 0002:00000190       __imp_OutputDebugStringW   000000014000e190     kernel32:KERNEL32.dll
 0002:00000198       __imp_FlushFileBuffers     000000014000e198     kernel32:KERNEL32.dll
 0002:000001a0       __imp_GetConsoleCP         000000014000e1a0     kernel32:KERNEL32.dll
 0002:000001a8       __imp_GetConsoleMode       000000014000e1a8     kernel32:KERNEL32.dll
 0002:000001b0       __imp_HeapReAlloc          000000014000e1b0     kernel32:KERNEL32.dll
 0002:000001b8       __imp_GetStringTypeW       000000014000e1b8     kernel32:KERNEL32.dll
 0002:000001c0       __imp_SetFilePointerEx     000000014000e1c0     kernel32:KERNEL32.dll
 0002:000001c8       __imp_HeapSize             000000014000e1c8     kernel32:KERNEL32.dll
 0002:000001d0       __imp_LCMapStringW         000000014000e1d0     kernel32:KERNEL32.dll
 0002:000001d8       __imp_CloseHandle          000000014000e1d8     kernel32:KERNEL32.dll
 0002:000001e0       __imp_SetStdHandle         000000014000e1e0     kernel32:KERNEL32.dll
 0002:000001e8       __imp_WriteConsoleW        000000014000e1e8     kernel32:KERNEL32.dll
 0002:000001f0       __imp_CreateFileW          000000014000e1f0     kernel32:KERNEL32.dll
 0002:000001f8       \177KERNEL32_NULL_THUNK_DATA 000000014000e1f8     kernel32:KERNEL32.dll
 0002:00000200       __xc_a                     000000014000e200     LIBCMT:crt0init.obj
 0002:00000208       __xc_z                     000000014000e208     LIBCMT:crt0init.obj
 0002:00000210       __xi_a                     000000014000e210     LIBCMT:crt0init.obj
 0002:00000240       __xi_z                     000000014000e240     LIBCMT:crt0init.obj
 0002:00000248       __xp_a                     000000014000e248     LIBCMT:crt0init.obj
 0002:00000268       __xp_z                     000000014000e268     LIBCMT:crt0init.obj
 0002:00000270       __xt_a                     000000014000e270     LIBCMT:crt0init.obj
 0002:00000278       __xt_z                     000000014000e278     LIBCMT:crt0init.obj
 0002:00000280       ??_C@_06OJHGLDPL@?$CInull?$CJ?$AA@ 000000014000e280     LIBCMT:output.obj
 0002:00000288       ??_C@_1O@CEDCILHN@?$AA?$CI?$AAn?$AAu?$AAl?$AAl?$AA?$CJ?$AA?$AA@ 000000014000e288     LIBCMT:output.obj
 0002:000002a0       __lookuptable              000000014000e2a0     LIBCMT:output.obj
 0002:00000300       ??_C@_1BI@BGOHAHKC@?$AAm?$AAs?$AAc?$AAo?$AAr?$AAe?$AAe?$AA?4?$AAd?$AAl?$AAl?$AA?$AA@ 000000014000e300     LIBCMT:crt0dat.obj
 0002:00000318       ??_C@_0P@MIGLKIOC@CorExitProcess?$AA@ 000000014000e318     LIBCMT:crt0dat.obj
 0002:000004a0       ??_C@_1FK@PGACCAFB@?$AAR?$AA6?$AA0?$AA0?$AA2?$AA?$AN?$AA?6?$AA?9?$AA?5?$AAf?$AAl?$AAo?$AAa?$AAt?$AAi?$AAn?$AAg?$AA?5?$AAp?$AAo?$AAi?$AAn?$AAt?$AA?5?$AAs?$AAu?$AAp?$AAp?$AAo?$AAr?$AAt?$AA?5@ 000000014000e4a0     LIBCMT:crt0msg.obj
 0002:00000500       ??_C@_1FE@LLNEDJMD@?$AAR?$AA6?$AA0?$AA0?$AA8?$AA?$AN?$AA?6?$AA?9?$AA?5?$AAn?$AAo?$AAt?$AA?5?$AAe?$AAn?$AAo?$AAu?$AAg?$AAh?$AA?5?$AAs?$AAp?$AAa?$AAc?$AAe?$AA?5?$AAf?$AAo?$AAr?$AA?5?$AAa?$AAr@ 000000014000e500     LIBCMT:crt0msg.obj
 0002:00000560       ??_C@_1FI@HONFMGBI@?$AAR?$AA6?$AA0?$AA0?$AA9?$AA?$AN?$AA?6?$AA?9?$AA?5?$AAn?$AAo?$AAt?$AA?5?$AAe?$AAn?$AAo?$AAu?$AAg?$AAh?$AA?5?$AAs?$AAp?$AAa?$AAc?$AAe?$AA?5?$AAf?$AAo?$AAr?$AA?5?$AAe?$AAn@ 000000014000e560     LIBCMT:crt0msg.obj
 0002:000005c0       ??_C@_1EG@BEHAGFJD@?$AAR?$AA6?$AA0?$AA1?$AA0?$AA?$AN?$AA?6?$AA?9?$AA?5?$AAa?$AAb?$AAo?$AAr?$AAt?$AA?$CI?$AA?$CJ?$AA?5?$AAh?$AAa?$AAs?$AA?5?$AAb?$AAe?$AAe?$AAn?$AA?5?$AAc?$AAa?$AAl?$AAl?$AAe?$AAd@ 000000014000e5c0     LIBCMT:crt0msg.obj
 0002:00000610       ??_C@_1FI@LOGNIKDM@?$AAR?$AA6?$AA0?$AA1?$AA6?$AA?$AN?$AA?6?$AA?9?$AA?5?$AAn?$AAo?$AAt?$AA?5?$AAe?$AAn?$AAo?$AAu?$AAg?$AAh?$AA?5?$AAs?$AAp?$AAa?$AAc?$AAe?$AA?5?$AAf?$AAo?$AAr?$AA?5?$AAt?$AAh@ 000000014000e610     LIBCMT:crt0msg.obj
 0002:00000670       ??_C@_1FK@BEOGODMC@?$AAR?$AA6?$AA0?$AA1?$AA7?$AA?$AN?$AA?6?$AA?9?$AA?5?$AAu?$AAn?$AAe?$AAx?$AAp?$AAe?$AAc?$AAt?$AAe?$AAd?$AA?5?$AAm?$AAu?$AAl?$AAt?$AAi?$AAt?$AAh?$AAr?$AAe?$AAa?$AAd?$AA?5@ 000000014000e670     LIBCMT:crt0msg.obj
 0002:000006d0       ??_C@_1EC@JIBHAOPH@?$AAR?$AA6?$AA0?$AA1?$AA8?$AA?$AN?$AA?6?$AA?9?$AA?5?$AAu?$AAn?$AAe?$AAx?$AAp?$AAe?$AAc?$AAt?$AAe?$AAd?$AA?5?$AAh?$AAe?$AAa?$AAp?$AA?5?$AAe?$AAr?$AAr?$AAo?$AAr?$AA?$AN?$AA?6@ 000000014000e6d0     LIBCMT:crt0msg.obj
 0002:00000720       ??_C@_1FC@ECHBIFBC@?$AAR?$AA6?$AA0?$AA1?$AA9?$AA?$AN?$AA?6?$AA?9?$AA?5?$AAu?$AAn?$AAa?$AAb?$AAl?$AAe?$AA?5?$AAt?$AAo?$AA?5?$AAo?$AAp?$AAe?$AAn?$AA?5?$AAc?$AAo?$AAn?$AAs?$AAo?$AAl?$AAe?$AA?5@ 000000014000e720     LIBCMT:crt0msg.obj
 0002:00000780       ??_C@_1GK@FHCKBEFA@?$AAR?$AA6?$AA0?$AA2?$AA4?$AA?$AN?$AA?6?$AA?9?$AA?5?$AAn?$AAo?$AAt?$AA?5?$AAe?$AAn?$AAo?$AAu?$AAg?$AAh?$AA?5?$AAs?$AAp?$AAa?$AAc?$AAe?$AA?5?$AAf?$AAo?$AAr?$AA?5?$AA_?$AAo@ 000000014000e780     LIBCMT:crt0msg.obj
 0002:000007f0       ??_C@_1EM@MAADIHMB@?$AAR?$AA6?$AA0?$AA2?$AA5?$AA?$AN?$AA?6?$AA?9?$AA?5?$AAp?$AAu?$AAr?$AAe?$AA?5?$AAv?$AAi?$AAr?$AAt?$AAu?$AAa?$AAl?$AA?5?$AAf?$AAu?$AAn?$AAc?$AAt?$AAi?$AAo?$AAn?$AA?5?$AAc@ 000000014000e7f0     LIBCMT:crt0msg.obj
 0002:00000840       ??_C@_1GK@MCAAGJMO@?$AAR?$AA6?$AA0?$AA2?$AA6?$AA?$AN?$AA?6?$AA?9?$AA?5?$AAn?$AAo?$AAt?$AA?5?$AAe?$AAn?$AAo?$AAu?$AAg?$AAh?$AA?5?$AAs?$AAp?$AAa?$AAc?$AAe?$AA?5?$AAf?$AAo?$AAr?$AA?5?$AAs?$AAt@ 000000014000e840     LIBCMT:crt0msg.obj
 0002:000008b0       ??_C@_1GK@MFGOKLAG@?$AAR?$AA6?$AA0?$AA2?$AA7?$AA?$AN?$AA?6?$AA?9?$AA?5?$AAn?$AAo?$AAt?$AA?5?$AAe?$AAn?$AAo?$AAu?$AAg?$AAh?$AA?5?$AAs?$AAp?$AAa?$AAc?$AAe?$AA?5?$AAf?$AAo?$AAr?$AA?5?$AAl?$AAo@ 000000014000e8b0     LIBCMT:crt0msg.obj
 0002:00000920       ??_C@_1EK@HHFLMAOL@?$AAR?$AA6?$AA0?$AA2?$AA8?$AA?$AN?$AA?6?$AA?9?$AA?5?$AAu?$AAn?$AAa?$AAb?$AAl?$AAe?$AA?5?$AAt?$AAo?$AA?5?$AAi?$AAn?$AAi?$AAt?$AAi?$AAa?$AAl?$AAi?$AAz?$AAe?$AA?5?$AAh?$AAe@ 000000014000e920     LIBCMT:crt0msg.obj
 0002:00000970       ??_C@_1DO@BMFCDCD@?$AAR?$AA6?$AA0?$AA3?$AA0?$AA?$AN?$AA?6?$AA?9?$AA?5?$AAC?$AAR?$AAT?$AA?5?$AAn?$AAo?$AAt?$AA?5?$AAi?$AAn?$AAi?$AAt?$AAi?$AAa?$AAl?$AAi?$AAz?$AAe?$AAd?$AA?$AN?$AA?6?$AA?$AA@ 000000014000e970     LIBCMT:crt0msg.obj
 0002:000009b0       ??_C@_1MG@ENCOOIDF@?$AAR?$AA6?$AA0?$AA3?$AA1?$AA?$AN?$AA?6?$AA?9?$AA?5?$AAA?$AAt?$AAt?$AAe?$AAm?$AAp?$AAt?$AA?5?$AAt?$AAo?$AA?5?$AAi?$AAn?$AAi?$AAt?$AAi?$AAa?$AAl?$AAi?$AAz?$AAe?$AA?5?$AAt@ 000000014000e9b0     LIBCMT:crt0msg.obj
 0002:00000a80       ??_C@_1GG@GOPILAJP@?$AAR?$AA6?$AA0?$AA3?$AA2?$AA?$AN?$AA?6?$AA?9?$AA?5?$AAn?$AAo?$AAt?$AA?5?$AAe?$AAn?$AAo?$AAu?$AAg?$AAh?$AA?5?$AAs?$AAp?$AAa?$AAc?$AAe?$AA?5?$AAf?$AAo?$AAr?$AA?5?$AAl?$AAo@ 000000014000ea80     LIBCMT:crt0msg.obj
 0002:00000af0       ??_C@_1BOO@KGEDBGAJ@?$AAR?$AA6?$AA0?$AA3?$AA3?$AA?$AN?$AA?6?$AA?9?$AA?5?$AAA?$AAt?$AAt?$AAe?$AAm?$AAp?$AAt?$AA?5?$AAt?$AAo?$AA?5?$AAu?$AAs?$AAe?$AA?5?$AAM?$AAS?$AAI?$AAL?$AA?5?$AAc?$AAo?$AAd@ 000000014000eaf0     LIBCMT:crt0msg.obj
 0002:00000ce0       ??_C@_1GG@MKFPEKFO@?$AAR?$AA6?$AA0?$AA3?$AA4?$AA?$AN?$AA?6?$AA?9?$AA?5?$AAi?$AAn?$AAc?$AAo?$AAn?$AAs?$AAi?$AAs?$AAt?$AAe?$AAn?$AAt?$AA?5?$AAo?$AAn?$AAe?$AAx?$AAi?$AAt?$AA?5?$AAb?$AAe?$AAg@ 000000014000ece0     LIBCMT:crt0msg.obj
 0002:00000d48       ??_C@_1BO@BFCDCGC@?$AAD?$AAO?$AAM?$AAA?$AAI?$AAN?$AA?5?$AAe?$AAr?$AAr?$AAo?$AAr?$AA?$AN?$AA?6?$AA?$AA@ 000000014000ed48     LIBCMT:crt0msg.obj
 0002:00000d68       ??_C@_1BK@KMOMNAAI@?$AAS?$AAI?$AAN?$AAG?$AA?5?$AAe?$AAr?$AAr?$AAo?$AAr?$AA?$AN?$AA?6?$AA?$AA@ 000000014000ed68     LIBCMT:crt0msg.obj
 0002:00000d88       ??_C@_1BM@JBBEPPHI@?$AAT?$AAL?$AAO?$AAS?$AAS?$AA?5?$AAe?$AAr?$AAr?$AAo?$AAr?$AA?$AN?$AA?6?$AA?$AA@ 000000014000ed88     LIBCMT:crt0msg.obj
 0002:00000da4       ??_C@_15JNBOKNOG@?$AA?$AN?$AA?6?$AA?$AA@ 000000014000eda4     LIBCMT:crt0msg.obj
 0002:00000db0       ??_C@_1BO@BKOMIGKJ@?$AAr?$AAu?$AAn?$AAt?$AAi?$AAm?$AAe?$AA?5?$AAe?$AAr?$AAr?$AAo?$AAr?$AA?5?$AA?$AA@ 000000014000edb0     LIBCMT:crt0msg.obj
 0002:00000dd0       ??_C@_1DE@JNGNBFGO@?$AAR?$AAu?$AAn?$AAt?$AAi?$AAm?$AAe?$AA?5?$AAE?$AAr?$AAr?$AAo?$AAr?$AA?$CB?$AA?6?$AA?6?$AAP?$AAr?$AAo?$AAg?$AAr?$AAa?$AAm?$AA?3?$AA?5?$AA?$AA@ 000000014000edd0     LIBCMT:crt0msg.obj
 0002:00000e08       ??_C@_1CO@EAEJAADC@?$AA?$DM?$AAp?$AAr?$AAo?$AAg?$AAr?$AAa?$AAm?$AA?5?$AAn?$AAa?$AAm?$AAe?$AA?5?$AAu?$AAn?$AAk?$AAn?$AAo?$AAw?$AAn?$AA?$DO?$AA?$AA@ 000000014000ee08     LIBCMT:crt0msg.obj
 0002:00000e38       ??_C@_17LGKOMLJ@?$AA?4?$AA?4?$AA?4?$AA?$AA@ 000000014000ee38     LIBCMT:crt0msg.obj
 0002:00000e40       ??_C@_15IABLJNFO@?$AA?6?$AA?6?$AA?$AA@ 000000014000ee40     LIBCMT:crt0msg.obj
 0002:00000e50       ??_C@_1EK@MBDPDCGA@?$AAM?$AAi?$AAc?$AAr?$AAo?$AAs?$AAo?$AAf?$AAt?$AA?5?$AAV?$AAi?$AAs?$AAu?$AAa?$AAl?$AA?5?$AAC?$AA?$CL?$AA?$CL?$AA?5?$AAR?$AAu?$AAn?$AAt?$AAi?$AAm?$AAe?$AA?5?$AAL?$AAi?$AAb@ 000000014000ee50     LIBCMT:crt0msg.obj
 0002:00000ea0       _XcptActTab                000000014000eea0     LIBCMT:winxfltr.obj
 0002:00000f60       _XcptActTabCount           000000014000ef60     LIBCMT:winxfltr.obj
 0002:00000f64       _XcptActTabSize            000000014000ef64     LIBCMT:winxfltr.obj
 0002:00000f68       _First_FPE_Indx            000000014000ef68     LIBCMT:winxfltr.obj
 0002:00000f6c       _Num_FPE                   000000014000ef6c     LIBCMT:winxfltr.obj
 0002:00000f70       ??_C@_1BK@MGMFAEKH@?$AAk?$AAe?$AAr?$AAn?$AAe?$AAl?$AA3?$AA2?$AA?4?$AAd?$AAl?$AAl?$AA?$AA@ 000000014000ef70     LIBCMT:winapisupp.obj
 0002:00000f90       ??_C@_08KNHFBNJ@FlsAlloc?$AA@ 000000014000ef90     LIBCMT:winapisupp.obj
 0002:00000fa0       ??_C@_07PEJMOBNF@FlsFree?$AA@ 000000014000efa0     LIBCMT:winapisupp.obj
 0002:00000fa8       ??_C@_0M@GDNOONDI@FlsGetValue?$AA@ 000000014000efa8     LIBCMT:winapisupp.obj
 0002:00000fb8       ??_C@_0M@JCPCPOEF@FlsSetValue?$AA@ 000000014000efb8     LIBCMT:winapisupp.obj
 0002:00000fc8       ??_C@_0BM@HCFOFFN@InitializeCriticalSectionEx?$AA@ 000000014000efc8     LIBCMT:winapisupp.obj
 0002:00000fe8       ??_C@_0P@DLHPPCNH@CreateEventExW?$AA@ 000000014000efe8     LIBCMT:winapisupp.obj
 0002:00000ff8       ??_C@_0BD@KIEEOEEH@CreateSemaphoreExW?$AA@ 000000014000eff8     LIBCMT:winapisupp.obj
 0002:00001010       ??_C@_0BI@BKLFFAPO@SetThreadStackGuarantee?$AA@ 000000014000f010     LIBCMT:winapisupp.obj
 0002:00001028       ??_C@_0BG@OGFAJCKC@CreateThreadpoolTimer?$AA@ 000000014000f028     LIBCMT:winapisupp.obj
 0002:00001040       ??_C@_0BD@LPLEMMDI@SetThreadpoolTimer?$AA@ 000000014000f040     LIBCMT:winapisupp.obj
 0002:00001058       ??_C@_0CA@FMNJENH@WaitForThreadpoolTimerCallbacks?$AA@ 000000014000f058     LIBCMT:winapisupp.obj
 0002:00001078       ??_C@_0BF@DCFCCNOC@CloseThreadpoolTimer?$AA@ 000000014000f078     LIBCMT:winapisupp.obj
 0002:00001090       ??_C@_0BF@FLABGKKM@CreateThreadpoolWait?$AA@ 000000014000f090     LIBCMT:winapisupp.obj
 0002:000010a8       ??_C@_0BC@MGCOHNA@SetThreadpoolWait?$AA@ 000000014000f0a8     LIBCMT:winapisupp.obj
 0002:000010c0       ??_C@_0BE@OCIOMIMP@CloseThreadpoolWait?$AA@ 000000014000f0c0     LIBCMT:winapisupp.obj
 0002:000010d8       ??_C@_0BJ@LKGHFHBO@FlushProcessWriteBuffers?$AA@ 000000014000f0d8     LIBCMT:winapisupp.obj
 0002:000010f8       ??_C@_0BP@KALKKPMO@FreeLibraryWhenCallbackReturns?$AA@ 000000014000f0f8     LIBCMT:winapisupp.obj
 0002:00001118       ??_C@_0BK@DFNBACLA@GetCurrentProcessorNumber?$AA@ 000000014000f118     LIBCMT:winapisupp.obj
 0002:00001138       ??_C@_0BP@KHGALBC@GetLogicalProcessorInformation?$AA@ 000000014000f138     LIBCMT:winapisupp.obj
 0002:00001158       ??_C@_0BE@FKKLLFLM@CreateSymbolicLinkW?$AA@ 000000014000f158     LIBCMT:winapisupp.obj
 0002:00001170       ??_C@_0BJ@OHNKDLIJ@SetDefaultDllDirectories?$AA@ 000000014000f170     LIBCMT:winapisupp.obj
 0002:00001190       ??_C@_0BE@LJANKFHF@EnumSystemLocalesEx?$AA@ 000000014000f190     LIBCMT:winapisupp.obj
 0002:000011a8       ??_C@_0BA@IHGNDAEB@CompareStringEx?$AA@ 000000014000f1a8     LIBCMT:winapisupp.obj
 0002:000011b8       ??_C@_0BA@EPCJIIPD@GetDateFormatEx?$AA@ 000000014000f1b8     LIBCMT:winapisupp.obj
 0002:000011c8       ??_C@_0BA@ONOKGCMP@GetLocaleInfoEx?$AA@ 000000014000f1c8     LIBCMT:winapisupp.obj
 0002:000011d8       ??_C@_0BA@CIJJKCJJ@GetTimeFormatEx?$AA@ 000000014000f1d8     LIBCMT:winapisupp.obj
 0002:000011e8       ??_C@_0BJ@PBCCBIPI@GetUserDefaultLocaleName?$AA@ 000000014000f1e8     LIBCMT:winapisupp.obj
 0002:00001208       ??_C@_0BC@CELBKLLA@IsValidLocaleName?$AA@ 000000014000f208     LIBCMT:winapisupp.obj
 0002:00001220       ??_C@_0O@KKBNKAPF@LCMapStringEx?$AA@ 000000014000f220     LIBCMT:winapisupp.obj
 0002:00001230       ??_C@_0BE@JOGNEJCI@GetCurrentPackageId?$AA@ 000000014000f230     LIBCMT:winapisupp.obj
 0002:00001248       ??_C@_0P@CDHHOHKP@GetTickCount64?$AA@ 000000014000f248     LIBCMT:winapisupp.obj
 0002:00001258       ??_C@_0BO@KPCLFDJJ@GetFileInformationByHandleExW?$AA@ 000000014000f258     LIBCMT:winapisupp.obj
 0002:00001278       ??_C@_0BM@MHIDLABK@SetFileInformationByHandleW?$AA@ 000000014000f278     LIBCMT:winapisupp.obj
 0002:000012a0       __lookuptable_s            000000014000f2a0     LIBCMT:outputs.obj
 0002:00001320       ??_C@_1M@HPNHIDJI@?$AAj?$AAa?$AA?9?$AAJ?$AAP?$AA?$AA@ 000000014000f320     LIBCMT:mbctype.obj
 0002:00001330       ??_C@_1M@BIBDDEMK@?$AAz?$AAh?$AA?9?$AAC?$AAN?$AA?$AA@ 000000014000f330     LIBCMT:mbctype.obj
 0002:00001340       ??_C@_1M@JLOOOEGK@?$AAk?$AAo?$AA?9?$AAK?$AAR?$AA?$AA@ 000000014000f340     LIBCMT:mbctype.obj
 0002:00001350       ??_C@_1M@CLNBBOPM@?$AAz?$AAh?$AA?9?$AAT?$AAW?$AA?$AA@ 000000014000f350     LIBCMT:mbctype.obj
 0002:0000135c       ??_C@_03KOEHGMDN@Sun?$AA@  000000014000f35c     LIBCMT:nlsdata.obj
 0002:00001360       ??_C@_03PDAGKDH@Mon?$AA@   000000014000f360     LIBCMT:nlsdata.obj
 0002:00001364       ??_C@_03NAGEINEP@Tue?$AA@  000000014000f364     LIBCMT:nlsdata.obj
 0002:00001368       ??_C@_03MHOMLAJA@Wed?$AA@  000000014000f368     LIBCMT:nlsdata.obj
 0002:0000136c       ??_C@_03IOFIKPDN@Thu?$AA@  000000014000f36c     LIBCMT:nlsdata.obj
 0002:00001370       ??_C@_03IDIOELNC@Fri?$AA@  000000014000f370     LIBCMT:nlsdata.obj
 0002:00001374       ??_C@_03FEFJNEK@Sat?$AA@   000000014000f374     LIBCMT:nlsdata.obj
 0002:00001378       ??_C@_06OOPIFAJ@Sunday?$AA@ 000000014000f378     LIBCMT:nlsdata.obj
 0002:00001380       ??_C@_06JLEDEDGH@Monday?$AA@ 000000014000f380     LIBCMT:nlsdata.obj
 0002:00001388       ??_C@_07BAAGCFCM@Tuesday?$AA@ 000000014000f388     LIBCMT:nlsdata.obj
 0002:00001390       ??_C@_09DLIGFAKA@Wednesday?$AA@ 000000014000f390     LIBCMT:nlsdata.obj
 0002:000013a0       ??_C@_08HACCIKIA@Thursday?$AA@ 000000014000f3a0     LIBCMT:nlsdata.obj
 0002:000013ac       ??_C@_06JECMNKMI@Friday?$AA@ 000000014000f3ac     LIBCMT:nlsdata.obj
 0002:000013b8       ??_C@_08INBOOONO@Saturday?$AA@ 000000014000f3b8     LIBCMT:nlsdata.obj
 0002:000013c4       ??_C@_03JIHJHPIE@Jan?$AA@  000000014000f3c4     LIBCMT:nlsdata.obj
 0002:000013c8       ??_C@_03HJBDCHOM@Feb?$AA@  000000014000f3c8     LIBCMT:nlsdata.obj
 0002:000013cc       ??_C@_03ODNJBKGA@Mar?$AA@  000000014000f3cc     LIBCMT:nlsdata.obj
 0002:000013d0       ??_C@_03LEOLGMJP@Apr?$AA@  000000014000f3d0     LIBCMT:nlsdata.obj
 0002:000013d4       ??_C@_03CNMDKL@May?$AA@    000000014000f3d4     LIBCMT:nlsdata.obj
 0002:000013d8       ??_C@_03IDFGHECI@Jun?$AA@  000000014000f3d8     LIBCMT:nlsdata.obj
 0002:000013dc       ??_C@_03LBGABGKK@Jul?$AA@  000000014000f3dc     LIBCMT:nlsdata.obj
 0002:000013e0       ??_C@_03IFJFEIGA@Aug?$AA@  000000014000f3e0     LIBCMT:nlsdata.obj
 0002:000013e4       ??_C@_03GGCAPAJC@Sep?$AA@  000000014000f3e4     LIBCMT:nlsdata.obj
 0002:000013e8       ??_C@_03BMAOKBAD@Oct?$AA@  000000014000f3e8     LIBCMT:nlsdata.obj
 0002:000013ec       ??_C@_03JPJOFNIA@Nov?$AA@  000000014000f3ec     LIBCMT:nlsdata.obj
 0002:000013f0       ??_C@_03MKABNOCG@Dec?$AA@  000000014000f3f0     LIBCMT:nlsdata.obj
 0002:000013f8       ??_C@_07CGJPFGJA@January?$AA@ 000000014000f3f8     LIBCMT:nlsdata.obj
 0002:00001400       ??_C@_08GNJGEPFN@February?$AA@ 000000014000f400     LIBCMT:nlsdata.obj
 0002:0000140c       ??_C@_05HPCKOFNC@March?$AA@ 000000014000f40c     LIBCMT:nlsdata.obj
 0002:00001414       ??_C@_05DMJDNLEJ@April?$AA@ 000000014000f414     LIBCMT:nlsdata.obj
 0002:0000141c       ??_C@_04CNLMGBGM@June?$AA@ 000000014000f41c     LIBCMT:nlsdata.obj
 0002:00001424       ??_C@_04MIEPOIFP@July?$AA@ 000000014000f424     LIBCMT:nlsdata.obj
 0002:0000142c       ??_C@_06LBBHFDDG@August?$AA@ 000000014000f42c     LIBCMT:nlsdata.obj
 0002:00001438       ??_C@_09BHHEALKD@September?$AA@ 000000014000f438     LIBCMT:nlsdata.obj
 0002:00001448       ??_C@_07JJNFCEND@October?$AA@ 000000014000f448     LIBCMT:nlsdata.obj
 0002:00001450       ??_C@_08HCHEGEOA@November?$AA@ 000000014000f450     LIBCMT:nlsdata.obj
 0002:00001460       ??_C@_08EDHMEBNP@December?$AA@ 000000014000f460     LIBCMT:nlsdata.obj
 0002:0000146c       ??_C@_02DEDBPAFC@AM?$AA@   000000014000f46c     LIBCMT:nlsdata.obj
 0002:00001470       ??_C@_02CJNFDJBF@PM?$AA@   000000014000f470     LIBCMT:nlsdata.obj
 0002:00001478       ??_C@_08BPBNCDIB@MM?1dd?1yy?$AA@ 000000014000f478     LIBCMT:nlsdata.obj
 0002:00001488       ??_C@_0BE@CKGJFCPC@dddd?0?5MMMM?5dd?0?5yyyy?$AA@ 000000014000f488     LIBCMT:nlsdata.obj
 0002:000014a0       ??_C@_08JCCMCCIL@HH?3mm?3ss?$AA@ 000000014000f4a0     LIBCMT:nlsdata.obj
 0002:000014b0       ??_C@_17MBGCMIPB@?$AAS?$AAu?$AAn?$AA?$AA@ 000000014000f4b0     LIBCMT:nlsdata.obj
 0002:000014b8       ??_C@_17KBOMKBF@?$AAM?$AAo?$AAn?$AA?$AA@ 000000014000f4b8     LIBCMT:nlsdata.obj
 0002:000014c0       ??_C@_17BMKGEGOJ@?$AAT?$AAu?$AAe?$AA?$AA@ 000000014000f4c0     LIBCMT:nlsdata.obj
 0002:000014c8       ??_C@_17CJEDCEPE@?$AAW?$AAe?$AAd?$AA?$AA@ 000000014000f4c8     LIBCMT:nlsdata.obj
 0002:000014d0       ??_C@_17PDPHAADD@?$AAT?$AAh?$AAu?$AA?$AA@ 000000014000f4d0     LIBCMT:nlsdata.obj
 0002:000014d8       ??_C@_17HFOLPPLP@?$AAF?$AAr?$AAi?$AA?$AA@ 000000014000f4d8     LIBCMT:nlsdata.obj
 0002:000014e0       ??_C@_17GGIBDPIH@?$AAS?$AAa?$AAt?$AA?$AA@ 000000014000f4e0     LIBCMT:nlsdata.obj
 0002:000014e8       ??_C@_1O@IHNHDHPB@?$AAS?$AAu?$AAn?$AAd?$AAa?$AAy?$AA?$AA@ 000000014000f4e8     LIBCMT:nlsdata.obj
 0002:000014f8       ??_C@_1O@MMNBFLIA@?$AAM?$AAo?$AAn?$AAd?$AAa?$AAy?$AA?$AA@ 000000014000f4f8     LIBCMT:nlsdata.obj
 0002:00001508       ??_C@_1BA@ENFBFFEK@?$AAT?$AAu?$AAe?$AAs?$AAd?$AAa?$AAy?$AA?$AA@ 000000014000f508     LIBCMT:nlsdata.obj
 0002:00001518       ??_C@_1BE@EBOGMDOH@?$AAW?$AAe?$AAd?$AAn?$AAe?$AAs?$AAd?$AAa?$AAy?$AA?$AA@ 000000014000f518     LIBCMT:nlsdata.obj
 0002:00001530       ??_C@_1BC@HHMNLIHE@?$AAT?$AAh?$AAu?$AAr?$AAs?$AAd?$AAa?$AAy?$AA?$AA@ 000000014000f530     LIBCMT:nlsdata.obj
 0002:00001548       ??_C@_1O@PDICJHAG@?$AAF?$AAr?$AAi?$AAd?$AAa?$AAy?$AA?$AA@ 000000014000f548     LIBCMT:nlsdata.obj
 0002:00001558       ??_C@_1BC@ENMNNPAJ@?$AAS?$AAa?$AAt?$AAu?$AAr?$AAd?$AAa?$AAy?$AA?$AA@ 000000014000f558     LIBCMT:nlsdata.obj
 0002:00001570       ??_C@_17DKNBKCHM@?$AAJ?$AAa?$AAn?$AA?$AA@ 000000014000f570     LIBCMT:nlsdata.obj
 0002:00001578       ??_C@_17LMDJEKJN@?$AAF?$AAe?$AAb?$AA?$AA@ 000000014000f578     LIBCMT:nlsdata.obj
 0002:00001580       ??_C@_17CKNLEDEC@?$AAM?$AAa?$AAr?$AA?$AA@ 000000014000f580     LIBCMT:nlsdata.obj
 0002:00001588       ??_C@_17LFPOIHDD@?$AAA?$AAp?$AAr?$AA?$AA@ 000000014000f588     LIBCMT:nlsdata.obj
 0002:00001590       ??_C@_17PNNKMEED@?$AAM?$AAa?$AAy?$AA?$AA@ 000000014000f590     LIBCMT:nlsdata.obj
 0002:00001598       ??_C@_17KCJGOCPB@?$AAJ?$AAu?$AAn?$AA?$AA@ 000000014000f598     LIBCMT:nlsdata.obj
 0002:000015a0       ??_C@_17IJPCKHK@?$AAJ?$AAu?$AAl?$AA?$AA@ 000000014000f5a0     LIBCMT:nlsdata.obj
 0002:000015a8       ??_C@_17ICPELBCN@?$AAA?$AAu?$AAg?$AA?$AA@ 000000014000f5a8     LIBCMT:nlsdata.obj
 0002:000015b0       ??_C@_17HCHCOKMG@?$AAS?$AAe?$AAp?$AA?$AA@ 000000014000f5b0     LIBCMT:nlsdata.obj
 0002:000015b8       ??_C@_17FNLKOI@?$AAO?$AAc?$AAt?$AA?$AA@ 000000014000f5b8     LIBCMT:nlsdata.obj
 0002:000015c0       ??_C@_17BBDMLCIG@?$AAN?$AAo?$AAv?$AA?$AA@ 000000014000f5c0     LIBCMT:nlsdata.obj
 0002:000015c8       ??_C@_17EGKACKIF@?$AAD?$AAe?$AAc?$AA?$AA@ 000000014000f5c8     LIBCMT:nlsdata.obj
 0002:000015d0       ??_C@_1BA@EFMEIEBA@?$AAJ?$AAa?$AAn?$AAu?$AAa?$AAr?$AAy?$AA?$AA@ 000000014000f5d0     LIBCMT:nlsdata.obj
 0002:000015e0       ??_C@_1BC@JGDDFFAM@?$AAF?$AAe?$AAb?$AAr?$AAu?$AAa?$AAr?$AAy?$AA?$AA@ 000000014000f5e0     LIBCMT:nlsdata.obj
 0002:000015f8       ??_C@_1M@IKEENEDF@?$AAM?$AAa?$AAr?$AAc?$AAh?$AA?$AA@ 000000014000f5f8     LIBCMT:nlsdata.obj
 0002:00001608       ??_C@_1M@GJNLMHFD@?$AAA?$AAp?$AAr?$AAi?$AAl?$AA?$AA@ 000000014000f608     LIBCMT:nlsdata.obj
 0002:00001618       ??_C@_19EPFLPGAP@?$AAJ?$AAu?$AAn?$AAe?$AA?$AA@ 000000014000f618     LIBCMT:nlsdata.obj
 0002:00001628       ??_C@_19BIFMLPCD@?$AAJ?$AAu?$AAl?$AAy?$AA?$AA@ 000000014000f628     LIBCMT:nlsdata.obj
 0002:00001638       ??_C@_1O@PAHLKOAC@?$AAA?$AAu?$AAg?$AAu?$AAs?$AAt?$AA?$AA@ 000000014000f638     LIBCMT:nlsdata.obj
 0002:00001648       ??_C@_1BE@DKAAMBJL@?$AAS?$AAe?$AAp?$AAt?$AAe?$AAm?$AAb?$AAe?$AAr?$AA?$AA@ 000000014000f648     LIBCMT:nlsdata.obj
 0002:00001660       ??_C@_1BA@EPANDLNG@?$AAO?$AAc?$AAt?$AAo?$AAb?$AAe?$AAr?$AA?$AA@ 000000014000f660     LIBCMT:nlsdata.obj
 0002:00001670       ??_C@_1BC@BGLIFPF@?$AAN?$AAo?$AAv?$AAe?$AAm?$AAb?$AAe?$AAr?$AA?$AA@ 000000014000f670     LIBCMT:nlsdata.obj
 0002:00001688       ??_C@_1BC@FEMKIFH@?$AAD?$AAe?$AAc?$AAe?$AAm?$AAb?$AAe?$AAr?$AA?$AA@ 000000014000f688     LIBCMT:nlsdata.obj
 0002:0000169c       ??_C@_15ODEHAHHF@?$AAA?$AAM?$AA?$AA@ 000000014000f69c     LIBCMT:nlsdata.obj
 0002:000016a4       ??_C@_15CLMNNGEL@?$AAP?$AAM?$AA?$AA@ 000000014000f6a4     LIBCMT:nlsdata.obj
 0002:000016b0       ??_C@_1BC@IEBCMHCM@?$AAM?$AAM?$AA?1?$AAd?$AAd?$AA?1?$AAy?$AAy?$AA?$AA@ 000000014000f6b0     LIBCMT:nlsdata.obj
 0002:000016c8       ??_C@_1CI@KNAKOEBC@?$AAd?$AAd?$AAd?$AAd?$AA?0?$AA?5?$AAM?$AAM?$AAM?$AAM?$AA?5?$AAd?$AAd?$AA?0?$AA?5?$AAy?$AAy?$AAy?$AAy?$AA?$AA@ 000000014000f6c8     LIBCMT:nlsdata.obj
 0002:000016f0       ??_C@_1BC@GDGBMEMK@?$AAH?$AAH?$AA?3?$AAm?$AAm?$AA?3?$AAs?$AAs?$AA?$AA@ 000000014000f6f0     LIBCMT:nlsdata.obj
 0002:00001708       ??_C@_1M@BMHNFIME@?$AAe?$AAn?$AA?9?$AAU?$AAS?$AA?$AA@ 000000014000f708     LIBCMT:nlsdata.obj
 0002:00001718       ??_C@_1BG@GOEBHBDC@?$AAU?$AAS?$AAE?$AAR?$AA3?$AA2?$AA?4?$AAD?$AAL?$AAL?$AA?$AA@ 000000014000f718     LIBCMT:crtmboxw.obj
 0002:00001730       ??_C@_0M@DLDCCGNP@MessageBoxW?$AA@ 000000014000f730     LIBCMT:crtmboxw.obj
 0002:00001740       ??_C@_0BA@HNOPNCHB@GetActiveWindow?$AA@ 000000014000f740     LIBCMT:crtmboxw.obj
 0002:00001750       ??_C@_0BD@HHGDFDBJ@GetLastActivePopup?$AA@ 000000014000f750     LIBCMT:crtmboxw.obj
 0002:00001768       ??_C@_0BK@DEKFELLI@GetUserObjectInformationW?$AA@ 000000014000f768     LIBCMT:crtmboxw.obj
 0002:00001788       ??_C@_0BI@DFKBFLJE@GetProcessWindowStation?$AA@ 000000014000f788     LIBCMT:crtmboxw.obj
 0002:000017b0       __newctype                 000000014000f7b0     LIBCMT:ctype.obj
 0002:00001ab0       _wctype                    000000014000fab0     LIBCMT:ctype.obj
 0002:00001cc0       __newclmap                 000000014000fcc0     LIBCMT:ctype.obj
 0002:00001e40       __newcumap                 000000014000fe40     LIBCMT:ctype.obj
 0002:00001fc0       LcidToLocaleNameTable      000000014000ffc0     LIBCMT:winapinls.obj
 0002:00002e00       LocaleNameToIndexTable     0000000140010e00     LIBCMT:winapinls.obj
 0002:00003c40       ??_C@_15EMKDOKLE@?$AAa?$AAr?$AA?$AA@ 0000000140011c40     LIBCMT:winapinls.obj
 0002:00003c48       ??_C@_15KNPADPLH@?$AAb?$AAg?$AA?$AA@ 0000000140011c48     LIBCMT:winapinls.obj
 0002:00003c50       ??_C@_15EDMHLDMO@?$AAc?$AAa?$AA?$AA@ 0000000140011c50     LIBCMT:winapinls.obj
 0002:00003c58       ??_C@_1O@BPEAJADD@?$AAz?$AAh?$AA?9?$AAC?$AAH?$AAS?$AA?$AA@ 0000000140011c58     LIBCMT:winapinls.obj
 0002:00003c68       ??_C@_15LJNHCMNK@?$AAc?$AAs?$AA?$AA@ 0000000140011c68     LIBCMT:winapinls.obj
 0002:00003c70       ??_C@_15FOMCIDHG@?$AAd?$AAa?$AA?$AA@ 0000000140011c70     LIBCMT:winapinls.obj
 0002:00003c78       ??_C@_15NBKABECB@?$AAd?$AAe?$AA?$AA@ 0000000140011c78     LIBCMT:winapinls.obj
 0002:00003c80       ??_C@_15GHPEIIAO@?$AAe?$AAl?$AA?$AA@ 0000000140011c80     LIBCMT:winapinls.obj
 0002:00003c88       ??_C@_15MNPNEAIF@?$AAe?$AAn?$AA?$AA@ 0000000140011c88     LIBCMT:winapinls.obj
 0002:00003c90       ??_C@_15GPIOMPMH@?$AAe?$AAs?$AA?$AA@ 0000000140011c90     LIBCMT:winapinls.obj
 0002:00003c98       ??_C@_15NGLOAKJC@?$AAf?$AAi?$AA?$AA@ 0000000140011c98     LIBCMT:winapinls.obj
 0002:00003ca0       ??_C@_15FBKGNKAM@?$AAf?$AAr?$AA?$AA@ 0000000140011ca0     LIBCMT:winapinls.obj
 0002:00003ca8       ??_C@_15KGGCNEFK@?$AAh?$AAe?$AA?$AA@ 0000000140011ca8     LIBCMT:winapinls.obj
 0002:00003cb0       ??_C@_15PGHLIDMF@?$AAh?$AAu?$AA?$AA@ 0000000140011cb0     LIBCMT:winapinls.obj
 0002:00003cb8       ??_C@_15BIEMAPLM@?$AAi?$AAs?$AA?$AA@ 0000000140011cb8     LIBCMT:winapinls.obj
 0002:00003cc0       ??_C@_15IFJLDHAF@?$AAi?$AAt?$AA?$AA@ 0000000140011cc0     LIBCMT:winapinls.obj
 0002:00003cc8       ??_C@_15GEMIOCAG@?$AAj?$AAa?$AA?$AA@ 0000000140011cc8     LIBCMT:winapinls.obj
 0002:00003cd0       ??_C@_15EPELEGJA@?$AAk?$AAo?$AA?$AA@ 0000000140011cd0     LIBCMT:winapinls.obj
 0002:00003cd8       ??_C@_15NDDHIMN@?$AAn?$AAl?$AA?$AA@ 0000000140011cd8     LIBCMT:winapinls.obj
 0002:00003ce0       ??_C@_15BPIGNHCD@?$AAn?$AAo?$AA?$AA@ 0000000140011ce0     LIBCMT:winapinls.obj
 0002:00003ce8       ??_C@_15DEOPBLCG@?$AAp?$AAl?$AA?$AA@ 0000000140011ce8     LIBCMT:winapinls.obj
 0002:00003cf0       ??_C@_15KBECGEFG@?$AAp?$AAt?$AA?$AA@ 0000000140011cf0     LIBCMT:winapinls.obj
 0002:00003cf8       ??_C@_15GLJCBFMD@?$AAr?$AAo?$AA?$AA@ 0000000140011cf8     LIBCMT:winapinls.obj
 0002:00003d00       ??_C@_15FEDGKCDI@?$AAr?$AAu?$AA?$AA@ 0000000140011d00     LIBCMT:winapinls.obj
 0002:00003d08       ??_C@_15GLKMLLHM@?$AAh?$AAr?$AA?$AA@ 0000000140011d08     LIBCMT:winapinls.obj
 0002:00003d10       ??_C@_15CPKMFBDB@?$AAs?$AAk?$AA?$AA@ 0000000140011d10     LIBCMT:winapinls.obj
 0002:00003d18       ??_C@_15BAAIOGMK@?$AAs?$AAq?$AA?$AA@ 0000000140011d18     LIBCMT:winapinls.obj
 0002:00003d20       ??_C@_15INNPNOHD@?$AAs?$AAv?$AA?$AA@ 0000000140011d20     LIBCMT:winapinls.obj
 0002:00003d28       ??_C@_15CABMMOGH@?$AAt?$AAh?$AA?$AA@ 0000000140011d28     LIBCMT:winapinls.obj
 0002:00003d30       ??_C@_15BPLIHJJM@?$AAt?$AAr?$AA?$AA@ 0000000140011d30     LIBCMT:winapinls.obj
 0002:00003d38       ??_C@_15NEOEKKDJ@?$AAu?$AAr?$AA?$AA@ 0000000140011d38     LIBCMT:winapinls.obj
 0002:00003d40       ??_C@_15NFICGAJK@?$AAi?$AAd?$AA?$AA@ 0000000140011d40     LIBCMT:winapinls.obj
 0002:00003d48       ??_C@_15PJPFLCCM@?$AAu?$AAk?$AA?$AA@ 0000000140011d48     LIBCMT:winapinls.obj
 0002:00003d50       ??_C@_15HPJPHDM@?$AAb?$AAe?$AA?$AA@ 0000000140011d50     LIBCMT:winapinls.obj
 0002:00003d58       ??_C@_15LCHLGJII@?$AAs?$AAl?$AA?$AA@ 0000000140011d58     LIBCMT:winapinls.obj
 0002:00003d60       ??_C@_15PCFJPHHO@?$AAe?$AAt?$AA?$AA@ 0000000140011d60     LIBCMT:winapinls.obj
 0002:00003d68       ??_C@_15HPFPGODN@?$AAl?$AAv?$AA?$AA@ 0000000140011d68     LIBCMT:winapinls.obj
 0002:00003d70       ??_C@_15NFFGKGLG@?$AAl?$AAt?$AA?$AA@ 0000000140011d70     LIBCMT:winapinls.obj
 0002:00003d78       ??_C@_15BDAKCCHN@?$AAf?$AAa?$AA?$AA@ 0000000140011d78     LIBCMT:winapinls.obj
 0002:00003d80       ??_C@_15NFGIAIAJ@?$AAv?$AAi?$AA?$AA@ 0000000140011d80     LIBCMT:winapinls.obj
 0002:00003d88       ??_C@_15LMKNDMHN@?$AAh?$AAy?$AA?$AA@ 0000000140011d88     LIBCMT:winapinls.obj
 0002:00003d90       ??_C@_15IJBHMCFL@?$AAa?$AAz?$AA?$AA@ 0000000140011d90     LIBCMT:winapinls.obj
 0002:00003d98       ??_C@_15EKOFJABL@?$AAe?$AAu?$AA?$AA@ 0000000140011d98     LIBCMT:winapinls.obj
 0002:00003da0       ??_C@_15BGHADCNK@?$AAm?$AAk?$AA?$AA@ 0000000140011da0     LIBCMT:winapinls.obj
 0002:00003da8       ??_C@_15JDNICKHM@?$AAa?$AAf?$AA?$AA@ 0000000140011da8     LIBCMT:winapinls.obj
 0002:00003db0       ??_C@_15KPJEDBKD@?$AAk?$AAa?$AA?$AA@ 0000000140011db0     LIBCMT:winapinls.obj
 0002:00003db8       ??_C@_15PDNFFFEO@?$AAf?$AAo?$AA?$AA@ 0000000140011db8     LIBCMT:winapinls.obj
 0002:00003dc0       ??_C@_15OMLEGLOC@?$AAh?$AAi?$AA?$AA@ 0000000140011dc0     LIBCMT:winapinls.obj
 0002:00003dc8       ??_C@_15IDNNENKK@?$AAm?$AAs?$AA?$AA@ 0000000140011dc8     LIBCMT:winapinls.obj
 0002:00003dd0       ??_C@_15MACJNBMH@?$AAk?$AAk?$AA?$AA@ 0000000140011dd0     LIBCMT:winapinls.obj
 0002:00003dd8       ??_C@_15DKDJEOND@?$AAk?$AAy?$AA?$AA@ 0000000140011dd8     LIBCMT:winapinls.obj
 0002:00003de0       ??_C@_15DFGDLJBG@?$AAs?$AAw?$AA?$AA@ 0000000140011de0     LIBCMT:winapinls.obj
 0002:00003de8       ??_C@_15BBFAICNG@?$AAu?$AAz?$AA?$AA@ 0000000140011de8     LIBCMT:winapinls.obj
 0002:00003df0       ??_C@_15DKNDCGEA@?$AAt?$AAt?$AA?$AA@ 0000000140011df0     LIBCMT:winapinls.obj
 0002:00003df8       ??_C@_15MGIFMDPL@?$AAp?$AAa?$AA?$AA@ 0000000140011df8     LIBCMT:winapinls.obj
 0002:00003e00       ??_C@_15HCNDBBA@?$AAg?$AAu?$AA?$AA@ 0000000140011e00     LIBCMT:winapinls.obj
 0002:00003e08       ??_C@_15FNBEIBON@?$AAt?$AAa?$AA?$AA@ 0000000140011e08     LIBCMT:winapinls.obj
 0002:00003e10       ??_C@_15NCHGBGLK@?$AAt?$AAe?$AA?$AA@ 0000000140011e10     LIBCMT:winapinls.obj
 0002:00003e18       ??_C@_15PHPHCBPF@?$AAk?$AAn?$AA?$AA@ 0000000140011e18     LIBCMT:winapinls.obj
 0002:00003e20       ??_C@_15DLGBCKMP@?$AAm?$AAr?$AA?$AA@ 0000000140011e20     LIBCMT:winapinls.obj
 0002:00003e28       ??_C@_15EABBLBFF@?$AAs?$AAa?$AA?$AA@ 0000000140011e28     LIBCMT:winapinls.obj
 0002:00003e30       ??_C@_15CBKOMCOI@?$AAm?$AAn?$AA?$AA@ 0000000140011e30     LIBCMT:winapinls.obj
 0002:00003e38       ??_C@_15CKDMCJAF@?$AAg?$AAl?$AA?$AA@ 0000000140011e38     LIBCMT:winapinls.obj
 0002:00003e40       ??_C@_17CNJFBPG@?$AAk?$AAo?$AAk?$AA?$AA@ 0000000140011e40     LIBCMT:winapinls.obj
 0002:00003e48       ??_C@_17FFBJICPL@?$AAs?$AAy?$AAr?$AA?$AA@ 0000000140011e48     LIBCMT:winapinls.obj
 0002:00003e50       ??_C@_17KPNDCPAF@?$AAd?$AAi?$AAv?$AA?$AA@ 0000000140011e50     LIBCMT:winapinls.obj
 0002:00003e58       ??_C@_11LOCGONAA@?$AA?$AA@ 0000000140011e58     LIBCMT:winapinls.obj
 0002:00003e60       ??_C@_1M@OKAHONE@?$AAa?$AAr?$AA?9?$AAS?$AAA?$AA?$AA@ 0000000140011e60     LIBCMT:winapinls.obj
 0002:00003e70       ??_C@_1M@FFFIGIGK@?$AAb?$AAg?$AA?9?$AAB?$AAG?$AA?$AA@ 0000000140011e70     LIBCMT:winapinls.obj
 0002:00003e80       ??_C@_1M@BJNKEDC@?$AAc?$AAa?$AA?9?$AAE?$AAS?$AA?$AA@ 0000000140011e80     LIBCMT:winapinls.obj
 0002:00003e90       ??_C@_1M@IJJHFJHA@?$AAc?$AAs?$AA?9?$AAC?$AAZ?$AA?$AA@ 0000000140011e90     LIBCMT:winapinls.obj
 0002:00003ea0       ??_C@_1M@CLPEOBGI@?$AAd?$AAa?$AA?9?$AAD?$AAK?$AA?$AA@ 0000000140011ea0     LIBCMT:winapinls.obj
 0002:00003eb0       ??_C@_1M@MCMADGCB@?$AAd?$AAe?$AA?9?$AAD?$AAE?$AA?$AA@ 0000000140011eb0     LIBCMT:winapinls.obj
 0002:00003ec0       ??_C@_1M@OOCKEMAM@?$AAe?$AAl?$AA?9?$AAG?$AAR?$AA?$AA@ 0000000140011ec0     LIBCMT:winapinls.obj
 0002:00003ed0       ??_C@_1M@DDNJFGID@?$AAf?$AAi?$AA?9?$AAF?$AAI?$AA?$AA@ 0000000140011ed0     LIBCMT:winapinls.obj
 0002:00003ee0       ??_C@_1M@GLIPPMAC@?$AAf?$AAr?$AA?9?$AAF?$AAR?$AA?$AA@ 0000000140011ee0     LIBCMT:winapinls.obj
 0002:00003ef0       ??_C@_1M@GFMCHPE@?$AAh?$AAe?$AA?9?$AAI?$AAL?$AA?$AA@ 0000000140011ef0     LIBCMT:winapinls.obj
 0002:00003f00       ??_C@_1M@MHLPGNKM@?$AAh?$AAu?$AA?9?$AAH?$AAU?$AA?$AA@ 0000000140011f00     LIBCMT:winapinls.obj
 0002:00003f10       ??_C@_1M@LPDDNNPN@?$AAi?$AAs?$AA?9?$AAI?$AAS?$AA?$AA@ 0000000140011f10     LIBCMT:winapinls.obj
 0002:00003f20       ??_C@_1M@MADIPODN@?$AAi?$AAt?$AA?9?$AAI?$AAT?$AA?$AA@ 0000000140011f20     LIBCMT:winapinls.obj
 0002:00003f30       ??_C@_1M@IHBJJGG@?$AAn?$AAl?$AA?9?$AAN?$AAL?$AA?$AA@ 0000000140011f30     LIBCMT:winapinls.obj
 0002:00003f40       ??_C@_1M@EANAGDL@?$AAn?$AAb?$AA?9?$AAN?$AAO?$AA?$AA@ 0000000140011f40     LIBCMT:winapinls.obj
 0002:00003f50       ??_C@_1M@NEIEMEGP@?$AAp?$AAl?$AA?9?$AAP?$AAL?$AA?$AA@ 0000000140011f50     LIBCMT:winapinls.obj
 0002:00003f60       ??_C@_1M@BOCFIGEP@?$AAp?$AAt?$AA?9?$AAB?$AAR?$AA?$AA@ 0000000140011f60     LIBCMT:winapinls.obj
 0002:00003f70       ??_C@_1M@IMPFOPBG@?$AAr?$AAo?$AA?9?$AAR?$AAO?$AA?$AA@ 0000000140011f70     LIBCMT:winapinls.obj
 0002:00003f80       ??_C@_1M@IDNNEJMM@?$AAr?$AAu?$AA?9?$AAR?$AAU?$AA?$AA@ 0000000140011f80     LIBCMT:winapinls.obj
 0002:00003f90       ??_C@_1M@LILEEOGM@?$AAh?$AAr?$AA?9?$AAH?$AAR?$AA?$AA@ 0000000140011f90     LIBCMT:winapinls.obj
 0002:00003fa0       ??_C@_1M@FKIFEHPB@?$AAs?$AAk?$AA?9?$AAS?$AAK?$AA?$AA@ 0000000140011fa0     LIBCMT:winapinls.obj
 0002:00003fb0       ??_C@_1M@LJMAMNPJ@?$AAs?$AAq?$AA?9?$AAA?$AAL?$AA?$AA@ 0000000140011fb0     LIBCMT:winapinls.obj
 0002:00003fc0       ??_C@_1M@GIAKDKJK@?$AAs?$AAv?$AA?9?$AAS?$AAE?$AA?$AA@ 0000000140011fc0     LIBCMT:winapinls.obj
 0002:00003fd0       ??_C@_1M@MKJKIKCL@?$AAt?$AAh?$AA?9?$AAT?$AAH?$AA?$AA@ 0000000140011fd0     LIBCMT:winapinls.obj
 0002:00003fe0       ??_C@_1M@MFLCCMPB@?$AAt?$AAr?$AA?9?$AAT?$AAR?$AA?$AA@ 0000000140011fe0     LIBCMT:winapinls.obj
 0002:00003ff0       ??_C@_1M@OIJHDKJN@?$AAu?$AAr?$AA?9?$AAP?$AAK?$AA?$AA@ 0000000140011ff0     LIBCMT:winapinls.obj
 0002:00004000       ??_C@_1M@LHIPCIEK@?$AAi?$AAd?$AA?9?$AAI?$AAD?$AA?$AA@ 0000000140012000     LIBCMT:winapinls.obj
 0002:00004010       ??_C@_1M@MFMOBGI@?$AAu?$AAk?$AA?9?$AAU?$AAA?$AA?$AA@ 0000000140012010     LIBCMT:winapinls.obj
 0002:00004020       ??_C@_1M@OBGLJIPL@?$AAb?$AAe?$AA?9?$AAB?$AAY?$AA?$AA@ 0000000140012020     LIBCMT:winapinls.obj
 0002:00004030       ??_C@_1M@BCFAJEAD@?$AAs?$AAl?$AA?9?$AAS?$AAI?$AA?$AA@ 0000000140012030     LIBCMT:winapinls.obj
 0002:00004040       ??_C@_1M@FKFFEDDN@?$AAe?$AAt?$AA?9?$AAE?$AAE?$AA?$AA@ 0000000140012040     LIBCMT:winapinls.obj
 0002:00004050       ??_C@_1M@KGKKAACI@?$AAl?$AAv?$AA?9?$AAL?$AAV?$AA?$AA@ 0000000140012050     LIBCMT:winapinls.obj
 0002:00004060       ??_C@_1M@IFGBIJO@?$AAl?$AAt?$AA?9?$AAL?$AAT?$AA?$AA@ 0000000140012060     LIBCMT:winapinls.obj
 0002:00004070       ??_C@_1M@FGEAHEDM@?$AAf?$AAa?$AA?9?$AAI?$AAR?$AA?$AA@ 0000000140012070     LIBCMT:winapinls.obj
 0002:00004080       ??_C@_1M@KBMAIBFN@?$AAv?$AAi?$AA?9?$AAV?$AAN?$AA?$AA@ 0000000140012080     LIBCMT:winapinls.obj
 0002:00004090       ??_C@_1M@GPCBKDJK@?$AAh?$AAy?$AA?9?$AAA?$AAM?$AA?$AA@ 0000000140012090     LIBCMT:winapinls.obj
 0002:000040a0       ??_C@_1BG@BECMDDJB@?$AAa?$AAz?$AA?9?$AAA?$AAZ?$AA?9?$AAL?$AAa?$AAt?$AAn?$AA?$AA@ 00000001400120a0     LIBCMT:winapinls.obj
 0002:000040b8       ??_C@_1M@MAOFCAEA@?$AAe?$AAu?$AA?9?$AAE?$AAS?$AA?$AA@ 00000001400120b8     LIBCMT:winapinls.obj
 0002:000040c8       ??_C@_1M@IGHABKPI@?$AAm?$AAk?$AA?9?$AAM?$AAK?$AA?$AA@ 00000001400120c8     LIBCMT:winapinls.obj
 0002:000040d8       ??_C@_1M@IAIGNEJG@?$AAt?$AAn?$AA?9?$AAZ?$AAA?$AA?$AA@ 00000001400120d8     LIBCMT:winapinls.obj
 0002:000040e8       ??_C@_1M@IIJCOJFA@?$AAx?$AAh?$AA?9?$AAZ?$AAA?$AA?$AA@ 00000001400120e8     LIBCMT:winapinls.obj
 0002:000040f8       ??_C@_1M@LGPJHNJH@?$AAz?$AAu?$AA?9?$AAZ?$AAA?$AA?$AA@ 00000001400120f8     LIBCMT:winapinls.obj
 0002:00004108       ??_C@_1M@HOKAOIO@?$AAa?$AAf?$AA?9?$AAZ?$AAA?$AA?$AA@ 0000000140012108     LIBCMT:winapinls.obj
 0002:00004118       ??_C@_1M@DPCLHLIE@?$AAk?$AAa?$AA?9?$AAG?$AAE?$AA?$AA@ 0000000140012118     LIBCMT:winapinls.obj
 0002:00004128       ??_C@_1M@BLKMHJBI@?$AAf?$AAo?$AA?9?$AAF?$AAO?$AA?$AA@ 0000000140012128     LIBCMT:winapinls.obj
 0002:00004138       ??_C@_1M@LGGJAPPB@?$AAh?$AAi?$AA?9?$AAI?$AAN?$AA?$AA@ 0000000140012138     LIBCMT:winapinls.obj
 0002:00004148       ??_C@_1M@FIKPIHFE@?$AAm?$AAt?$AA?9?$AAM?$AAT?$AA?$AA@ 0000000140012148     LIBCMT:winapinls.obj
 0002:00004158       ??_C@_1M@HEGGPBFA@?$AAs?$AAe?$AA?9?$AAN?$AAO?$AA?$AA@ 0000000140012158     LIBCMT:winapinls.obj
 0002:00004168       ??_C@_1M@EIBJEEPA@?$AAm?$AAs?$AA?9?$AAM?$AAY?$AA?$AA@ 0000000140012168     LIBCMT:winapinls.obj
 0002:00004178       ??_C@_1M@FHLBGMPP@?$AAk?$AAk?$AA?9?$AAK?$AAZ?$AA?$AA@ 0000000140012178     LIBCMT:winapinls.obj
 0002:00004188       ??_C@_1M@NGJJLCGI@?$AAk?$AAy?$AA?9?$AAK?$AAG?$AA?$AA@ 0000000140012188     LIBCMT:winapinls.obj
 0002:00004198       ??_C@_1M@GIENNBFC@?$AAs?$AAw?$AA?9?$AAK?$AAE?$AA?$AA@ 0000000140012198     LIBCMT:winapinls.obj
 0002:000041a8       ??_C@_1BG@NDGMJIMJ@?$AAu?$AAz?$AA?9?$AAU?$AAZ?$AA?9?$AAL?$AAa?$AAt?$AAn?$AA?$AA@ 00000001400121a8     LIBCMT:winapinls.obj
 0002:000041c0       ??_C@_1M@IDCCIHBC@?$AAt?$AAt?$AA?9?$AAR?$AAU?$AA?$AA@ 00000001400121c0     LIBCMT:winapinls.obj
 0002:000041d0       ??_C@_1M@LOICPMOJ@?$AAb?$AAn?$AA?9?$AAI?$AAN?$AA?$AA@ 00000001400121d0     LIBCMT:winapinls.obj
 0002:000041e0       ??_C@_1M@KPKKNEAH@?$AAp?$AAa?$AA?9?$AAI?$AAN?$AA?$AA@ 00000001400121e0     LIBCMT:winapinls.obj
 0002:000041f0       ??_C@_1M@PJGPPBOG@?$AAg?$AAu?$AA?9?$AAI?$AAN?$AA?$AA@ 00000001400121f0     LIBCMT:winapinls.obj
 0002:00004200       ??_C@_1M@KMKMOPHI@?$AAt?$AAa?$AA?9?$AAI?$AAN?$AA?$AA@ 0000000140012200     LIBCMT:winapinls.obj
 0002:00004210       ??_C@_1M@KFEHEPAC@?$AAt?$AAe?$AA?9?$AAI?$AAN?$AA?$AA@ 0000000140012210     LIBCMT:winapinls.obj
 0002:00004220       ??_C@_1M@CDCLMGHI@?$AAk?$AAn?$AA?9?$AAI?$AAN?$AA?$AA@ 0000000140012220     LIBCMT:winapinls.obj
 0002:00004230       ??_C@_1M@MIODLDKF@?$AAm?$AAl?$AA?9?$AAI?$AAN?$AA?$AA@ 0000000140012230     LIBCMT:winapinls.obj
 0002:00004240       ??_C@_1M@PBIEACPO@?$AAm?$AAr?$AA?9?$AAI?$AAN?$AA?$AA@ 0000000140012240     LIBCMT:winapinls.obj
 0002:00004250       ??_C@_1M@NIDEAGPH@?$AAs?$AAa?$AA?9?$AAI?$AAN?$AA?$AA@ 0000000140012250     LIBCMT:winapinls.obj
 0002:00004260       ??_C@_1M@FHIHCBIO@?$AAm?$AAn?$AA?9?$AAM?$AAN?$AA?$AA@ 0000000140012260     LIBCMT:winapinls.obj
 0002:00004270       ??_C@_1M@JAIJPENP@?$AAc?$AAy?$AA?9?$AAG?$AAB?$AA?$AA@ 0000000140012270     LIBCMT:winapinls.obj
 0002:00004280       ??_C@_1M@PHGFBEPN@?$AAg?$AAl?$AA?9?$AAE?$AAS?$AA?$AA@ 0000000140012280     LIBCMT:winapinls.obj
 0002:00004290       ??_C@_1O@KPIPDNCP@?$AAk?$AAo?$AAk?$AA?9?$AAI?$AAN?$AA?$AA@ 0000000140012290     LIBCMT:winapinls.obj
 0002:000042a0       ??_C@_1O@KNHJLDJA@?$AAs?$AAy?$AAr?$AA?9?$AAS?$AAY?$AA?$AA@ 00000001400122a0     LIBCMT:winapinls.obj
 0002:000042b0       ??_C@_1O@MKEKBLAH@?$AAd?$AAi?$AAv?$AA?9?$AAM?$AAV?$AA?$AA@ 00000001400122b0     LIBCMT:winapinls.obj
 0002:000042c0       ??_C@_1O@OHDCKDDF@?$AAq?$AAu?$AAz?$AA?9?$AAB?$AAO?$AA?$AA@ 00000001400122c0     LIBCMT:winapinls.obj
 0002:000042d0       ??_C@_1M@LEPJNLFD@?$AAn?$AAs?$AA?9?$AAZ?$AAA?$AA?$AA@ 00000001400122d0     LIBCMT:winapinls.obj
 0002:000042e0       ??_C@_1M@OMLEIIJB@?$AAm?$AAi?$AA?9?$AAN?$AAZ?$AA?$AA@ 00000001400122e0     LIBCMT:winapinls.obj
 0002:000042f0       ??_C@_1M@PMPEAILG@?$AAa?$AAr?$AA?9?$AAI?$AAQ?$AA?$AA@ 00000001400122f0     LIBCMT:winapinls.obj
 0002:00004300       ??_C@_1M@CNKPNOEE@?$AAd?$AAe?$AA?9?$AAC?$AAH?$AA?$AA@ 0000000140012300     LIBCMT:winapinls.obj
 0002:00004310       ??_C@_1M@LKMGMLKO@?$AAe?$AAn?$AA?9?$AAG?$AAB?$AA?$AA@ 0000000140012310     LIBCMT:winapinls.obj
 0002:00004320       ??_C@_1M@PGKJFFGL@?$AAe?$AAs?$AA?9?$AAM?$AAX?$AA?$AA@ 0000000140012320     LIBCMT:winapinls.obj
 0002:00004330       ??_C@_1M@DNNANBDC@?$AAf?$AAr?$AA?9?$AAB?$AAE?$AA?$AA@ 0000000140012330     LIBCMT:winapinls.obj
 0002:00004340       ??_C@_1M@HLGMDFHM@?$AAi?$AAt?$AA?9?$AAC?$AAH?$AA?$AA@ 0000000140012340     LIBCMT:winapinls.obj
 0002:00004350       ??_C@_1M@CLLBGJH@?$AAn?$AAl?$AA?9?$AAB?$AAE?$AA?$AA@ 0000000140012350     LIBCMT:winapinls.obj
 0002:00004360       ??_C@_1M@BODBOGLF@?$AAn?$AAn?$AA?9?$AAN?$AAO?$AA?$AA@ 0000000140012360     LIBCMT:winapinls.obj
 0002:00004370       ??_C@_1M@HFFAHKAD@?$AAp?$AAt?$AA?9?$AAP?$AAT?$AA?$AA@ 0000000140012370     LIBCMT:winapinls.obj
 0002:00004380       ??_C@_1BG@LNOAKHIE@?$AAs?$AAr?$AA?9?$AAS?$AAP?$AA?9?$AAL?$AAa?$AAt?$AAn?$AA?$AA@ 0000000140012380     LIBCMT:winapinls.obj
 0002:00004398       ??_C@_1M@HBMHBGAK@?$AAs?$AAv?$AA?9?$AAF?$AAI?$AA?$AA@ 0000000140012398     LIBCMT:winapinls.obj
 0002:000043a8       ??_C@_1BG@DGCJGJBE@?$AAa?$AAz?$AA?9?$AAA?$AAZ?$AA?9?$AAC?$AAy?$AAr?$AAl?$AA?$AA@ 00000001400123a8     LIBCMT:winapinls.obj
 0002:000043c0       ??_C@_1M@KEJDAAHB@?$AAs?$AAe?$AA?9?$AAS?$AAE?$AA?$AA@ 00000001400123c0     LIBCMT:winapinls.obj
 0002:000043d0       ??_C@_1M@HEIBJJAD@?$AAm?$AAs?$AA?9?$AAB?$AAN?$AA?$AA@ 00000001400123d0     LIBCMT:winapinls.obj
 0002:000043e0       ??_C@_1BG@PBGJMCEM@?$AAu?$AAz?$AA?9?$AAU?$AAZ?$AA?9?$AAC?$AAy?$AAr?$AAl?$AA?$AA@ 00000001400123e0     LIBCMT:winapinls.obj
 0002:000043f8       ??_C@_1O@LAOBCMDF@?$AAq?$AAu?$AAz?$AA?9?$AAE?$AAC?$AA?$AA@ 00000001400123f8     LIBCMT:winapinls.obj
 0002:00004408       ??_C@_1M@POEEMAIO@?$AAa?$AAr?$AA?9?$AAE?$AAG?$AA?$AA@ 0000000140012408     LIBCMT:winapinls.obj
 0002:00004418       ??_C@_1M@EFAKDEDL@?$AAz?$AAh?$AA?9?$AAH?$AAK?$AA?$AA@ 0000000140012418     LIBCMT:winapinls.obj
 0002:00004428       ??_C@_1M@HKKIJHGI@?$AAd?$AAe?$AA?9?$AAA?$AAT?$AA?$AA@ 0000000140012428     LIBCMT:winapinls.obj
 0002:00004438       ??_C@_1M@KBFBEHJF@?$AAe?$AAn?$AA?9?$AAA?$AAU?$AA?$AA@ 0000000140012438     LIBCMT:winapinls.obj
 0002:00004448       ??_C@_1M@MNPLFAAH@?$AAe?$AAs?$AA?9?$AAE?$AAS?$AA?$AA@ 0000000140012448     LIBCMT:winapinls.obj
 0002:00004458       ??_C@_1M@HJOOJFMA@?$AAf?$AAr?$AA?9?$AAC?$AAA?$AA?$AA@ 0000000140012458     LIBCMT:winapinls.obj
 0002:00004468       ??_C@_1BG@JPOFPNAB@?$AAs?$AAr?$AA?9?$AAS?$AAP?$AA?9?$AAC?$AAy?$AAr?$AAl?$AA?$AA@ 0000000140012468     LIBCMT:winapinls.obj
 0002:00004480       ??_C@_1M@LNFOCMOB@?$AAs?$AAe?$AA?9?$AAF?$AAI?$AA?$AA@ 0000000140012480     LIBCMT:winapinls.obj
 0002:00004490       ??_C@_1O@MGJBOAMB@?$AAq?$AAu?$AAz?$AA?9?$AAP?$AAE?$AA?$AA@ 0000000140012490     LIBCMT:winapinls.obj
 0002:000044a0       ??_C@_1M@GJINLBOK@?$AAa?$AAr?$AA?9?$AAL?$AAY?$AA?$AA@ 00000001400124a0     LIBCMT:winapinls.obj
 0002:000044b0       ??_C@_1M@GGMNHJNL@?$AAz?$AAh?$AA?9?$AAS?$AAG?$AA?$AA@ 00000001400124b0     LIBCMT:winapinls.obj
 0002:000044c0       ??_C@_1M@HOIKODND@?$AAd?$AAe?$AA?9?$AAL?$AAU?$AA?$AA@ 00000001400124c0     LIBCMT:winapinls.obj
 0002:000044d0       ??_C@_1M@DDOCCGFG@?$AAe?$AAn?$AA?9?$AAC?$AAA?$AA?$AA@ 00000001400124d0     LIBCMT:winapinls.obj
 0002:000044e0       ??_C@_1M@BNOEMJLF@?$AAe?$AAs?$AA?9?$AAG?$AAT?$AA?$AA@ 00000001400124e0     LIBCMT:winapinls.obj
 0002:000044f0       ??_C@_1M@EOGNKEK@?$AAf?$AAr?$AA?9?$AAC?$AAH?$AA?$AA@ 00000001400124f0     LIBCMT:winapinls.obj
 0002:00004500       ??_C@_1M@FLIDJFHL@?$AAh?$AAr?$AA?9?$AAB?$AAA?$AA?$AA@ 0000000140012500     LIBCMT:winapinls.obj
 0002:00004510       ??_C@_1O@FMCELNAJ@?$AAs?$AAm?$AAj?$AA?9?$AAN?$AAO?$AA?$AA@ 0000000140012510     LIBCMT:winapinls.obj
 0002:00004520       ??_C@_1M@JHGLJMGJ@?$AAa?$AAr?$AA?9?$AAD?$AAZ?$AA?$AA@ 0000000140012520     LIBCMT:winapinls.obj
 0002:00004530       ??_C@_1M@JKKFDCNP@?$AAz?$AAh?$AA?9?$AAM?$AAO?$AA?$AA@ 0000000140012530     LIBCMT:winapinls.obj
 0002:00004540       ??_C@_1M@GEEFALPE@?$AAd?$AAe?$AA?9?$AAL?$AAI?$AA?$AA@ 0000000140012540     LIBCMT:winapinls.obj
 0002:00004550       ??_C@_1M@IGEOFBG@?$AAe?$AAn?$AA?9?$AAN?$AAZ?$AA?$AA@ 0000000140012550     LIBCMT:winapinls.obj
 0002:00004560       ??_C@_1M@KDBONEHP@?$AAe?$AAs?$AA?9?$AAC?$AAR?$AA?$AA@ 0000000140012560     LIBCMT:winapinls.obj
 0002:00004570       ??_C@_1M@FHMDOHNN@?$AAf?$AAr?$AA?9?$AAL?$AAU?$AA?$AA@ 0000000140012570     LIBCMT:winapinls.obj
 0002:00004580       ??_C@_1BG@NFKKMAFG@?$AAb?$AAs?$AA?9?$AAB?$AAA?$AA?9?$AAL?$AAa?$AAt?$AAn?$AA?$AA@ 0000000140012580     LIBCMT:winapinls.obj
 0002:00004598       ??_C@_1O@IMNBEMCI@?$AAs?$AAm?$AAj?$AA?9?$AAS?$AAE?$AA?$AA@ 0000000140012598     LIBCMT:winapinls.obj
 0002:000045a8       ??_C@_1M@DHHMBNDP@?$AAa?$AAr?$AA?9?$AAM?$AAA?$AA?$AA@ 00000001400125a8     LIBCMT:winapinls.obj
 0002:000045b8       ??_C@_1M@BNBLJCGH@?$AAe?$AAn?$AA?9?$AAI?$AAE?$AA?$AA@ 00000001400125b8     LIBCMT:winapinls.obj
 0002:000045c8       ??_C@_1M@GEPAFMDL@?$AAe?$AAs?$AA?9?$AAP?$AAA?$AA?$AA@ 00000001400125c8     LIBCMT:winapinls.obj
 0002:000045d8       ??_C@_1M@OJONDMDL@?$AAf?$AAr?$AA?9?$AAM?$AAC?$AA?$AA@ 00000001400125d8     LIBCMT:winapinls.obj
 0002:000045e8       ??_C@_1BG@OBCNFJB@?$AAs?$AAr?$AA?9?$AAB?$AAA?$AA?9?$AAL?$AAa?$AAt?$AAn?$AA?$AA@ 00000001400125e8     LIBCMT:winapinls.obj
 0002:00004600       ??_C@_1O@KEMEEGPO@?$AAs?$AAm?$AAa?$AA?9?$AAN?$AAO?$AA?$AA@ 0000000140012600     LIBCMT:winapinls.obj
 0002:00004610       ??_C@_1M@ELMGFODK@?$AAa?$AAr?$AA?9?$AAT?$AAN?$AA?$AA@ 0000000140012610     LIBCMT:winapinls.obj
 0002:00004620       ??_C@_1M@BHDLHFAF@?$AAe?$AAn?$AA?9?$AAZ?$AAA?$AA?$AA@ 0000000140012620     LIBCMT:winapinls.obj
 0002:00004630       ??_C@_1M@BMGIGLIF@?$AAe?$AAs?$AA?9?$AAD?$AAO?$AA?$AA@ 0000000140012630     LIBCMT:winapinls.obj
 0002:00004640       ??_C@_1BG@CMBHIPBE@?$AAs?$AAr?$AA?9?$AAB?$AAA?$AA?9?$AAC?$AAy?$AAr?$AAl?$AA?$AA@ 0000000140012640     LIBCMT:winapinls.obj
 0002:00004658       ??_C@_1O@HEDBLHNP@?$AAs?$AAm?$AAa?$AA?9?$AAS?$AAE?$AA?$AA@ 0000000140012658     LIBCMT:winapinls.obj
 0002:00004668       ??_C@_1M@DAGCADIM@?$AAa?$AAr?$AA?9?$AAO?$AAM?$AA?$AA@ 0000000140012668     LIBCMT:winapinls.obj
 0002:00004678       ??_C@_1M@FODLMICG@?$AAe?$AAn?$AA?9?$AAJ?$AAM?$AA?$AA@ 0000000140012678     LIBCMT:winapinls.obj
 0002:00004688       ??_C@_1M@DNMLCIHB@?$AAe?$AAs?$AA?9?$AAV?$AAE?$AA?$AA@ 0000000140012688     LIBCMT:winapinls.obj
 0002:00004698       ??_C@_1O@EOKHMKJK@?$AAs?$AAm?$AAs?$AA?9?$AAF?$AAI?$AA?$AA@ 0000000140012698     LIBCMT:winapinls.obj
 0002:000046a8       ??_C@_1M@CAFJMKOF@?$AAa?$AAr?$AA?9?$AAY?$AAE?$AA?$AA@ 00000001400126a8     LIBCMT:winapinls.obj
 0002:000046b8       ??_C@_1M@CBFHIJLI@?$AAe?$AAn?$AA?9?$AAC?$AAB?$AA?$AA@ 00000001400126b8     LIBCMT:winapinls.obj
 0002:000046c8       ??_C@_1M@BGNFLDN@?$AAe?$AAs?$AA?9?$AAC?$AAO?$AA?$AA@ 00000001400126c8     LIBCMT:winapinls.obj
 0002:000046d8       ??_C@_1O@JMPHMAMC@?$AAs?$AAm?$AAn?$AA?9?$AAF?$AAI?$AA?$AA@ 00000001400126d8     LIBCMT:winapinls.obj
 0002:000046e8       ??_C@_1M@JLANABKE@?$AAa?$AAr?$AA?9?$AAS?$AAY?$AA?$AA@ 00000001400126e8     LIBCMT:winapinls.obj
 0002:000046f8       ??_C@_1M@HPKGCFGN@?$AAe?$AAn?$AA?9?$AAB?$AAZ?$AA?$AA@ 00000001400126f8     LIBCMT:winapinls.obj
 0002:00004708       ??_C@_1M@OLJCMLGM@?$AAe?$AAs?$AA?9?$AAP?$AAE?$AA?$AA@ 0000000140012708     LIBCMT:winapinls.obj
 0002:00004718       ??_C@_1M@MKKGFKLE@?$AAa?$AAr?$AA?9?$AAJ?$AAO?$AA?$AA@ 0000000140012718     LIBCMT:winapinls.obj
 0002:00004728       ??_C@_1M@EKPGLDNI@?$AAe?$AAn?$AA?9?$AAT?$AAT?$AA?$AA@ 0000000140012728     LIBCMT:winapinls.obj
 0002:00004738       ??_C@_1M@OONGHFHE@?$AAe?$AAs?$AA?9?$AAA?$AAR?$AA?$AA@ 0000000140012738     LIBCMT:winapinls.obj
 0002:00004748       ??_C@_1M@OOJFGBHE@?$AAa?$AAr?$AA?9?$AAL?$AAB?$AA?$AA@ 0000000140012748     LIBCMT:winapinls.obj
 0002:00004758       ??_C@_1M@GCEJHNEG@?$AAe?$AAn?$AA?9?$AAZ?$AAW?$AA?$AA@ 0000000140012758     LIBCMT:winapinls.obj
 0002:00004768       ??_C@_1M@JNOCAHJI@?$AAe?$AAs?$AA?9?$AAE?$AAC?$AA?$AA@ 0000000140012768     LIBCMT:winapinls.obj
 0002:00004778       ??_C@_1M@JEFHPGGB@?$AAa?$AAr?$AA?9?$AAK?$AAW?$AA?$AA@ 0000000140012778     LIBCMT:winapinls.obj
 0002:00004788       ??_C@_1M@MLKIBJOJ@?$AAe?$AAn?$AA?9?$AAP?$AAH?$AA?$AA@ 0000000140012788     LIBCMT:winapinls.obj
 0002:00004798       ??_C@_1M@BDNIPEND@?$AAe?$AAs?$AA?9?$AAC?$AAL?$AA?$AA@ 0000000140012798     LIBCMT:winapinls.obj
 0002:000047a8       ??_C@_1M@MPNMEKBD@?$AAa?$AAr?$AA?9?$AAA?$AAE?$AA?$AA@ 00000001400127a8     LIBCMT:winapinls.obj
 0002:000047b8       ??_C@_1M@KBJALCPI@?$AAe?$AAs?$AA?9?$AAU?$AAY?$AA?$AA@ 00000001400127b8     LIBCMT:winapinls.obj
 0002:000047c8       ??_C@_1M@LLCCOAGA@?$AAa?$AAr?$AA?9?$AAB?$AAH?$AA?$AA@ 00000001400127c8     LIBCMT:winapinls.obj
 0002:000047d8       ??_C@_1M@PBFNCDEL@?$AAe?$AAs?$AA?9?$AAP?$AAY?$AA?$AA@ 00000001400127d8     LIBCMT:winapinls.obj
 0002:000047e8       ??_C@_1M@EDGINPNP@?$AAa?$AAr?$AA?9?$AAQ?$AAA?$AA?$AA@ 00000001400127e8     LIBCMT:winapinls.obj
 0002:000047f8       ??_C@_1M@MKDBIIJI@?$AAe?$AAs?$AA?9?$AAB?$AAO?$AA?$AA@ 00000001400127f8     LIBCMT:winapinls.obj
 0002:00004808       ??_C@_1M@CPKKEBLD@?$AAe?$AAs?$AA?9?$AAS?$AAV?$AA?$AA@ 0000000140012808     LIBCMT:winapinls.obj
 0002:00004818       ??_C@_1M@NDBGMMJL@?$AAe?$AAs?$AA?9?$AAH?$AAN?$AA?$AA@ 0000000140012818     LIBCMT:winapinls.obj
 0002:00004828       ??_C@_1M@JIJIBHDP@?$AAe?$AAs?$AA?9?$AAN?$AAI?$AA?$AA@ 0000000140012828     LIBCMT:winapinls.obj
 0002:00004838       ??_C@_1M@CGFMKEEK@?$AAe?$AAs?$AA?9?$AAP?$AAR?$AA?$AA@ 0000000140012838     LIBCMT:winapinls.obj
 0002:00004848       ??_C@_1O@ICJHKIIK@?$AAz?$AAh?$AA?9?$AAC?$AAH?$AAT?$AA?$AA@ 0000000140012848     LIBCMT:winapinls.obj
 0002:00004858       ??_C@_15CLNEJCE@?$AAs?$AAr?$AA?$AA@ 0000000140012858     LIBCMT:winapinls.obj
 0002:00004860       ??_C@_1M@KAHEKEIG@?$AAa?$AAf?$AA?9?$AAz?$AAa?$AA?$AA@ 0000000140012860     LIBCMT:winapinls.obj
 0002:00004870       ??_C@_1M@GIECOABL@?$AAa?$AAr?$AA?9?$AAa?$AAe?$AA?$AA@ 0000000140012870     LIBCMT:winapinls.obj
 0002:00004880       ??_C@_1M@BMLMEKGI@?$AAa?$AAr?$AA?9?$AAb?$AAh?$AA?$AA@ 0000000140012880     LIBCMT:winapinls.obj
 0002:00004890       ??_C@_1M@DAPFDGGB@?$AAa?$AAr?$AA?9?$AAd?$AAz?$AA?$AA@ 0000000140012890     LIBCMT:winapinls.obj
 0002:000048a0       ??_C@_1M@FJNKGKIG@?$AAa?$AAr?$AA?9?$AAe?$AAg?$AA?$AA@ 00000001400128a0     LIBCMT:winapinls.obj
 0002:000048b0       ??_C@_1M@FLGKKCLO@?$AAa?$AAr?$AA?9?$AAi?$AAq?$AA?$AA@ 00000001400128b0     LIBCMT:winapinls.obj
 0002:000048c0       ??_C@_1M@GNDIPALM@?$AAa?$AAr?$AA?9?$AAj?$AAo?$AA?$AA@ 00000001400128c0     LIBCMT:winapinls.obj
 0002:000048d0       ??_C@_1M@DDMJFMGJ@?$AAa?$AAr?$AA?9?$AAk?$AAw?$AA?$AA@ 00000001400128d0     LIBCMT:winapinls.obj
 0002:000048e0       ??_C@_1M@EJALMLHM@?$AAa?$AAr?$AA?9?$AAl?$AAb?$AA?$AA@ 00000001400128e0     LIBCMT:winapinls.obj
 0002:000048f0       ??_C@_1M@MOBDBLOC@?$AAa?$AAr?$AA?9?$AAl?$AAy?$AA?$AA@ 00000001400128f0     LIBCMT:winapinls.obj
 0002:00004900       ??_C@_1M@JAOCLHDH@?$AAa?$AAr?$AA?9?$AAm?$AAa?$AA?$AA@ 0000000140012900     LIBCMT:winapinls.obj
 0002:00004910       ??_C@_1M@JHPMKJIE@?$AAa?$AAr?$AA?9?$AAo?$AAm?$AA?$AA@ 0000000140012910     LIBCMT:winapinls.obj
 0002:00004920       ??_C@_1M@OEPGHFNH@?$AAa?$AAr?$AA?9?$AAq?$AAa?$AA?$AA@ 0000000140012920     LIBCMT:winapinls.obj
 0002:00004930       ??_C@_1M@KJDONENM@?$AAa?$AAr?$AA?9?$AAs?$AAa?$AA?$AA@ 0000000140012930     LIBCMT:winapinls.obj
 0002:00004940       ??_C@_1M@DMJDKLKM@?$AAa?$AAr?$AA?9?$AAs?$AAy?$AA?$AA@ 0000000140012940     LIBCMT:winapinls.obj
 0002:00004950       ??_C@_1M@OMFIPEDC@?$AAa?$AAr?$AA?9?$AAt?$AAn?$AA?$AA@ 0000000140012950     LIBCMT:winapinls.obj
 0002:00004960       ??_C@_1M@IHMHGAON@?$AAa?$AAr?$AA?9?$AAy?$AAe?$AA?$AA@ 0000000140012960     LIBCMT:winapinls.obj
 0002:00004970       ??_C@_1BG@KDCPGJGB@?$AAa?$AAz?$AA?9?$AAa?$AAz?$AA?9?$AAc?$AAy?$AAr?$AAl?$AA?$AA@ 0000000140012970     LIBCMT:winapinls.obj
 0002:00004988       ??_C@_1BG@IBCKDDOE@?$AAa?$AAz?$AA?9?$AAa?$AAz?$AA?9?$AAl?$AAa?$AAt?$AAn?$AA?$AA@ 0000000140012988     LIBCMT:winapinls.obj
 0002:000049a0       ??_C@_1M@EGPFDCPD@?$AAb?$AAe?$AA?9?$AAb?$AAy?$AA?$AA@ 00000001400129a0     LIBCMT:winapinls.obj
 0002:000049b0       ??_C@_1M@PCMGMCGC@?$AAb?$AAg?$AA?9?$AAb?$AAg?$AA?$AA@ 00000001400129b0     LIBCMT:winapinls.obj
 0002:000049c0       ??_C@_1M@BJBMFGOB@?$AAb?$AAn?$AA?9?$AAi?$AAn?$AA?$AA@ 00000001400129c0     LIBCMT:winapinls.obj
 0002:000049d0       ??_C@_1BG@EAKMMACD@?$AAb?$AAs?$AA?9?$AAb?$AAa?$AA?9?$AAl?$AAa?$AAt?$AAn?$AA?$AA@ 00000001400129d0     LIBCMT:winapinls.obj
 0002:000049e8       ??_C@_1M@KGADAODK@?$AAc?$AAa?$AA?9?$AAe?$AAs?$AA?$AA@ 00000001400129e8     LIBCMT:winapinls.obj
 0002:000049f8       ??_C@_1M@COAJPDHI@?$AAc?$AAs?$AA?9?$AAc?$AAz?$AA?$AA@ 00000001400129f8     LIBCMT:winapinls.obj
 0002:00004a08       ??_C@_1M@DHBHFONH@?$AAc?$AAy?$AA?9?$AAg?$AAb?$AA?$AA@ 0000000140012a08     LIBCMT:winapinls.obj
 0002:00004a18       ??_C@_1M@IMGKELGA@?$AAd?$AAa?$AA?9?$AAd?$AAk?$AA?$AA@ 0000000140012a18     LIBCMT:winapinls.obj
 0002:00004a28       ??_C@_1M@NNDGDNGA@?$AAd?$AAe?$AA?9?$AAa?$AAt?$AA?$AA@ 0000000140012a28     LIBCMT:winapinls.obj
 0002:00004a38       ??_C@_1M@IKDBHEEM@?$AAd?$AAe?$AA?9?$AAc?$AAh?$AA?$AA@ 0000000140012a38     LIBCMT:winapinls.obj
 0002:00004a48       ??_C@_1M@GFFOJMCJ@?$AAd?$AAe?$AA?9?$AAd?$AAe?$AA?$AA@ 0000000140012a48     LIBCMT:winapinls.obj
 0002:00004a58       ??_C@_1M@MDNLKBPM@?$AAd?$AAe?$AA?9?$AAl?$AAi?$AA?$AA@ 0000000140012a58     LIBCMT:winapinls.obj
 0002:00004a68       ??_C@_1M@NJBEEJNL@?$AAd?$AAe?$AA?9?$AAl?$AAu?$AA?$AA@ 0000000140012a68     LIBCMT:winapinls.obj
 0002:00004a78       ??_C@_1O@GNNELBAP@?$AAd?$AAi?$AAv?$AA?9?$AAm?$AAv?$AA?$AA@ 0000000140012a78     LIBCMT:winapinls.obj
[...]
 0003:00002700       ?pfnGetActiveWindow@?1??__crtMessageBoxW@@9@9 0000000140017700     LIBCMT:crtmboxw.obj
 0003:00002708       ?pfnGetLastActivePopup@?1??__crtMessageBoxW@@9@9 0000000140017708     LIBCMT:crtmboxw.obj
 0003:00002710       ?pfnGetProcessWindowStation@?1??__crtMessageBoxW@@9@9 0000000140017710     LIBCMT:crtmboxw.obj
 0003:00002718       ?pfnGetUserObjectInformation@?1??__crtMessageBoxW@@9@9 0000000140017718     LIBCMT:crtmboxw.obj
 0003:00002720       GS_ExceptionRecord         0000000140017720     LIBCMT:gs_report.obj
 0003:000027c0       GS_ContextRecord           00000001400177c0     LIBCMT:gs_report.obj
 0003:00002c90       DebuggerWasPresent         0000000140017c90     LIBCMT:gs_report.obj
 0003:00002ca0       __crtCallProc              0000000140017ca0     LIBCMT:winapinls.obj
 0004:00000000       $pdata$fireTests           0000000140019000     integer linked list runner.obj
 0004:0000000c       $pdata$main                000000014001900c     integer linked list runner.obj
 0004:00000018       $pdata$TEST_should_setup_and_confim_via_printing 0000000140019018     integer linked list test.obj
 0004:00000024       $pdata$TEST_should_find_number_in_list 0000000140019024     integer linked list test.obj
 0004:00000030       $pdata$TEST_should_not_find_number_in_list 0000000140019030     integer linked list test.obj
 0004:0000003c       $pdata$TEST_should_delete_numbers_first_occurence 000000014001903c     integer linked list test.obj
 0004:00000048       $pdata$TEST_should_delete_all_occurences_on_a_number 0000000140019048     integer linked list test.obj
 0004:00000054       $pdata$TEST_shoud_not_be_a_circular_list 0000000140019054     integer linked list test.obj
 0004:00000060       $pdata$TEST_shoud_be_a_circular_list 0000000140019060     integer linked list test.obj
 0004:0000006c       $pdata$TEST_stack_should_be_reverse_of_the_list 000000014001906c     integer linked list test.obj
 0004:00000078       $pdata$create_node         0000000140019078     integer linked list.obj
 0004:00000084       $pdata$add_to_list         0000000140019084     integer linked list.obj
 0004:00000090       $pdata$make_list_circular  0000000140019090     integer linked list.obj
 0004:0000009c       $pdata$print_list          000000014001909c     integer linked list.obj
 0004:000000a8       $pdata$search_list         00000001400190a8     integer linked list.obj
 0004:000000b4       $pdata$delete_first_value_matching_node 00000001400190b4     integer linked list.obj
 0004:000000c0       $pdata$delete_all_value_matching_nodes 00000001400190c0     integer linked list.obj
 0004:000000cc       $pdata$is_list_circular    00000001400190cc     integer linked list.obj
 0004:000000d8       $pdata$printf              00000001400190d8     LIBCMT:printf.obj
 0004:000000e4       $pdata$abort               00000001400190e4     LIBCMT:abort.obj
 0004:000000f0       $pdata$malloc              00000001400190f0     LIBCMT:malloc.obj
 0004:000000fc       $pdata$__tmainCRTStartup   00000001400190fc     LIBCMT:crt0.obj
 0004:00000108       $pdata$fast_error_exit     0000000140019108     LIBCMT:crt0.obj
 0004:00000114       $pdata$mainCRTStartup      0000000140019114     LIBCMT:crt0.obj
 0004:00000120       $pdata$_call_reportfault   0000000140019120     LIBCMT:invarg.obj
 0004:0000012c       $pdata$_invalid_parameter  000000014001912c     LIBCMT:invarg.obj
 0004:00000138       $pdata$_invalid_parameter_noinfo 0000000140019138     LIBCMT:invarg.obj
 0004:00000144       $pdata$_invoke_watson      0000000140019144     LIBCMT:invarg.obj
 0004:00000150       $pdata$__initstdio         0000000140019150     LIBCMT:_file.obj
 0004:0000015c       $pdata$__endstdio          000000014001915c     LIBCMT:_file.obj
 0004:00000168       $pdata$_lock_file          0000000140019168     LIBCMT:_file.obj
 0004:00000174       $pdata$_lock_file2         0000000140019174     LIBCMT:_file.obj
 0004:00000180       $pdata$_ftbuf              0000000140019180     LIBCMT:_sftbuf.obj
 0004:0000018c       $pdata$_stbuf              000000014001918c     LIBCMT:_sftbuf.obj
 0004:00000198       $pdata$??0_LocaleUpdate@@QEAA@PEAUlocaleinfo_struct@@@Z 0000000140019198     LIBCMT:output.obj
 0004:000001a4       $pdata$_output_l           00000001400191a4     LIBCMT:output.obj
 0004:000001b0       $pdata$write_char          00000001400191b0     LIBCMT:output.obj
 0004:000001bc       $pdata$write_multi_char    00000001400191bc     LIBCMT:output.obj
 0004:000001c8       $pdata$write_string        00000001400191c8     LIBCMT:output.obj
 0004:000001d4       $pdata$__doserrno          00000001400191d4     LIBCMT:dosmap.obj
 0004:000001e0       $pdata$_dosmaperr          00000001400191e0     LIBCMT:dosmap.obj
 0004:000001ec       $pdata$_errno              00000001400191ec     LIBCMT:dosmap.obj
 0004:000001f8       $pdata$__C_specific_handler 00000001400191f8     LIBCMT:chandler.obj
 0004:00000204       $pdata$__crtCorExitProcess 0000000140019204     LIBCMT:crt0dat.obj
 0004:00000210       $pdata$__crtExitProcess    0000000140019210     LIBCMT:crt0dat.obj
 0004:0000021c       $pdata$_amsg_exit          000000014001921c     LIBCMT:crt0dat.obj
 0004:00000228       $pdata$_cinit              0000000140019228     LIBCMT:crt0dat.obj
 0004:00000234       $pdata$_init_pointers      0000000140019234     LIBCMT:crt0dat.obj
 0004:00000240       $pdata$_initterm           0000000140019240     LIBCMT:crt0dat.obj
 0004:0000024c       $pdata$_initterm_e         000000014001924c     LIBCMT:crt0dat.obj
 0004:00000258       $pdata$doexit              0000000140019258     LIBCMT:crt0dat.obj
 0004:00000264       $pdata$raise               0000000140019264     LIBCMT:winsig.obj
 0004:00000270       $pdata$_callnewh           0000000140019270     LIBCMT:handler.obj
 0004:0000027c       $pdata$_FF_MSGBANNER       000000014001927c     LIBCMT:crt0msg.obj
 0004:00000288       $pdata$_NMSG_WRITE         0000000140019288     LIBCMT:crt0msg.obj
 0004:00000294       $pdata$_heap_init          0000000140019294     LIBCMT:heapinit.obj
 0004:000002a0       $pdata$?__CxxUnhandledExceptionFilter@@YAJPEAU_EXCEPTION_POINTERS@@@Z 00000001400192a0     LIBCMT:unhandld.obj
 0004:000002ac       $pdata$__CxxSetUnhandledExceptionFilter 00000001400192ac     LIBCMT:unhandld.obj
 0004:000002b8       $pdata$_XcptFilter         00000001400192b8     LIBCMT:winxfltr.obj
 0004:000002c4       $pdata$_freefls            00000001400192c4     LIBCMT:tidtable.obj
 0004:000002d0       $pdata$_getptd             00000001400192d0     LIBCMT:tidtable.obj
 0004:000002dc       $pdata$_getptd_noexit      00000001400192dc     LIBCMT:tidtable.obj
 0004:000002e8       $pdata$_initptd            00000001400192e8     LIBCMT:tidtable.obj
 0004:000002f4       $pdata$_mtinit             00000001400192f4     LIBCMT:tidtable.obj
 0004:00000300       $pdata$_mtterm             0000000140019300     LIBCMT:tidtable.obj
 0004:0000030c       $pdata$_ioinit             000000014001930c     LIBCMT:ioinit.obj
 0004:00000318       $pdata$_setargv            0000000140019318     LIBCMT:stdargv.obj
 0004:00000324       $pdata$parse_cmdline       0000000140019324     LIBCMT:stdargv.obj
 0004:00000330       $pdata$_setenvp            0000000140019330     LIBCMT:stdenvp.obj
 0004:0000033c       $pdata$_set_error_mode     000000014001933c     LIBCMT:errmode.obj
 0004:00000348       $pdata$__security_init_cookie 0000000140019348     LIBCMT:gs_support.obj
 0004:00000354       $pdata$_RTC_Initialize     0000000140019354     LIBCMT:initsect.obj
 0004:00000360       $pdata$_RTC_Terminate      0000000140019360     LIBCMT:initsect.obj
 0004:0000036c       $pdata$__crtGetEnvironmentStringsA 000000014001936c     LIBCMT:a_env.obj
 0004:00000378       $pdata$__crtCaptureCurrentContext 0000000140019378     LIBCMT:winapisupp.obj
 0004:00000384       $pdata$__crtCapturePreviousContext 0000000140019384     LIBCMT:winapisupp.obj
 0004:00000390       $pdata$__crtInitializeCriticalSectionEx 0000000140019390     LIBCMT:winapisupp.obj
 0004:0000039c       $pdata$__crtIsPackagedApp  000000014001939c     LIBCMT:winapisupp.obj
 0004:000003a8       $pdata$__crtLoadWinApiPointers 00000001400193a8     LIBCMT:winapisupp.obj
 0004:000003b4       $pdata$__crtTerminateProcess 00000001400193b4     LIBCMT:winapisupp.obj
 0004:000003c0       $pdata$__crtUnhandledException 00000001400193c0     LIBCMT:winapisupp.obj
 0004:000003cc       $pdata$__GSHandlerCheck    00000001400193cc     LIBCMT:gshandler.obj
 0004:000003d8       $pdata$__GSHandlerCheckCommon 00000001400193d8     LIBCMT:gshandler.obj
 0004:000003fc       $pdata$_fcloseall          00000001400193fc     LIBCMT:closeall.obj
 0004:00000408       $pdata$_fflush_nolock      0000000140019408     LIBCMT:fflush.obj
 0004:00000414       $pdata$_flush              0000000140019414     LIBCMT:fflush.obj
 0004:00000420       $pdata$flsall              0000000140019420     LIBCMT:fflush.obj
 0004:0000042c       $pdata$_lock               000000014001942c     LIBCMT:mlock.obj
 0004:00000438       $pdata$_mtdeletelocks      0000000140019438     LIBCMT:mlock.obj
 0004:00000444       $pdata$_mtinitlocknum      0000000140019444     LIBCMT:mlock.obj
 0004:00000450       $pdata$_mtinitlocks        0000000140019450     LIBCMT:mlock.obj
 0004:0000045c       $pdata$free                000000014001945c     LIBCMT:free.obj
 0004:00000468       $pdata$_calloc_crt         0000000140019468     LIBCMT:crtheap.obj
 0004:00000474       $pdata$_malloc_crt         0000000140019474     LIBCMT:crtheap.obj
 0004:00000480       $pdata$_realloc_crt        0000000140019480     LIBCMT:crtheap.obj
 0004:0000048c       $pdata$_fileno             000000014001948c     LIBCMT:fileno.obj
 0004:00000498       $pdata$_isatty             0000000140019498     LIBCMT:isatty.obj
 0004:000004a4       $pdata$__freetlocinfo      00000001400194a4     LIBCMT:localref.obj
 0004:000004b0       $pdata$__updatetlocinfo    00000001400194b0     LIBCMT:localref.obj
 0004:000004bc       $pdata$_updatetlocinfoEx_nolock 00000001400194bc     LIBCMT:localref.obj
 0004:000004c8       $pdata$__initmbctable      00000001400194c8     LIBCMT:mbctype.obj
 0004:000004d4       $pdata$?getSystemCP@@YAHH@Z 00000001400194d4     LIBCMT:mbctype.obj
 0004:000004e0       $pdata$?setSBCS@@YAXPEAUthreadmbcinfostruct@@@Z 00000001400194e0     LIBCMT:mbctype.obj
 0004:000004ec       $pdata$?setSBUpLow@@YAXPEAUthreadmbcinfostruct@@@Z 00000001400194ec     LIBCMT:mbctype.obj
 0004:000004f8       $pdata$__updatetmbcinfo    00000001400194f8     LIBCMT:mbctype.obj
 0004:00000504       $pdata$_setmbcp            0000000140019504     LIBCMT:mbctype.obj
 0004:00000510       $pdata$_setmbcp_nolock     0000000140019510     LIBCMT:mbctype.obj
 0004:0000051c       $pdata$_isleadbyte_l       000000014001951c     LIBCMT:_wctype.obj
 0004:00000528       $pdata$isleadbyte          0000000140019528     LIBCMT:_wctype.obj
 0004:00000540       $pdata$_flsbuf             0000000140019540     LIBCMT:_flsbuf.obj
 0004:0000054c       $pdata$_wctomb_s_l         000000014001954c     LIBCMT:wctomb.obj
 0004:00000558       $pdata$wctomb_s            0000000140019558     LIBCMT:wctomb.obj
 0004:00000564       $pdata$_initp_misc_cfltcvt_tab 0000000140019564     LIBCMT:cmiscdat.obj
 0004:000005a0       $pdata$_IsNonwritableInCurrentImage 00000001400195a0     LIBCMT:pesect.obj
 0004:000005ac       $pdata$__onexitinit        00000001400195ac     LIBCMT:onexit.obj
 0004:000005b8       $pdata$_onexit             00000001400195b8     LIBCMT:onexit.obj
 0004:000005c4       $pdata$atexit              00000001400195c4     LIBCMT:onexit.obj
 0004:000005d0       $pdata$?terminate@@YAXXZ   00000001400195d0     LIBCMT:hooks.obj
 0004:000005dc       $pdata$_initp_eh_hooks     00000001400195dc     LIBCMT:hooks.obj
 0004:000005f4       $pdata$wcscat_s            00000001400195f4     LIBCMT:wcscat_s.obj
 0004:00000600       $pdata$wcscpy_s            0000000140019600     LIBCMT:wcscpy_s.obj
 0004:0000060c       $pdata$wcsncpy_s           000000014001960c     LIBCMT:wcsncpy_s.obj
 0004:00000618       $pdata$__crtMessageBoxW    0000000140019618     LIBCMT:crtmboxw.obj
 0004:00000624       $pdata$?x_ismbbtype_l@@YAHPEAUlocaleinfo_struct@@IHH@Z 0000000140019624     LIBCMT:ismbbyte.obj
 0004:00000630       $pdata$strcpy_s            0000000140019630     LIBCMT:strcpy_s.obj
 0004:0000063c       $pdata$__raise_securityfailure 000000014001963c     LIBCMT:gs_report.obj
 0004:00000648       $pdata$__report_gsfailure  0000000140019648     LIBCMT:gs_report.obj
 0004:00000654       $pdata$__isa_available_init 0000000140019654     LIBCMT:cpu_disp.obj
 0004:00000660       $pdata$_fclose_nolock      0000000140019660     LIBCMT:fclose.obj
 0004:0000066c       $pdata$fclose              000000014001966c     LIBCMT:fclose.obj
 0004:00000678       $pdata$_commit             0000000140019678     LIBCMT:commit.obj
 0004:00000684       $pdata$_write              0000000140019684     LIBCMT:write.obj
 0004:00000690       $pdata$_write_nolock       0000000140019690     LIBCMT:write.obj
 0004:0000069c       $pdata$realloc             000000014001969c     LIBCMT:realloc.obj
 0004:000006a8       $pdata$_calloc_impl        00000001400196a8     LIBCMT:calloc_impl.obj
 0004:000006b4       $pdata$__free_lconv_mon    00000001400196b4     LIBCMT:initmon.obj
 0004:000006c0       $pdata$__free_lconv_num    00000001400196c0     LIBCMT:initnum.obj
 0004:000006cc       $pdata$__free_lc_time      00000001400196cc     LIBCMT:inittime.obj
 0004:000006d8       $pdata$?__crtLCMapStringA_stat@@YAHPEAUlocaleinfo_struct@@PEB_WKPEBDHPEADHHH@Z 00000001400196d8     LIBCMT:a_map.obj
 0004:000006e4       $pdata$__crtLCMapStringA   00000001400196e4     LIBCMT:a_map.obj
 0004:000006f0       $pdata$?__crtGetStringTypeA_stat@@YAHPEAUlocaleinfo_struct@@KPEBDHPEAGHH@Z 00000001400196f0     LIBCMT:a_str.obj
 0004:000006fc       $pdata$__crtGetStringTypeA 00000001400196fc     LIBCMT:a_str.obj
 0004:00000708       $pdata$_lseeki64           0000000140019708     LIBCMT:lseeki64.obj
 0004:00000714       $pdata$_lseeki64_nolock    0000000140019714     LIBCMT:lseeki64.obj
 0004:00000720       $pdata$_getbuf             0000000140019720     LIBCMT:_getbuf.obj
 0004:0000072c       $pdata$_msize              000000014001972c     LIBCMT:msize.obj
 0004:00000738       $pdata$GetTableIndexFromLocaleName 0000000140019738     LIBCMT:winapinls.obj
 0004:00000744       $pdata$__crtDownlevelLocaleNameToLCID 0000000140019744     LIBCMT:winapinls.obj
 0004:00000750       $pdata$__crtLCMapStringEx  0000000140019750     LIBCMT:winapinls.obj
 0004:0000075c       $pdata$_close              000000014001975c     LIBCMT:close.obj
 0004:00000768       $pdata$_close_nolock       0000000140019768     LIBCMT:close.obj
 0004:00000774       $pdata$_freebuf            0000000140019774     LIBCMT:_freebuf.obj
 0004:00000780       $pdata$__lock_fhandle      0000000140019780     LIBCMT:osfinfo.obj
 0004:0000078c       $pdata$_free_osfhnd        000000014001978c     LIBCMT:osfinfo.obj
 0004:00000798       $pdata$_get_osfhandle      0000000140019798     LIBCMT:osfinfo.obj
 0004:000007a4       $pdata$_mbtowc_l           00000001400197a4     LIBCMT:mbtowc.obj
 0004:000007b0       $pdata$_putwch_nolock      00000001400197b0     LIBCMT:putwch.obj
 0004:000007c8       $pdata$_isctype_l          00000001400197c8     LIBCMT:isctype.obj
 0004:000007d4       $pdata$_locterm            00000001400197d4     LIBCMT:wsetloca.obj
 0004:000007e0       $pdata$__termconout        00000001400197e0     LIBCMT:initcon.obj
 0004:000007ec       $pdata$__initconout        00000001400197ec     LIBCMT:initcon.obj
 0004:00000804       $pdata$__crt_atoflt_l      0000000140019804     LIBCMT:atodbl.obj
 0004:00000810       $pdata$_atodbl_l           0000000140019810     LIBCMT:atodbl.obj
 0004:0000081c       $pdata$_ld12tod            000000014001981c     LIBCMT:intrncvt.obj
 0004:00000828       $pdata$_ld12tof            0000000140019828     LIBCMT:intrncvt.obj
 0004:00000834       $pdata$__strgtold12_l      0000000140019834     LIBCMT:strgtold.obj
 0004:00000840       $pdata$_cfltcvt            0000000140019840     LIBCMT:cvt.obj
 0004:0000084c       $pdata$_cfltcvt_l          000000014001984c     LIBCMT:cvt.obj
 0004:00000858       $pdata$_cftoa_l            0000000140019858     LIBCMT:cvt.obj
 0004:00000864       $pdata$_cftoe2_l           0000000140019864     LIBCMT:cvt.obj
 0004:00000870       $pdata$_cftoe_l            0000000140019870     LIBCMT:cvt.obj
 0004:0000087c       $pdata$_cftof2_l           000000014001987c     LIBCMT:cvt.obj
 0004:00000888       $pdata$_cftof_l            0000000140019888     LIBCMT:cvt.obj
 0004:00000894       $pdata$_cftog_l            0000000140019894     LIBCMT:cvt.obj
 0004:000008a0       $pdata$_cropzeros_l        00000001400198a0     LIBCMT:cvt.obj
 0004:000008ac       $pdata$_fassign_l          00000001400198ac     LIBCMT:cvt.obj
 0004:000008b8       $pdata$_forcdecpt_l        00000001400198b8     LIBCMT:cvt.obj
 0004:000008c4       $pdata$__mtold12           00000001400198c4     LIBCMT:mantold.obj
 0004:000008d0       $pdata$isdigit             00000001400198d0     LIBCMT:_ctype.obj
 0004:000008dc       $pdata$_tolower_l          00000001400198dc     LIBCMT:tolower.obj
 0004:000008e8       $pdata$strrchr             00000001400198e8     LIBCMT:strrchr.obj
 0004:000008f4       $pdata$_fptostr            00000001400198f4     LIBCMT:_fptostr.obj
 0004:00000900       $pdata$__dtold             0000000140019900     LIBCMT:cfout.obj
 0004:0000090c       $pdata$_fltout2            000000014001990c     LIBCMT:cfout.obj
 0004:00000918       $pdata$$I10_OUTPUT         0000000140019918     LIBCMT:x10fout.obj
 0004:00000924       $pdata$printf$fin$0        0000000140019924     LIBCMT:printf.obj
 0004:00000930       $pdata$__tmainCRTStartup$filt$0 0000000140019930     LIBCMT:crt0.obj
 0004:0000093c       $pdata$doexit$fin$0        000000014001993c     LIBCMT:crt0dat.obj
 0004:00000948       $pdata$raise$fin$0         0000000140019948     LIBCMT:winsig.obj
 0004:00000954       $pdata$_initptd$fin$1      0000000140019954     LIBCMT:tidtable.obj
 0004:00000954       $pdata$_freefls$fin$1      0000000140019954     LIBCMT:tidtable.obj
 0004:00000960       $pdata$_initptd$fin$0      0000000140019960     LIBCMT:tidtable.obj
 0004:00000960       $pdata$_freefls$fin$0      0000000140019960     LIBCMT:tidtable.obj
 0004:0000096c       $pdata$_ioinit$fin$0       000000014001996c     LIBCMT:ioinit.obj
 0004:00000978       $pdata$_fcloseall$fin$0    0000000140019978     LIBCMT:closeall.obj
 0004:00000984       $pdata$flsall$fin$0        0000000140019984     LIBCMT:fflush.obj
 0004:00000990       $pdata$flsall$fin$1        0000000140019990     LIBCMT:fflush.obj
 0004:0000099c       $pdata$_mtinitlocknum$fin$0 000000014001999c     LIBCMT:mlock.obj
 0004:000009a8       $pdata$__updatetlocinfo$fin$0 00000001400199a8     LIBCMT:localref.obj
 0004:000009a8       $pdata$_locterm$fin$0      00000001400199a8     LIBCMT:localref.obj
 0004:000009b4       $pdata$_setmbcp$fin$0      00000001400199b4     LIBCMT:mbctype.obj
 0004:000009b4       $pdata$__updatetmbcinfo$fin$0 00000001400199b4     LIBCMT:mbctype.obj
 0004:000009c0       $pdata$_IsNonwritableInCurrentImage$filt$0 00000001400199c0     LIBCMT:pesect.obj
 0004:000009cc       $pdata$_onexit$fin$0       00000001400199cc     LIBCMT:onexit.obj
 0004:000009d8       $pdata$fclose$fin$0        00000001400199d8     LIBCMT:fclose.obj
 0004:000009e4       $pdata$_close$fin$0        00000001400199e4     LIBCMT:commit.obj
 0004:000009e4       $pdata$_commit$fin$0       00000001400199e4     LIBCMT:commit.obj
 0004:000009f0       $pdata$_lseeki64$fin$0     00000001400199f0     LIBCMT:lseeki64.obj
 0004:000009f0       $pdata$_write$fin$0        00000001400199f0     LIBCMT:lseeki64.obj
 0004:000009fc       $pdata$__lock_fhandle$fin$0 00000001400199fc     LIBCMT:osfinfo.obj
