 TestCharFrequncy

 Timestamp is 54e58fe6 (Thu Feb 19 12:55:26 2015)

 Preferred load address is 00400000

 Start         Length     Name                   Class
 0001:00000000 00006fcaH .text                   CODE
 0002:00000000 00000100H .idata$5                DATA
 0002:00000100 00000004H .CRT$XCA                DATA
 0002:00000104 00000004H .CRT$XCZ                DATA
 0002:00000108 00000004H .CRT$XIA                DATA
 0002:0000010c 00000010H .CRT$XIC                DATA
 0002:0000011c 00000004H .CRT$XIY                DATA
 0002:00000120 00000004H .CRT$XIZ                DATA
 0002:00000124 00000004H .CRT$XPA                DATA
 0002:00000128 00000004H .CRT$XPX                DATA
 0002:0000012c 00000004H .CRT$XPXA               DATA
 0002:00000130 00000004H .CRT$XPZ                DATA
 0002:00000134 00000004H .CRT$XTA                DATA
 0002:00000138 00000004H .CRT$XTZ                DATA
 0002:00000140 00001888H .rdata                  DATA
 0002:000019d0 0000000cH .rdata$sxdata           DATA
 0002:000019dc 00000004H .rtc$IAA                DATA
 0002:000019e0 00000004H .rtc$IZZ                DATA
 0002:000019e4 00000004H .rtc$TAA                DATA
 0002:000019e8 00000004H .rtc$TZZ                DATA
 0002:000019f0 000002b4H .xdata$x                DATA
 0002:00001ca4 00000014H .idata$2                DATA
 0002:00001cb8 00000014H .idata$3                DATA
 0002:00001ccc 00000100H .idata$4                DATA
 0002:00001dcc 00000496H .idata$6                DATA
 0002:00002262 00000000H .edata                  DATA
 0003:00000000 00000ee0H .data                   DATA
 0003:00000ee0 00001dccH .bss                    DATA

  Address         Publics by Value              Rva+Base       Lib:Object

 0000:00000000       __except_list              00000000     <absolute>
 0000:00000003       ___safe_se_handler_count   00000003     <absolute>
 0000:00000000       ___ImageBase               00400000     <linker-defined>
 0001:00000000       _Contains                  00401000 f   TestCharFrequncy.obj
 0001:00000050       _GetFrequency              00401050 f   TestCharFrequncy.obj
 0001:000000a0       _PrintFrequencyList        004010a0 f   TestCharFrequncy.obj
 0001:00000100       _Initialize                00401100 f   TestCharFrequncy.obj
 0001:00000180       _SetupCharFrequency        00401180 f   TestCharFrequncy.obj
 0001:000001d0       _CreateEmptyCharFrequency  004011d0 f   TestCharFrequncy.obj
 0001:00000200       _CreateEmptyCharIntNode    00401200 f   TestCharFrequncy.obj
 0001:00000230       _Insert                    00401230 f   TestCharFrequncy.obj
 0001:00000270       _BumpFrequency             00401270 f   TestCharFrequncy.obj
 0001:000002c0       _main                      004012c0 f   TestCharFrequncy.obj
 0001:00000426       _printf                    00401426 f   LIBCMT:printf.obj
 0001:000004cd       __get_printf_count_output  004014cd f   LIBCMT:printf.obj
 0001:000004e3       _malloc                    004014e3 f   LIBCMT:malloc.obj
 0001:00000577       _free                      00401577 f   LIBCMT:free.obj
 0001:0000073b       _mainCRTStartup            0040173b f   LIBCMT:crt0.obj
 0001:00000745       ___iob_func                00401745 f   LIBCMT:_file.obj
 0001:0000074b       ___initstdio               0040174b f   LIBCMT:_file.obj
 0001:000007fc       ___endstdio                004017fc f   LIBCMT:_file.obj
 0001:0000081c       __lock_file                0040181c f   LIBCMT:_file.obj
 0001:0000085d       __lock_file2               0040185d f   LIBCMT:_file.obj
 0001:0000088f       __unlock_file              0040188f f   LIBCMT:_file.obj
 0001:000008cb       __unlock_file2             004018cb f   LIBCMT:_file.obj
 0001:000008fa       __stbuf                    004018fa f   LIBCMT:_sftbuf.obj
 0001:00000996       __ftbuf                    00401996 f   LIBCMT:_sftbuf.obj
 0001:000009ca       ??0_LocaleUpdate@@QAE@PAUlocaleinfo_struct@@@Z 004019ca f i LIBCMT:output.obj
 0001:00000af8       __output_l                 00401af8 f   LIBCMT:output.obj
 0001:000016a4       __initp_misc_invarg        004026a4 f   LIBCMT:invarg.obj
 0001:000016b3       __call_reportfault         004026b3 f   LIBCMT:invarg.obj
 0001:000017dc       __invoke_watson            004027dc f   LIBCMT:invarg.obj
 0001:00001801       __invalid_parameter        00402801 f   LIBCMT:invarg.obj
 0001:0000182e       __invalid_parameter_noinfo 0040282e f   LIBCMT:invarg.obj
 0001:0000183e       __get_errno_from_oserr     0040283e f   LIBCMT:dosmap.obj
 0001:00001880       __errno                    00402880 f   LIBCMT:dosmap.obj
 0001:00001893       ___doserrno                00402893 f   LIBCMT:dosmap.obj
 0001:000018a6       __dosmaperr                004028a6 f   LIBCMT:dosmap.obj
 0001:000018d0       __SEH_prolog4              004028d0 f   LIBCMT:sehprolg4.obj
 0001:00001915       __SEH_epilog4              00402915 f   LIBCMT:sehprolg4.obj
 0001:00001930       __except_handler4          00402930 f   LIBCMT:chandler4.obj
 0001:00001abf       ___crtCorExitProcess       00402abf f   LIBCMT:crt0dat.obj
 0001:00001aea       ___crtExitProcess          00402aea f   LIBCMT:crt0dat.obj
 0001:00001b02       __lockexit                 00402b02 f   LIBCMT:crt0dat.obj
 0001:00001b0b       __unlockexit               00402b0b f   LIBCMT:crt0dat.obj
 0001:00001b14       __init_pointers            00402b14 f   LIBCMT:crt0dat.obj
 0001:00001b47       __initterm_e               00402b47 f   LIBCMT:crt0dat.obj
 0001:00001b6b       __cinit                    00402b6b f   LIBCMT:crt0dat.obj
 0001:00001d42       _exit                      00402d42 f   LIBCMT:crt0dat.obj
 0001:00001d58       __exit                     00402d58 f   LIBCMT:crt0dat.obj
 0001:00001d6e       __cexit                    00402d6e f   LIBCMT:crt0dat.obj
 0001:00001d7d       __c_exit                   00402d7d f   LIBCMT:crt0dat.obj
 0001:00001d8c       __amsg_exit                00402d8c f   LIBCMT:crt0dat.obj
 0001:00001daa       __GET_RTERRMSG             00402daa f   LIBCMT:crt0msg.obj
 0001:00001dd0       __NMSG_WRITE               00402dd0 f   LIBCMT:crt0msg.obj
 0001:00001f7f       __FF_MSGBANNER             00402f7f f   LIBCMT:crt0msg.obj
 0001:00001fb8       __heap_init                00402fb8 f   LIBCMT:heapinit.obj
 0001:00001fd6       __initp_heap_handler       00402fd6 f   LIBCMT:handler.obj
 0001:00001fe5       __callnewh                 00402fe5 f   LIBCMT:handler.obj
 0001:0000200d       ?__CxxUnhandledExceptionFilter@@YGJPAU_EXCEPTION_POINTERS@@@Z 0040300d f   LIBCMT:unhandld.obj
 0001:0000204f       ___CxxSetUnhandledExceptionFilter 0040304f f   LIBCMT:unhandld.obj
 0001:0000205d       __XcptFilter               0040305d f   LIBCMT:winxfltr.obj
 0001:000021a7       __setenvp                  004031a7 f   LIBCMT:stdenvp.obj
 0001:0000241d       __setargv                  0040341d f   LIBCMT:stdargv.obj
 0001:000024d8       ___crtGetEnvironmentStringsA 004034d8 f   LIBCMT:a_env.obj
 0001:0000256f       __ioinit                   0040356f f   LIBCMT:ioinit.obj
 0001:000027b4       __RTC_Initialize           004037b4 f   LIBCMT:_initsect_.obj
 0001:000027da       __RTC_Terminate            004037da f   LIBCMT:_initsect_.obj
 0001:00002800       __encoded_null             00403800 f   LIBCMT:tidtable.obj
 0001:00002809       ___crtTlsAlloc@4           00403809 f   LIBCMT:tidtable.obj
 0001:00002812       ___set_flsgetvalue         00403812 f   LIBCMT:tidtable.obj
 0001:00002846       __mtterm                   00403846 f   LIBCMT:tidtable.obj
 0001:00002883       __initptd                  00403883 f   LIBCMT:tidtable.obj
 0001:00002937       __getptd_noexit            00403937 f   LIBCMT:tidtable.obj
 0001:000029b0       __getptd                   004039b0 f   LIBCMT:tidtable.obj
 0001:000029ca       __freefls@4                004039ca f   LIBCMT:tidtable.obj
 0001:00002af9       __mtinit                   00403af9 f   LIBCMT:tidtable.obj
 0001:00002c74       ___security_init_cookie    00403c74 f   LIBCMT:gs_support.obj
 0001:00002d0f       __malloc_crt               00403d0f f   LIBCMT:crtheap.obj
 0001:00002d54       __calloc_crt               00403d54 f   LIBCMT:crtheap.obj
 0001:00002da0       __realloc_crt              00403da0 f   LIBCMT:crtheap.obj
 0001:00002dee       __fcloseall                00403dee f   LIBCMT:closeall.obj
 0001:00002e8a       __flush                    00403e8a f   LIBCMT:fflush.obj
 0001:00002ef2       __fflush_nolock            00403ef2 f   LIBCMT:fflush.obj
 0001:00003014       __flushall                 00404014 f   LIBCMT:fflush.obj
 0001:0000301d       __mtinitlocks              0040401d f   LIBCMT:mlock.obj
 0001:00003067       __mtdeletelocks            00404067 f   LIBCMT:mlock.obj
 0001:000030be       __unlock                   004040be f   LIBCMT:mlock.obj
 0001:000030d5       __mtinitlocknum            004040d5 f   LIBCMT:mlock.obj
 0001:00003197       __lock                     00404197 f   LIBCMT:mlock.obj
 0001:000031ca       __isatty                   004041ca f   LIBCMT:isatty.obj
 0001:00003220       __fileno                   00404220 f   LIBCMT:fileno.obj
 0001:00003469       ___updatetmbcinfo          00404469 f   LIBCMT:mbctype.obj
 0001:00003589       __setmbcp_nolock           00404589 f   LIBCMT:mbctype.obj
 0001:00003772       __setmbcp                  00404772 f   LIBCMT:mbctype.obj
 0001:0000390c       ___initmbctable            0040490c f   LIBCMT:mbctype.obj
 0001:0000392a       ___addlocaleref            0040492a f   LIBCMT:localref.obj
 0001:000039b9       ___removelocaleref         004049b9 f   LIBCMT:localref.obj
 0001:00003a52       ___freetlocinfo            00404a52 f   LIBCMT:localref.obj
 0001:00003b9d       __updatetlocinfoEx_nolock  00404b9d f   LIBCMT:localref.obj
 0001:00003bea       ___updatetlocinfo          00404bea f   LIBCMT:localref.obj
 0001:00003c63       __flsbuf                   00404c63 f   LIBCMT:_flsbuf.obj
 0001:00003dc7       __initp_misc_cfltcvt_tab   00404dc7 f   LIBCMT:cmiscdat.obj
 0001:00003df0       _strlen                    00404df0 f   LIBCMT:strlen.obj
 0001:00003e7b       __wctomb_s_l               00404e7b f   LIBCMT:wctomb.obj
 0001:00003fd0       _wctomb_s                  00404fd0 f   LIBCMT:wctomb.obj
 0001:00003fed       __isleadbyte_l             00404fed f i LIBCMT:_wctype.obj
 0001:00004025       _isleadbyte                00405025 f i LIBCMT:_wctype.obj
 0001:00004038       @__security_check_cookie@4 00405038 f   LIBCMT:secchk.obj
 0001:00004050       __aulldvrm                 00405050 f   LIBCMT:ulldvrm.obj
 0001:000040e5       __crt_debugger_hook        004050e5 f   LIBCMT:dbghook.obj
 0001:000040f0       _memset                    004050f0 f   LIBCMT:memset.obj
 0001:00004170       __local_unwind4            00405170 f   LIBCMT:exsup4.obj
 0001:00004246       __seh_longjmp_unwind4@4    00405246 f   LIBCMT:exsup4.obj
 0001:00004262       @_EH4_CallFilterFunc@8     00405262 f   LIBCMT:exsup4.obj
 0001:00004279       @_EH4_TransferToHandler@8  00405279 f   LIBCMT:exsup4.obj
 0001:00004292       @_EH4_GlobalUnwind2@8      00405292 f   LIBCMT:exsup4.obj
 0001:000042ab       @_EH4_LocalUnwind@16       004052ab f   LIBCMT:exsup4.obj
 0001:000042d0       __ValidateImageBase        004052d0 f   LIBCMT:pesect.obj
 0001:00004310       __FindPESection            00405310 f   LIBCMT:pesect.obj
 0001:00004360       __IsNonwritableInCurrentImage 00405360 f   LIBCMT:pesect.obj
 0001:0000441c       ?terminate@@YAXXZ          0040541c f   LIBCMT:hooks.obj
 0001:00004455       __initp_eh_hooks           00405455 f   LIBCMT:hooks.obj
 0001:00004466       __initp_misc_winsig        00405466 f   LIBCMT:winsig.obj
 0001:000044bb       ___get_sigabrt             004054bb f   LIBCMT:winsig.obj
 0001:000044c8       _raise                     004054c8 f   LIBCMT:winsig.obj
 0001:0000466b       __initp_misc_rand_s        0040566b f   LIBCMT:rand_s.obj
 0001:0000467a       __initp_misc_purevirt      0040567a f   LIBCMT:inithelp.obj
 0001:0000473f       ___onexitinit              0040573f f   LIBCMT:onexit.obj
 0001:00004770       __onexit                   00405770 f   LIBCMT:onexit.obj
 0001:000047ac       _atexit                    004057ac f   LIBCMT:onexit.obj
 0001:000047c3       ___crtMessageBoxW          004057c3 f   LIBCMT:crtmboxw.obj
 0001:0000492f       _wcscat_s                  0040592f f   LIBCMT:wcscat_s.obj
 0001:000049a4       _wcsncpy_s                 004059a4 f   LIBCMT:wcsncpy_s.obj
 0001:00004a71       _wcslen                    00405a71 f   LIBCMT:wcslen.obj
 0001:00004a8c       _wcscpy_s                  00405a8c f   LIBCMT:wcscpy_s.obj
 0001:00004aef       __set_error_mode           00405aef f   LIBCMT:errmode.obj
 0001:00004b2e       _strcpy_s                  00405b2e f   LIBCMT:strcpy_s.obj
 0001:00004be0       __ismbblead                00405be0 f   LIBCMT:ismbbyte.obj
 0001:00004bf8       __calloc_impl              00405bf8 f   LIBCMT:calloc_impl.obj
 0001:00004c7a       _realloc                   00405c7a f   LIBCMT:realloc.obj
 0001:00004d27       __fclose_nolock            00405d27 f   LIBCMT:fclose.obj
 0001:00004d94       _fclose                    00405d94 f   LIBCMT:fclose.obj
 0001:00004e08       __write_nolock             00405e08 f   LIBCMT:write.obj
 0001:00005505       __write                    00406505 f   LIBCMT:write.obj
 0001:000055d9       __commit                   004065d9 f   LIBCMT:commit.obj
 0001:000056b2       __freea                    004066b2 f i LIBCMT:a_map.obj
 0001:000058b9       ___crtLCMapStringA         004068b9 f   LIBCMT:a_map.obj
 0001:000059e6       ___crtGetStringTypeA       004069e6 f   LIBCMT:a_str.obj
 0001:00005a26       ___free_lc_time            00406a26 f   LIBCMT:inittime.obj
 0001:00005d9d       ___free_lconv_num          00406d9d f   LIBCMT:initnum.obj
 0001:00005e06       ___free_lconv_mon          00406e06 f   LIBCMT:initmon.obj
 0001:00005f04       __lseeki64_nolock          00406f04 f   LIBCMT:lseeki64.obj
 0001:00005f89       __lseeki64                 00406f89 f   LIBCMT:lseeki64.obj
 0001:00006073       __getbuf                   00407073 f   LIBCMT:_getbuf.obj
 0001:000060bc       __fptrap                   004070bc f   LIBCMT:crt0fp.obj
 0001:000060c5       ___report_gsfailure        004070c5 f   LIBCMT:gs_report.obj
 0001:000061cb       __VEC_memzero              004071cb f   LIBCMT:p4_memset.obj
 0001:00006285       ___sse2_available_init     00407285 f   LIBCMT:cpu_disp.obj
 0001:000062a0       __global_unwind2           004072a0 f   LIBCMT:exsup.obj
 0001:00006305       __local_unwind2            00407305 f   LIBCMT:exsup.obj
 0001:00006389       __abnormal_termination     00407389 f   LIBCMT:exsup.obj
 0001:000063ac       __NLG_Notify1              004073ac f   LIBCMT:exsup.obj
 0001:000063b5       __NLG_Notify               004073b5 f   LIBCMT:exsup.obj
 0001:000063cc       __NLG_Dispatch             004073cc     LIBCMT:exsup.obj
 0001:000063cc       __NLG_Dispatch2            004073cc     LIBCMT:exsup.obj
 0001:000063d4       __NLG_Call                 004073d4 f   LIBCMT:exsup.obj
 0001:000063d6       __NLG_Return2              004073d6     LIBCMT:exsup.obj
 0001:000063d7       _abort                     004073d7 f   LIBCMT:abort.obj
 0001:00006410       _memcpy                    00407410 f   LIBCMT:memcpy.obj
 0001:00006771       __msize                    00407771 f   LIBCMT:msize.obj
 0001:000067a4       __close_nolock             004077a4 f   LIBCMT:close.obj
 0001:00006840       __close                    00407840 f   LIBCMT:close.obj
 0001:00006904       __freebuf                  00407904 f   LIBCMT:_freebuf.obj
 0001:00006935       __putwch_nolock            00407935 f   LIBCMT:putwch.obj
 0001:00006977       __mbtowc_l                 00407977 f   LIBCMT:mbtowc.obj
 0001:00006a8d       _mbtowc                    00407a8d f   LIBCMT:mbtowc.obj
 0001:00006ab0       __alloca_probe             00407ab0     LIBCMT:chkstk.obj
 0001:00006ab0       __chkstk                   00407ab0 f   LIBCMT:chkstk.obj
 0001:00006adb       __free_osfhnd              00407adb f   LIBCMT:osfinfo.obj
 0001:00006b61       __get_osfhandle            00407b61 f   LIBCMT:osfinfo.obj
 0001:00006bca       ___lock_fhandle            00407bca f   LIBCMT:osfinfo.obj
 0001:00006c69       __unlock_fhandle           00407c69 f   LIBCMT:osfinfo.obj
 0001:00006c90       __alloca_probe_16          00407c90 f   LIBCMT:alloca16.obj
 0001:00006ca6       __alloca_probe_8           00407ca6     LIBCMT:alloca16.obj
 0001:00006cbc       __VEC_memcpy               00407cbc f   LIBCMT:p4_memcpy.obj
 0001:00006dbf       ___initconout              00407dbf f   LIBCMT:initcon.obj
 0001:00006dde       ___termconout              00407dde f   LIBCMT:initcon.obj
 0001:00006e00       _strcspn                   00407e00 f   LIBCMT:strcspn.obj
 0001:00006e50       _strcmp                    00407e50 f   LIBCMT:strcmp.obj
 0001:00006ee0       _strpbrk                   00407ee0 f   LIBCMT:strpbrk.obj
 0001:00006f20       ___ascii_strnicmp          00407f20 f   LIBCMT:_strnicm.obj
 0001:00006f90       __allmul                   00407f90 f   LIBCMT:llmul.obj
 0001:00006fc4       _RtlUnwind@16              00407fc4 f   kernel32:KERNEL32.dll
 0002:00000000       __imp__HeapAlloc@12        00408000     kernel32:KERNEL32.dll
 0002:00000004       __imp__GetLastError@0      00408004     kernel32:KERNEL32.dll
 0002:00000008       __imp__HeapFree@12         00408008     kernel32:KERNEL32.dll
 0002:0000000c       __imp__GetCommandLineA@0   0040800c     kernel32:KERNEL32.dll
 0002:00000010       __imp__HeapSetInformation@16 00408010     kernel32:KERNEL32.dll
 0002:00000014       __imp__EnterCriticalSection@4 00408014     kernel32:KERNEL32.dll
 0002:00000018       __imp__LeaveCriticalSection@4 00408018     kernel32:KERNEL32.dll
 0002:0000001c       __imp__DecodePointer@4     0040801c     kernel32:KERNEL32.dll
 0002:00000020       __imp__UnhandledExceptionFilter@4 00408020     kernel32:KERNEL32.dll
 0002:00000024       __imp__SetUnhandledExceptionFilter@4 00408024     kernel32:KERNEL32.dll
 0002:00000028       __imp__IsDebuggerPresent@0 00408028     kernel32:KERNEL32.dll
 0002:0000002c       __imp__EncodePointer@4     0040802c     kernel32:KERNEL32.dll
 0002:00000030       __imp__TerminateProcess@8  00408030     kernel32:KERNEL32.dll
 0002:00000034       __imp__GetCurrentProcess@0 00408034     kernel32:KERNEL32.dll
 0002:00000038       __imp__GetProcAddress@8    00408038     kernel32:KERNEL32.dll
 0002:0000003c       __imp__GetModuleHandleW@4  0040803c     kernel32:KERNEL32.dll
 0002:00000040       __imp__ExitProcess@4       00408040     kernel32:KERNEL32.dll
 0002:00000044       __imp__WriteFile@20        00408044     kernel32:KERNEL32.dll
 0002:00000048       __imp__GetStdHandle@4      00408048     kernel32:KERNEL32.dll
 0002:0000004c       __imp__GetModuleFileNameW@12 0040804c     kernel32:KERNEL32.dll
 0002:00000050       __imp__HeapCreate@12       00408050     kernel32:KERNEL32.dll
 0002:00000054       __imp__GetModuleFileNameA@12 00408054     kernel32:KERNEL32.dll
 0002:00000058       __imp__FreeEnvironmentStringsW@4 00408058     kernel32:KERNEL32.dll
 0002:0000005c       __imp__WideCharToMultiByte@32 0040805c     kernel32:KERNEL32.dll
 0002:00000060       __imp__GetEnvironmentStringsW@0 00408060     kernel32:KERNEL32.dll
 0002:00000064       __imp__SetHandleCount@4    00408064     kernel32:KERNEL32.dll
 0002:00000068       __imp__InitializeCriticalSectionAndSpinCount@8 00408068     kernel32:KERNEL32.dll
 0002:0000006c       __imp__GetFileType@4       0040806c     kernel32:KERNEL32.dll
 0002:00000070       __imp__GetStartupInfoW@4   00408070     kernel32:KERNEL32.dll
 0002:00000074       __imp__DeleteCriticalSection@4 00408074     kernel32:KERNEL32.dll
 0002:00000078       __imp__TlsAlloc@0          00408078     kernel32:KERNEL32.dll
 0002:0000007c       __imp__TlsGetValue@4       0040807c     kernel32:KERNEL32.dll
 0002:00000080       __imp__TlsSetValue@8       00408080     kernel32:KERNEL32.dll
 0002:00000084       __imp__TlsFree@4           00408084     kernel32:KERNEL32.dll
 0002:00000088       __imp__InterlockedIncrement@4 00408088     kernel32:KERNEL32.dll
 0002:0000008c       __imp__SetLastError@4      0040808c     kernel32:KERNEL32.dll
 0002:00000090       __imp__GetCurrentThreadId@0 00408090     kernel32:KERNEL32.dll
 0002:00000094       __imp__InterlockedDecrement@4 00408094     kernel32:KERNEL32.dll
 0002:00000098       __imp__QueryPerformanceCounter@4 00408098     kernel32:KERNEL32.dll
 0002:0000009c       __imp__GetTickCount@0      0040809c     kernel32:KERNEL32.dll
 0002:000000a0       __imp__GetCurrentProcessId@0 004080a0     kernel32:KERNEL32.dll
 0002:000000a4       __imp__GetSystemTimeAsFileTime@4 004080a4     kernel32:KERNEL32.dll
 0002:000000a8       __imp__Sleep@4             004080a8     kernel32:KERNEL32.dll
 0002:000000ac       __imp__GetCPInfo@8         004080ac     kernel32:KERNEL32.dll
 0002:000000b0       __imp__GetACP@0            004080b0     kernel32:KERNEL32.dll
 0002:000000b4       __imp__GetOEMCP@0          004080b4     kernel32:KERNEL32.dll
 0002:000000b8       __imp__IsValidCodePage@4   004080b8     kernel32:KERNEL32.dll
 0002:000000bc       __imp__RtlUnwind@16        004080bc     kernel32:KERNEL32.dll
 0002:000000c0       __imp__LoadLibraryW@4      004080c0     kernel32:KERNEL32.dll
 0002:000000c4       __imp__HeapReAlloc@16      004080c4     kernel32:KERNEL32.dll
 0002:000000c8       __imp__GetConsoleCP@0      004080c8     kernel32:KERNEL32.dll
 0002:000000cc       __imp__GetConsoleMode@8    004080cc     kernel32:KERNEL32.dll
 0002:000000d0       __imp__FlushFileBuffers@4  004080d0     kernel32:KERNEL32.dll
 0002:000000d4       __imp__LCMapStringW@24     004080d4     kernel32:KERNEL32.dll
 0002:000000d8       __imp__MultiByteToWideChar@24 004080d8     kernel32:KERNEL32.dll
 0002:000000dc       __imp__GetStringTypeW@16   004080dc     kernel32:KERNEL32.dll
 0002:000000e0       __imp__SetFilePointer@16   004080e0     kernel32:KERNEL32.dll
 0002:000000e4       __imp__IsProcessorFeaturePresent@4 004080e4     kernel32:KERNEL32.dll
 0002:000000e8       __imp__HeapSize@12         004080e8     kernel32:KERNEL32.dll
 0002:000000ec       __imp__CloseHandle@4       004080ec     kernel32:KERNEL32.dll
 0002:000000f0       __imp__WriteConsoleW@20    004080f0     kernel32:KERNEL32.dll
 0002:000000f4       __imp__SetStdHandle@8      004080f4     kernel32:KERNEL32.dll
 0002:000000f8       __imp__CreateFileW@28      004080f8     kernel32:KERNEL32.dll
 0002:000000fc       \177KERNEL32_NULL_THUNK_DATA 004080fc     kernel32:KERNEL32.dll
 0002:00000100       ___xc_a                    00408100     LIBCMT:crt0init.obj
 0002:00000104       ___xc_z                    00408104     LIBCMT:crt0init.obj
 0002:00000108       ___xi_a                    00408108     LIBCMT:crt0init.obj
 0002:00000120       ___xi_z                    00408120     LIBCMT:crt0init.obj
 0002:00000124       ___xp_a                    00408124     LIBCMT:crt0init.obj
 0002:00000130       ___xp_z                    00408130     LIBCMT:crt0init.obj
 0002:00000134       ___xt_a                    00408134     LIBCMT:crt0init.obj
 0002:00000138       ___xt_z                    00408138     LIBCMT:crt0init.obj
 0002:00000140       ??_C@_1O@CEDCILHN@?$AA?$CI?$AAn?$AAu?$AAl?$AAl?$AA?$CJ?$AA?$AA@ 00408140     LIBCMT:output.obj
 0002:00000150       ??_C@_06OJHGLDPL@?$CInull?$CJ?$AA@ 00408150     LIBCMT:output.obj
 0002:00000158       ___lookuptable             00408158     LIBCMT:output.obj
 0002:000001b4       ??_C@_0P@MIGLKIOC@CorExitProcess?$AA@ 004081b4     LIBCMT:crt0dat.obj
 0002:000001c4       ??_C@_1BI@BGOHAHKC@?$AAm?$AAs?$AAc?$AAo?$AAr?$AAe?$AAe?$AA?4?$AAd?$AAl?$AAl?$AA?$AA@ 004081c4     LIBCMT:crt0dat.obj
 0002:000001dc       ??_C@_1BO@BKOMIGKJ@?$AAr?$AAu?$AAn?$AAt?$AAi?$AAm?$AAe?$AA?5?$AAe?$AAr?$AAr?$AAo?$AAr?$AA?5?$AA?$AA@ 004081dc     LIBCMT:crt0msg.obj
 0002:000001fc       ??_C@_15JNBOKNOG@?$AA?$AN?$AA?6?$AA?$AA@ 004081fc     LIBCMT:crt0msg.obj
 0002:00000204       ??_C@_1BM@JBBEPPHI@?$AAT?$AAL?$AAO?$AAS?$AAS?$AA?5?$AAe?$AAr?$AAr?$AAo?$AAr?$AA?$AN?$AA?6?$AA?$AA@ 00408204     LIBCMT:crt0msg.obj
 0002:00000220       ??_C@_1BK@KMOMNAAI@?$AAS?$AAI?$AAN?$AAG?$AA?5?$AAe?$AAr?$AAr?$AAo?$AAr?$AA?$AN?$AA?6?$AA?$AA@ 00408220     LIBCMT:crt0msg.obj
 0002:0000023c       ??_C@_1BO@BFCDCGC@?$AAD?$AAO?$AAM?$AAA?$AAI?$AAN?$AA?5?$AAe?$AAr?$AAr?$AAo?$AAr?$AA?$AN?$AA?6?$AA?$AA@ 0040823c     LIBCMT:crt0msg.obj
 0002:00000260       ??_C@_1BOO@KGEDBGAJ@?$AAR?$AA6?$AA0?$AA3?$AA3?$AA?$AN?$AA?6?$AA?9?$AA?5?$AAA?$AAt?$AAt?$AAe?$AAm?$AAp?$AAt?$AA?5?$AAt?$AAo?$AA?5?$AAu?$AAs?$AAe?$AA?5?$AAM?$AAS?$AAI?$AAL?$AA?5?$AAc?$AAo?$AAd@ 00408260     LIBCMT:crt0msg.obj
 0002:00000450       ??_C@_1GG@GOPILAJP@?$AAR?$AA6?$AA0?$AA3?$AA2?$AA?$AN?$AA?6?$AA?9?$AA?5?$AAn?$AAo?$AAt?$AA?5?$AAe?$AAn?$AAo?$AAu?$AAg?$AAh?$AA?5?$AAs?$AAp?$AAa?$AAc?$AAe?$AA?5?$AAf?$AAo?$AAr?$AA?5?$AAl?$AAo@ 00408450     LIBCMT:crt0msg.obj
 0002:000004b8       ??_C@_1MG@ENCOOIDF@?$AAR?$AA6?$AA0?$AA3?$AA1?$AA?$AN?$AA?6?$AA?9?$AA?5?$AAA?$AAt?$AAt?$AAe?$AAm?$AAp?$AAt?$AA?5?$AAt?$AAo?$AA?5?$AAi?$AAn?$AAi?$AAt?$AAi?$AAa?$AAl?$AAi?$AAz?$AAe?$AA?5?$AAt@ 004084b8     LIBCMT:crt0msg.obj
 0002:00000580       ??_C@_1DO@BMFCDCD@?$AAR?$AA6?$AA0?$AA3?$AA0?$AA?$AN?$AA?6?$AA?9?$AA?5?$AAC?$AAR?$AAT?$AA?5?$AAn?$AAo?$AAt?$AA?5?$AAi?$AAn?$AAi?$AAt?$AAi?$AAa?$AAl?$AAi?$AAz?$AAe?$AAd?$AA?$AN?$AA?6?$AA?$AA@ 00408580     LIBCMT:crt0msg.obj
 0002:000005c0       ??_C@_1EK@HHFLMAOL@?$AAR?$AA6?$AA0?$AA2?$AA8?$AA?$AN?$AA?6?$AA?9?$AA?5?$AAu?$AAn?$AAa?$AAb?$AAl?$AAe?$AA?5?$AAt?$AAo?$AA?5?$AAi?$AAn?$AAi?$AAt?$AAi?$AAa?$AAl?$AAi?$AAz?$AAe?$AA?5?$AAh?$AAe@ 004085c0     LIBCMT:crt0msg.obj
 0002:00000610       ??_C@_1GK@MFGOKLAG@?$AAR?$AA6?$AA0?$AA2?$AA7?$AA?$AN?$AA?6?$AA?9?$AA?5?$AAn?$AAo?$AAt?$AA?5?$AAe?$AAn?$AAo?$AAu?$AAg?$AAh?$AA?5?$AAs?$AAp?$AAa?$AAc?$AAe?$AA?5?$AAf?$AAo?$AAr?$AA?5?$AAl?$AAo@ 00408610     LIBCMT:crt0msg.obj
 0002:00000680       ??_C@_1GK@MCAAGJMO@?$AAR?$AA6?$AA0?$AA2?$AA6?$AA?$AN?$AA?6?$AA?9?$AA?5?$AAn?$AAo?$AAt?$AA?5?$AAe?$AAn?$AAo?$AAu?$AAg?$AAh?$AA?5?$AAs?$AAp?$AAa?$AAc?$AAe?$AA?5?$AAf?$AAo?$AAr?$AA?5?$AAs?$AAt@ 00408680     LIBCMT:crt0msg.obj
 0002:000006f0       ??_C@_1EM@MAADIHMB@?$AAR?$AA6?$AA0?$AA2?$AA5?$AA?$AN?$AA?6?$AA?9?$AA?5?$AAp?$AAu?$AAr?$AAe?$AA?5?$AAv?$AAi?$AAr?$AAt?$AAu?$AAa?$AAl?$AA?5?$AAf?$AAu?$AAn?$AAc?$AAt?$AAi?$AAo?$AAn?$AA?5?$AAc@ 004086f0     LIBCMT:crt0msg.obj
 0002:00000740       ??_C@_1GK@FHCKBEFA@?$AAR?$AA6?$AA0?$AA2?$AA4?$AA?$AN?$AA?6?$AA?9?$AA?5?$AAn?$AAo?$AAt?$AA?5?$AAe?$AAn?$AAo?$AAu?$AAg?$AAh?$AA?5?$AAs?$AAp?$AAa?$AAc?$AAe?$AA?5?$AAf?$AAo?$AAr?$AA?5?$AA_?$AAo@ 00408740     LIBCMT:crt0msg.obj
 0002:000007b0       ??_C@_1FC@ECHBIFBC@?$AAR?$AA6?$AA0?$AA1?$AA9?$AA?$AN?$AA?6?$AA?9?$AA?5?$AAu?$AAn?$AAa?$AAb?$AAl?$AAe?$AA?5?$AAt?$AAo?$AA?5?$AAo?$AAp?$AAe?$AAn?$AA?5?$AAc?$AAo?$AAn?$AAs?$AAo?$AAl?$AAe?$AA?5@ 004087b0     LIBCMT:crt0msg.obj
 0002:00000808       ??_C@_1EC@JIBHAOPH@?$AAR?$AA6?$AA0?$AA1?$AA8?$AA?$AN?$AA?6?$AA?9?$AA?5?$AAu?$AAn?$AAe?$AAx?$AAp?$AAe?$AAc?$AAt?$AAe?$AAd?$AA?5?$AAh?$AAe?$AAa?$AAp?$AA?5?$AAe?$AAr?$AAr?$AAo?$AAr?$AA?$AN?$AA?6@ 00408808     LIBCMT:crt0msg.obj
 0002:00000850       ??_C@_1FK@BEOGODMC@?$AAR?$AA6?$AA0?$AA1?$AA7?$AA?$AN?$AA?6?$AA?9?$AA?5?$AAu?$AAn?$AAe?$AAx?$AAp?$AAe?$AAc?$AAt?$AAe?$AAd?$AA?5?$AAm?$AAu?$AAl?$AAt?$AAi?$AAt?$AAh?$AAr?$AAe?$AAa?$AAd?$AA?5@ 00408850     LIBCMT:crt0msg.obj
 0002:000008b0       ??_C@_1FI@LOGNIKDM@?$AAR?$AA6?$AA0?$AA1?$AA6?$AA?$AN?$AA?6?$AA?9?$AA?5?$AAn?$AAo?$AAt?$AA?5?$AAe?$AAn?$AAo?$AAu?$AAg?$AAh?$AA?5?$AAs?$AAp?$AAa?$AAc?$AAe?$AA?5?$AAf?$AAo?$AAr?$AA?5?$AAt?$AAh@ 004088b0     LIBCMT:crt0msg.obj
 0002:00000908       ??_C@_1EG@BEHAGFJD@?$AAR?$AA6?$AA0?$AA1?$AA0?$AA?$AN?$AA?6?$AA?9?$AA?5?$AAa?$AAb?$AAo?$AAr?$AAt?$AA?$CI?$AA?$CJ?$AA?5?$AAh?$AAa?$AAs?$AA?5?$AAb?$AAe?$AAe?$AAn?$AA?5?$AAc?$AAa?$AAl?$AAl?$AAe?$AAd@ 00408908     LIBCMT:crt0msg.obj
 0002:00000950       ??_C@_1FI@HONFMGBI@?$AAR?$AA6?$AA0?$AA0?$AA9?$AA?$AN?$AA?6?$AA?9?$AA?5?$AAn?$AAo?$AAt?$AA?5?$AAe?$AAn?$AAo?$AAu?$AAg?$AAh?$AA?5?$AAs?$AAp?$AAa?$AAc?$AAe?$AA?5?$AAf?$AAo?$AAr?$AA?5?$AAe?$AAn@ 00408950     LIBCMT:crt0msg.obj
 0002:000009a8       ??_C@_1FE@LLNEDJMD@?$AAR?$AA6?$AA0?$AA0?$AA8?$AA?$AN?$AA?6?$AA?9?$AA?5?$AAn?$AAo?$AAt?$AA?5?$AAe?$AAn?$AAo?$AAu?$AAg?$AAh?$AA?5?$AAs?$AAp?$AAa?$AAc?$AAe?$AA?5?$AAf?$AAo?$AAr?$AA?5?$AAa?$AAr@ 004089a8     LIBCMT:crt0msg.obj
 0002:00000a00       ??_C@_1FK@PGACCAFB@?$AAR?$AA6?$AA0?$AA0?$AA2?$AA?$AN?$AA?6?$AA?9?$AA?5?$AAf?$AAl?$AAo?$AAa?$AAt?$AAi?$AAn?$AAg?$AA?5?$AAp?$AAo?$AAi?$AAn?$AAt?$AA?5?$AAs?$AAu?$AAp?$AAp?$AAo?$AAr?$AAt?$AA?5@ 00408a00     LIBCMT:crt0msg.obj
 0002:00000b10       ??_C@_1EK@MBDPDCGA@?$AAM?$AAi?$AAc?$AAr?$AAo?$AAs?$AAo?$AAf?$AAt?$AA?5?$AAV?$AAi?$AAs?$AAu?$AAa?$AAl?$AA?5?$AAC?$AA?$CL?$AA?$CL?$AA?5?$AAR?$AAu?$AAn?$AAt?$AAi?$AAm?$AAe?$AA?5?$AAL?$AAi?$AAb@ 00408b10     LIBCMT:crt0msg.obj
 0002:00000b5c       ??_C@_15IABLJNFO@?$AA?6?$AA?6?$AA?$AA@ 00408b5c     LIBCMT:crt0msg.obj
 0002:00000b64       ??_C@_17LGKOMLJ@?$AA?4?$AA?4?$AA?4?$AA?$AA@ 00408b64     LIBCMT:crt0msg.obj
 0002:00000b6c       ??_C@_1CO@EAEJAADC@?$AA?$DM?$AAp?$AAr?$AAo?$AAg?$AAr?$AAa?$AAm?$AA?5?$AAn?$AAa?$AAm?$AAe?$AA?5?$AAu?$AAn?$AAk?$AAn?$AAo?$AAw?$AAn?$AA?$DO?$AA?$AA@ 00408b6c     LIBCMT:crt0msg.obj
 0002:00000b9c       ??_C@_1DE@JNGNBFGO@?$AAR?$AAu?$AAn?$AAt?$AAi?$AAm?$AAe?$AA?5?$AAE?$AAr?$AAr?$AAo?$AAr?$AA?$CB?$AA?6?$AA?6?$AAP?$AAr?$AAo?$AAg?$AAr?$AAa?$AAm?$AA?3?$AA?5?$AA?$AA@ 00408b9c     LIBCMT:crt0msg.obj
 0002:00000bd0       __XcptActTab               00408bd0     LIBCMT:winxfltr.obj
 0002:00000c60       __First_FPE_Indx           00408c60     LIBCMT:winxfltr.obj
 0002:00000c64       __Num_FPE                  00408c64     LIBCMT:winxfltr.obj
 0002:00000c68       __XcptActTabSize           00408c68     LIBCMT:winxfltr.obj
 0002:00000c6c       __XcptActTabCount          00408c6c     LIBCMT:winxfltr.obj
 0002:00000c70       ??_C@_1BK@DBDEIDLH@?$AAK?$AAE?$AAR?$AAN?$AAE?$AAL?$AA3?$AA2?$AA?4?$AAD?$AAL?$AAL?$AA?$AA@ 00408c70     LIBCMT:tidtable.obj
 0002:00000c8c       ??_C@_07PEJMOBNF@FlsFree?$AA@ 00408c8c     LIBCMT:tidtable.obj
 0002:00000c94       ??_C@_0M@JCPCPOEF@FlsSetValue?$AA@ 00408c94     LIBCMT:tidtable.obj
 0002:00000ca0       ??_C@_0M@GDNOONDI@FlsGetValue?$AA@ 00408ca0     LIBCMT:tidtable.obj
 0002:00000cac       ??_C@_08KNHFBNJ@FlsAlloc?$AA@ 00408cac     LIBCMT:tidtable.obj
 0002:00000cb8       ??_C@_1BC@GDGBMEMK@?$AAH?$AAH?$AA?3?$AAm?$AAm?$AA?3?$AAs?$AAs?$AA?$AA@ 00408cb8     LIBCMT:nlsdata2.obj
 0002:00000ccc       ??_C@_1CI@KNAKOEBC@?$AAd?$AAd?$AAd?$AAd?$AA?0?$AA?5?$AAM?$AAM?$AAM?$AAM?$AA?5?$AAd?$AAd?$AA?0?$AA?5?$AAy?$AAy?$AAy?$AAy?$AA?$AA@ 00408ccc     LIBCMT:nlsdata2.obj
 0002:00000cf4       ??_C@_1BC@IEBCMHCM@?$AAM?$AAM?$AA?1?$AAd?$AAd?$AA?1?$AAy?$AAy?$AA?$AA@ 00408cf4     LIBCMT:nlsdata2.obj
 0002:00000d08       ??_C@_15CLMNNGEL@?$AAP?$AAM?$AA?$AA@ 00408d08     LIBCMT:nlsdata2.obj
 0002:00000d10       ??_C@_15ODEHAHHF@?$AAA?$AAM?$AA?$AA@ 00408d10     LIBCMT:nlsdata2.obj
 0002:00000d18       ??_C@_1BC@FEMKIFH@?$AAD?$AAe?$AAc?$AAe?$AAm?$AAb?$AAe?$AAr?$AA?$AA@ 00408d18     LIBCMT:nlsdata2.obj
 0002:00000d2c       ??_C@_1BC@BGLIFPF@?$AAN?$AAo?$AAv?$AAe?$AAm?$AAb?$AAe?$AAr?$AA?$AA@ 00408d2c     LIBCMT:nlsdata2.obj
 0002:00000d40       ??_C@_1BA@EPANDLNG@?$AAO?$AAc?$AAt?$AAo?$AAb?$AAe?$AAr?$AA?$AA@ 00408d40     LIBCMT:nlsdata2.obj
 0002:00000d50       ??_C@_1BE@DKAAMBJL@?$AAS?$AAe?$AAp?$AAt?$AAe?$AAm?$AAb?$AAe?$AAr?$AA?$AA@ 00408d50     LIBCMT:nlsdata2.obj
 0002:00000d64       ??_C@_1O@PAHLKOAC@?$AAA?$AAu?$AAg?$AAu?$AAs?$AAt?$AA?$AA@ 00408d64     LIBCMT:nlsdata2.obj
 0002:00000d74       ??_C@_19BIFMLPCD@?$AAJ?$AAu?$AAl?$AAy?$AA?$AA@ 00408d74     LIBCMT:nlsdata2.obj
 0002:00000d80       ??_C@_19EPFLPGAP@?$AAJ?$AAu?$AAn?$AAe?$AA?$AA@ 00408d80     LIBCMT:nlsdata2.obj
 0002:00000d8c       ??_C@_1M@GJNLMHFD@?$AAA?$AAp?$AAr?$AAi?$AAl?$AA?$AA@ 00408d8c     LIBCMT:nlsdata2.obj
 0002:00000d98       ??_C@_1M@IKEENEDF@?$AAM?$AAa?$AAr?$AAc?$AAh?$AA?$AA@ 00408d98     LIBCMT:nlsdata2.obj
 0002:00000da4       ??_C@_1BC@JGDDFFAM@?$AAF?$AAe?$AAb?$AAr?$AAu?$AAa?$AAr?$AAy?$AA?$AA@ 00408da4     LIBCMT:nlsdata2.obj
 0002:00000db8       ??_C@_1BA@EFMEIEBA@?$AAJ?$AAa?$AAn?$AAu?$AAa?$AAr?$AAy?$AA?$AA@ 00408db8     LIBCMT:nlsdata2.obj
 0002:00000dc8       ??_C@_17EGKACKIF@?$AAD?$AAe?$AAc?$AA?$AA@ 00408dc8     LIBCMT:nlsdata2.obj
 0002:00000dd0       ??_C@_17BBDMLCIG@?$AAN?$AAo?$AAv?$AA?$AA@ 00408dd0     LIBCMT:nlsdata2.obj
 0002:00000dd8       ??_C@_17FNLKOI@?$AAO?$AAc?$AAt?$AA?$AA@ 00408dd8     LIBCMT:nlsdata2.obj
 0002:00000de0       ??_C@_17HCHCOKMG@?$AAS?$AAe?$AAp?$AA?$AA@ 00408de0     LIBCMT:nlsdata2.obj
 0002:00000de8       ??_C@_17ICPELBCN@?$AAA?$AAu?$AAg?$AA?$AA@ 00408de8     LIBCMT:nlsdata2.obj
 0002:00000df0       ??_C@_17IJPCKHK@?$AAJ?$AAu?$AAl?$AA?$AA@ 00408df0     LIBCMT:nlsdata2.obj
 0002:00000df8       ??_C@_17KCJGOCPB@?$AAJ?$AAu?$AAn?$AA?$AA@ 00408df8     LIBCMT:nlsdata2.obj
 0002:00000e00       ??_C@_17PNNKMEED@?$AAM?$AAa?$AAy?$AA?$AA@ 00408e00     LIBCMT:nlsdata2.obj
 0002:00000e08       ??_C@_17LFPOIHDD@?$AAA?$AAp?$AAr?$AA?$AA@ 00408e08     LIBCMT:nlsdata2.obj
 0002:00000e10       ??_C@_17CKNLEDEC@?$AAM?$AAa?$AAr?$AA?$AA@ 00408e10     LIBCMT:nlsdata2.obj
 0002:00000e18       ??_C@_17LMDJEKJN@?$AAF?$AAe?$AAb?$AA?$AA@ 00408e18     LIBCMT:nlsdata2.obj
 0002:00000e20       ??_C@_17DKNBKCHM@?$AAJ?$AAa?$AAn?$AA?$AA@ 00408e20     LIBCMT:nlsdata2.obj
 0002:00000e28       ??_C@_1BC@ENMNNPAJ@?$AAS?$AAa?$AAt?$AAu?$AAr?$AAd?$AAa?$AAy?$AA?$AA@ 00408e28     LIBCMT:nlsdata2.obj
 0002:00000e3c       ??_C@_1O@PDICJHAG@?$AAF?$AAr?$AAi?$AAd?$AAa?$AAy?$AA?$AA@ 00408e3c     LIBCMT:nlsdata2.obj
 0002:00000e4c       ??_C@_1BC@HHMNLIHE@?$AAT?$AAh?$AAu?$AAr?$AAs?$AAd?$AAa?$AAy?$AA?$AA@ 00408e4c     LIBCMT:nlsdata2.obj
 0002:00000e60       ??_C@_1BE@EBOGMDOH@?$AAW?$AAe?$AAd?$AAn?$AAe?$AAs?$AAd?$AAa?$AAy?$AA?$AA@ 00408e60     LIBCMT:nlsdata2.obj
 0002:00000e74       ??_C@_1BA@ENFBFFEK@?$AAT?$AAu?$AAe?$AAs?$AAd?$AAa?$AAy?$AA?$AA@ 00408e74     LIBCMT:nlsdata2.obj
 0002:00000e84       ??_C@_1O@MMNBFLIA@?$AAM?$AAo?$AAn?$AAd?$AAa?$AAy?$AA?$AA@ 00408e84     LIBCMT:nlsdata2.obj
 0002:00000e94       ??_C@_1O@IHNHDHPB@?$AAS?$AAu?$AAn?$AAd?$AAa?$AAy?$AA?$AA@ 00408e94     LIBCMT:nlsdata2.obj
 0002:00000ea4       ??_C@_17GGIBDPIH@?$AAS?$AAa?$AAt?$AA?$AA@ 00408ea4     LIBCMT:nlsdata2.obj
 0002:00000eac       ??_C@_17HFOLPPLP@?$AAF?$AAr?$AAi?$AA?$AA@ 00408eac     LIBCMT:nlsdata2.obj
 0002:00000eb4       ??_C@_17PDPHAADD@?$AAT?$AAh?$AAu?$AA?$AA@ 00408eb4     LIBCMT:nlsdata2.obj
 0002:00000ebc       ??_C@_17CJEDCEPE@?$AAW?$AAe?$AAd?$AA?$AA@ 00408ebc     LIBCMT:nlsdata2.obj
 0002:00000ec4       ??_C@_17BMKGEGOJ@?$AAT?$AAu?$AAe?$AA?$AA@ 00408ec4     LIBCMT:nlsdata2.obj
 0002:00000ecc       ??_C@_17KBOMKBF@?$AAM?$AAo?$AAn?$AA?$AA@ 00408ecc     LIBCMT:nlsdata2.obj
 0002:00000ed4       ??_C@_17MBGCMIPB@?$AAS?$AAu?$AAn?$AA?$AA@ 00408ed4     LIBCMT:nlsdata2.obj
 0002:00000edc       ??_C@_08JCCMCCIL@HH?3mm?3ss?$AA@ 00408edc     LIBCMT:nlsdata2.obj
 0002:00000ee8       ??_C@_0BE@CKGJFCPC@dddd?0?5MMMM?5dd?0?5yyyy?$AA@ 00408ee8     LIBCMT:nlsdata2.obj
 0002:00000efc       ??_C@_08BPBNCDIB@MM?1dd?1yy?$AA@ 00408efc     LIBCMT:nlsdata2.obj
 0002:00000f08       ??_C@_02CJNFDJBF@PM?$AA@   00408f08     LIBCMT:nlsdata2.obj
 0002:00000f0c       ??_C@_02DEDBPAFC@AM?$AA@   00408f0c     LIBCMT:nlsdata2.obj
 0002:00000f10       ??_C@_08EDHMEBNP@December?$AA@ 00408f10     LIBCMT:nlsdata2.obj
 0002:00000f1c       ??_C@_08HCHEGEOA@November?$AA@ 00408f1c     LIBCMT:nlsdata2.obj
 0002:00000f28       ??_C@_07JJNFCEND@October?$AA@ 00408f28     LIBCMT:nlsdata2.obj
 0002:00000f30       ??_C@_09BHHEALKD@September?$AA@ 00408f30     LIBCMT:nlsdata2.obj
 0002:00000f3c       ??_C@_06LBBHFDDG@August?$AA@ 00408f3c     LIBCMT:nlsdata2.obj
 0002:00000f44       ??_C@_04MIEPOIFP@July?$AA@ 00408f44     LIBCMT:nlsdata2.obj
 0002:00000f4c       ??_C@_04CNLMGBGM@June?$AA@ 00408f4c     LIBCMT:nlsdata2.obj
 0002:00000f54       ??_C@_05DMJDNLEJ@April?$AA@ 00408f54     LIBCMT:nlsdata2.obj
 0002:00000f5c       ??_C@_05HPCKOFNC@March?$AA@ 00408f5c     LIBCMT:nlsdata2.obj
 0002:00000f64       ??_C@_08GNJGEPFN@February?$AA@ 00408f64     LIBCMT:nlsdata2.obj
 0002:00000f70       ??_C@_07CGJPFGJA@January?$AA@ 00408f70     LIBCMT:nlsdata2.obj
 0002:00000f78       ??_C@_03MKABNOCG@Dec?$AA@  00408f78     LIBCMT:nlsdata2.obj
 0002:00000f7c       ??_C@_03JPJOFNIA@Nov?$AA@  00408f7c     LIBCMT:nlsdata2.obj
 0002:00000f80       ??_C@_03BMAOKBAD@Oct?$AA@  00408f80     LIBCMT:nlsdata2.obj
 0002:00000f84       ??_C@_03GGCAPAJC@Sep?$AA@  00408f84     LIBCMT:nlsdata2.obj
 0002:00000f88       ??_C@_03IFJFEIGA@Aug?$AA@  00408f88     LIBCMT:nlsdata2.obj
 0002:00000f8c       ??_C@_03LBGABGKK@Jul?$AA@  00408f8c     LIBCMT:nlsdata2.obj
 0002:00000f90       ??_C@_03IDFGHECI@Jun?$AA@  00408f90     LIBCMT:nlsdata2.obj
 0002:00000f94       ??_C@_03CNMDKL@May?$AA@    00408f94     LIBCMT:nlsdata2.obj
 0002:00000f98       ??_C@_03LEOLGMJP@Apr?$AA@  00408f98     LIBCMT:nlsdata2.obj
 0002:00000f9c       ??_C@_03ODNJBKGA@Mar?$AA@  00408f9c     LIBCMT:nlsdata2.obj
 0002:00000fa0       ??_C@_03HJBDCHOM@Feb?$AA@  00408fa0     LIBCMT:nlsdata2.obj
 0002:00000fa4       ??_C@_03JIHJHPIE@Jan?$AA@  00408fa4     LIBCMT:nlsdata2.obj
 0002:00000fa8       ??_C@_08INBOOONO@Saturday?$AA@ 00408fa8     LIBCMT:nlsdata2.obj
 0002:00000fb4       ??_C@_06JECMNKMI@Friday?$AA@ 00408fb4     LIBCMT:nlsdata2.obj
 0002:00000fbc       ??_C@_08HACCIKIA@Thursday?$AA@ 00408fbc     LIBCMT:nlsdata2.obj
 0002:00000fc8       ??_C@_09DLIGFAKA@Wednesday?$AA@ 00408fc8     LIBCMT:nlsdata2.obj
 0002:00000fd4       ??_C@_07BAAGCFCM@Tuesday?$AA@ 00408fd4     LIBCMT:nlsdata2.obj
 0002:00000fdc       ??_C@_06JLEDEDGH@Monday?$AA@ 00408fdc     LIBCMT:nlsdata2.obj
 0002:00000fe4       ??_C@_06OOPIFAJ@Sunday?$AA@ 00408fe4     LIBCMT:nlsdata2.obj
 0002:00000fec       ??_C@_03FEFJNEK@Sat?$AA@   00408fec     LIBCMT:nlsdata2.obj
 0002:00000ff0       ??_C@_03IDIOELNC@Fri?$AA@  00408ff0     LIBCMT:nlsdata2.obj
 0002:00000ff4       ??_C@_03IOFIKPDN@Thu?$AA@  00408ff4     LIBCMT:nlsdata2.obj
 0002:00000ff8       ??_C@_03MHOMLAJA@Wed?$AA@  00408ff8     LIBCMT:nlsdata2.obj
 0002:00000ffc       ??_C@_03NAGEINEP@Tue?$AA@  00408ffc     LIBCMT:nlsdata2.obj
 0002:00001000       ??_C@_03PDAGKDH@Mon?$AA@   00409000     LIBCMT:nlsdata2.obj
 0002:00001004       ??_C@_03KOEHGMDN@Sun?$AA@  00409004     LIBCMT:nlsdata2.obj
 0002:00001008       ___lookuptable_s           00409008     LIBCMT:outputs.obj
 0002:00001064       ??_C@_0BI@DFKBFLJE@GetProcessWindowStation?$AA@ 00409064     LIBCMT:crtmboxw.obj
 0002:0000107c       ??_C@_0BK@DEKFELLI@GetUserObjectInformationW?$AA@ 0040907c     LIBCMT:crtmboxw.obj
 0002:00001098       ??_C@_0BD@HHGDFDBJ@GetLastActivePopup?$AA@ 00409098     LIBCMT:crtmboxw.obj
 0002:000010ac       ??_C@_0BA@HNOPNCHB@GetActiveWindow?$AA@ 004090ac     LIBCMT:crtmboxw.obj
 0002:000010bc       ??_C@_0M@DLDCCGNP@MessageBoxW?$AA@ 004090bc     LIBCMT:crtmboxw.obj
 0002:000010c8       ??_C@_1BG@GOEBHBDC@?$AAU?$AAS?$AAE?$AAR?$AA3?$AA2?$AA?4?$AAD?$AAL?$AAL?$AA?$AA@ 004090c8     LIBCMT:crtmboxw.obj
 0002:000010e0       ___newctype                004090e0     LIBCMT:ctype.obj
 0002:000013e0       __wctype                   004093e0     LIBCMT:ctype.obj
 0002:000015e8       ___newclmap                004095e8     LIBCMT:ctype.obj
 0002:00001768       ___newcumap                00409768     LIBCMT:ctype.obj
 0002:00001970       ??_C@_1BA@BALFACEM@?$AAC?$AAO?$AAN?$AAO?$AAU?$AAT?$AA$?$AA?$AA@ 00409970     LIBCMT:initcon.obj
 0002:00001980       __load_config_used         00409980     LIBCMT:loadcfg.obj
 0002:000019d0       ___safe_se_handler_table   004099d0     <linker-defined>
 0002:000019dc       ___rtc_iaa                 004099dc     LIBCMT:_initsect_.obj
 0002:000019e0       ___rtc_izz                 004099e0     LIBCMT:_initsect_.obj
 0002:000019e4       ___rtc_taa                 004099e4     LIBCMT:_initsect_.obj
 0002:000019e8       ___rtc_tzz                 004099e8     LIBCMT:_initsect_.obj
 0002:00001ca4       __IMPORT_DESCRIPTOR_KERNEL32 00409ca4     kernel32:KERNEL32.dll
 0002:00001cb8       __NULL_IMPORT_DESCRIPTOR   00409cb8     kernel32:KERNEL32.dll
 0003:00000124       ___app_type                0040b124     LIBCMT:crt0.obj
 0003:00000128       __iob                      0040b128     LIBCMT:_file.obj
 0003:000003a8       ___nullstring              0040b3a8     LIBCMT:output.obj
 0003:000003ac       ___wnullstring             0040b3ac     LIBCMT:output.obj
 0003:00000520       ___security_cookie         0040b520     LIBCMT:gs_cookie.obj
 0003:00000524       ___security_cookie_complement 0040b524     LIBCMT:gs_cookie.obj
 0003:00000528       ___badioinfo               0040b528     LIBCMT:ioinit.obj
 0003:00000568       ___flsindex                0040b568     LIBCMT:tidtable.obj
 0003:0000056c       ___getvalueindex           0040b56c     LIBCMT:tidtable.obj
 0003:00000690       ___initialmbcinfo          0040b690     LIBCMT:mbctype.obj
 0003:000008b0       __mbctype                  0040b8b0     LIBCMT:mbctype.obj
 0003:000009b8       __mbcasemap                0040b9b8     LIBCMT:mbctype.obj
 0003:00000ab8       ___ptmbcinfo               0040bab8     LIBCMT:mbctype.obj
 0003:00000bb0       ___globallocalestatus      0040bbb0     LIBCMT:glstatus.obj
 0003:00000bb4       ___clocalestr              0040bbb4     LIBCMT:nlsdata2.obj
 0003:00000bb8       ___lc_time_c               0040bbb8     LIBCMT:nlsdata2.obj
 0003:00000d20       ___initiallocinfo          0040bd20     LIBCMT:nlsdata2.obj
 0003:00000df8       ___ptlocinfo               0040bdf8     LIBCMT:nlsdata2.obj
 0003:00000dfc       __cfltcvt_tab              0040bdfc     LIBCMT:cmiscdat.obj
 0003:00000e30       ___lconv_static_decimal    0040be30     LIBCMT:lconv.obj
 0003:00000e34       ___lconv_static_W_decimal  0040be34     LIBCMT:lconv.obj
 0003:00000e38       ___lconv_c                 0040be38     LIBCMT:lconv.obj
 0003:00000e88       ___lconv                   0040be88     LIBCMT:lconv.obj
 0003:00000e8c       __pctype                   0040be8c     LIBCMT:ctype.obj
 0003:00000e90       __pwctype                  0040be90     LIBCMT:ctype.obj
 0003:00000ea0       __NLG_Destination          0040bea0     LIBCMT:exsup.obj
 0003:00000eb0       ___abort_behavior          0040beb0     LIBCMT:abort.obj
 0003:00000ec4       __confh                    0040bec4     LIBCMT:initcon.obj
 0003:00000ec8       ___mb_cur_max              0040bec8     LIBCMT:nlsdata1.obj
 0003:00000ecc       ___decimal_point           0040becc     LIBCMT:nlsdata1.obj
 0003:00000ed0       ___decimal_point_length    0040bed0     LIBCMT:nlsdata1.obj
 0003:00000ee4       __aenvptr                  0040bee4     LIBCMT:crt0.obj
 0003:00000ee8       __wenvptr                  0040bee8     LIBCMT:crt0.obj
 0003:00000eec       ___error_mode              0040beec     LIBCMT:crt0.obj
 0003:00000ef0       __cflush                   0040bef0     LIBCMT:_file.obj
 0003:00000ef4       __stdbuf                   0040bef4     LIBCMT:_sftbuf.obj
 0003:00000efc       ___pInvalidArgHandler      0040befc     LIBCMT:invarg.obj
 0003:00000f00       __umaskval                 0040bf00     LIBCMT:crt0dat.obj
 0003:00000f04       ___argc                    0040bf04     LIBCMT:crt0dat.obj
 0003:00000f08       ___argv                    0040bf08     LIBCMT:crt0dat.obj
 0003:00000f0c       ___wargv                   0040bf0c     LIBCMT:crt0dat.obj
 0003:00000f10       __environ                  0040bf10     LIBCMT:crt0dat.obj
 0003:00000f14       ___initenv                 0040bf14     LIBCMT:crt0dat.obj
 0003:00000f18       __wenviron                 0040bf18     LIBCMT:crt0dat.obj
 0003:00000f1c       ___winitenv                0040bf1c     LIBCMT:crt0dat.obj
 0003:00000f20       __pgmptr                   0040bf20     LIBCMT:crt0dat.obj
 0003:00000f24       __wpgmptr                  0040bf24     LIBCMT:crt0dat.obj
 0003:00000f28       __exitflag                 0040bf28     LIBCMT:crt0dat.obj
 0003:00000f2c       __C_Termination_Done       0040bf2c     LIBCMT:crt0dat.obj
 0003:00000f30       __C_Exit_Done              0040bf30     LIBCMT:crt0dat.obj
 0003:00001560       __crtheap                  0040c560     LIBCMT:heapinit.obj
 0003:00001564       ?_pnhHeap@@3P6AHI@ZA       0040c564     LIBCMT:handler.obj
 0003:00001568       __newmode                  0040c568     LIBCMT:_newmode.obj
 0003:00001678       _gpFlsAlloc                0040c678     LIBCMT:tidtable.obj
 0003:0000167c       _gpFlsGetValue             0040c67c     LIBCMT:tidtable.obj
 0003:00001680       _gpFlsSetValue             0040c680     LIBCMT:tidtable.obj
 0003:00001684       _gpFlsFree                 0040c684     LIBCMT:tidtable.obj
 0003:00001688       __maxwait                  0040c688     LIBCMT:crtheap.obj
 0003:000017e4       ___mbulinfo                0040c7e4     LIBCMT:mbctype.obj
 0003:000017f0       ___mbcodepage              0040c7f0     LIBCMT:mbctype.obj
 0003:000017f4       ___ismbcodepage            0040c7f4     LIBCMT:mbctype.obj
 0003:000017f8       ___mblcid                  0040c7f8     LIBCMT:mbctype.obj
 0003:000017fc       ?__pInconsistency@@3P6AXXZA 0040c7fc     LIBCMT:hooks.obj
 0003:00001818       ___pPurecall               0040c818     LIBCMT:inithelp.obj
 0003:00001830       ___lconv_static_null       0040c830     LIBCMT:lconv.obj
 0003:00001834       ___lconv_static_W_null     0040c834     LIBCMT:lconv.obj
 0003:00001b5c       ___locale_changed          0040cb5c     LIBCMT:setlocal.obj
 0003:00001b60       ___sse2_available          0040cb60     <common>
 0003:00001b64       __debugger_hook_dummy      0040cb64     <common>
 0003:00001b68       __nhandle                  0040cb68     <common>
 0003:00001b80       ___pioinfo                 0040cb80     <common>
 0003:00001c80       ___env_initialized         0040cc80     <common>
 0003:00001c84       ___onexitend               0040cc84     <common>
 0003:00001c88       ___onexitbegin             0040cc88     <common>
 0003:00001c8c       ___mbctype_initialized     0040cc8c     <common>
 0003:00001c90       __FPinit                   0040cc90     <common>
 0003:00001c94       ___dyn_tls_init_callback   0040cc94     <common>
 0003:00001c98       __pDestructExceptionObject 0040cc98     <common>
 0003:00001c9c       ___piob                    0040cc9c     <common>
 0003:00001ca0       __bufin                    0040cca0     <common>
 0003:00002ca0       __nstream                  0040dca0     <common>
 0003:00002ca4       __acmdln                   0040dca4     <common>
 0003:00002ca8       __NoHeapEnableTerminationOnCorruption 0040dca8     <common>

 entry point at        0001:0000073b

 Static symbols

 0001:000005b1       _fast_error_exit           004015b1 f   LIBCMT:crt0.obj
 0001:000005da       ___tmainCRTStartup         004015da f   LIBCMT:crt0.obj
 0001:00000a51       _write_char                00401a51 f   LIBCMT:output.obj
 0001:00000a84       _write_string              00401a84 f   LIBCMT:output.obj
 0001:00001c02       _doexit                    00402c02 f   LIBCMT:crt0dat.obj
 0001:00002283       _parse_cmdline             00403283 f   LIBCMT:stdargv.obj
 0001:00002f3a       _flsall                    00403f3a f   LIBCMT:fflush.obj
 0001:00003246       ?CPtoLCID@@YAHH@Z          00404246 f   LIBCMT:mbctype.obj
 0001:00003275       ?setSBCS@@YAXPAUthreadmbcinfostruct@@@Z 00404275 f   LIBCMT:mbctype.obj
 0001:000032d9       ?setSBUpLow@@YAXPAUthreadmbcinfostruct@@@Z 004042d9 f   LIBCMT:mbctype.obj
 0001:0000350d       ?getSystemCP@@YAHH@Z       0040450d f   LIBCMT:mbctype.obj
 0001:00004200       __unwind_handler4          00405200 f   LIBCMT:exsup4.obj
 0001:00004484       _siglookup                 00405484 f   LIBCMT:winsig.obj
 0001:00004689       __onexit_nolock            00405689 f   LIBCMT:onexit.obj
 0001:00004b8d       ?x_ismbbtype_l@@YAHPAUlocaleinfo_struct@@IHH@Z 00405b8d f   LIBCMT:ismbbyte.obj
 0001:000056d2       ?__crtLCMapStringA_stat@@YAHPAUlocaleinfo_struct@@KKPBDHPADHHH@Z 004066d2 f   LIBCMT:a_map.obj
 0001:000058ff       ?__crtGetStringTypeA_stat@@YAHPAUlocaleinfo_struct@@KPBDHPAGHHH@Z 004068ff f   LIBCMT:a_str.obj
 0001:000062c0       __unwind_handler           004072c0 f   LIBCMT:exsup.obj
