 TestCharFrequncy

 Timestamp is 54e70270 (Fri Feb 20 15:16:24 2015)

 Preferred load address is 00400000

 Start         Length     Name                   Class
 0001:00000000 0001648cH .text                   CODE
 0002:00000000 00000104H .CRT$XCA                DATA
 0002:00000104 00000104H .CRT$XCZ                DATA
 0002:00000208 00000104H .CRT$XIA                DATA
 0002:0000030c 00000113H .CRT$XIC                DATA
 0002:00000420 00000104H .CRT$XIY                DATA
 0002:00000524 00000104H .CRT$XIZ                DATA
 0002:00000628 00000104H .CRT$XPA                DATA
 0002:0000072c 00000104H .CRT$XPX                DATA
 0002:00000830 00000104H .CRT$XPXA               DATA
 0002:00000934 00000104H .CRT$XPZ                DATA
 0002:00000a38 00000104H .CRT$XTA                DATA
 0002:00000b3c 00000104H .CRT$XTZ                DATA
 0002:00000c40 0000293cH .rdata                  DATA
 0002:0000357c 0000015dH .rdata$debug            DATA
 0002:000036e0 0000010eH .rdata$sxdata           DATA
 0002:000037f0 00000104H .rtc$IAA                DATA
 0002:000038f4 00000104H .rtc$IZZ                DATA
 0002:000039f8 00000104H .rtc$TAA                DATA
 0002:00003afc 00000104H .rtc$TZZ                DATA
 0002:00003c00 0000061eH .xdata$x                DATA
 0002:0000421e 00000000H .edata                  DATA
 0003:00000000 00001310H .data                   DATA
 0003:00001320 00002198H .bss                    DATA
 0004:00000000 00000014H .idata$2                DATA
 0004:00000014 00000014H .idata$3                DATA
 0004:00000028 0000018cH .idata$4                DATA
 0004:000001b4 0000018cH .idata$5                DATA
 0004:00000340 000006eeH .idata$6                DATA

  Address         Publics by Value              Rva+Base       Lib:Object

 0000:00000000       __except_list              00000000     <absolute>
 0000:00000003       ___safe_se_handler_count   00000003     <absolute>
 0000:00000000       ___ImageBase               00400000     <linker-defined>
 0001:00000080       _Contains                  00401080 f   TestCharFrequncy.obj
 0001:000000d0       _GetFrequency              004010d0 f   TestCharFrequncy.obj
 0001:00000120       _PrintFrequencyList        00401120 f   TestCharFrequncy.obj
 0001:00000180       _PrintFrequencyMap         00401180 f   TestCharFrequncy.obj
 0001:00000210       _Initialize                00401210 f   TestCharFrequncy.obj
 0001:00000290       _SetupCharFrequency        00401290 f   TestCharFrequncy.obj
 0001:000002f0       _CreateEmptyCharFrequency  004012f0 f   TestCharFrequncy.obj
 0001:00000320       _CreateEmptyCharIntNode    00401320 f   TestCharFrequncy.obj
 0001:00000350       _Insert                    00401350 f   TestCharFrequncy.obj
 0001:00000390       _BumpFrequency             00401390 f   TestCharFrequncy.obj
 0001:000003e0       _main                      004013e0 f   TestCharFrequncy.obj
 0001:0000069d       _printf                    0040169d f   LIBCMT:printf.obj
 0001:00000744       __printf_l                 00401744 f   LIBCMT:printf.obj
 0001:0000075d       __printf_s_l               0040175d f   LIBCMT:printf.obj
 0001:00000776       _printf_s                  00401776 f   LIBCMT:printf.obj
 0001:0000078e       __printf_p_l               0040178e f   LIBCMT:printf.obj
 0001:000007a7       __printf_p                 004017a7 f   LIBCMT:printf.obj
 0001:000007bf       __set_printf_count_output  004017bf f   LIBCMT:printf.obj
 0001:000007e9       __get_printf_count_output  004017e9 f   LIBCMT:printf.obj
 0001:000007ff       __heap_alloc               004017ff f i LIBCMT:malloc.obj
 0001:0000083e       _malloc                    0040183e f   LIBCMT:malloc.obj
 0001:000008d2       _free                      004018d2 f   LIBCMT:free.obj
 0001:00000add       _mainCRTStartup            00401add f   LIBCMT:crt0.obj
 0001:00000ae7       ___iob_func                00401ae7 f   LIBCMT:_file.obj
 0001:00000aed       ___initstdio               00401aed f   LIBCMT:_file.obj
 0001:00000b9e       ___endstdio                00401b9e f   LIBCMT:_file.obj
 0001:00000bbe       __lock_file                00401bbe f   LIBCMT:_file.obj
 0001:00000bff       __lock_file2               00401bff f   LIBCMT:_file.obj
 0001:00000c31       __unlock_file              00401c31 f   LIBCMT:_file.obj
 0001:00000c6d       __unlock_file2             00401c6d f   LIBCMT:_file.obj
 0001:00000c9c       __stbuf                    00401c9c f   LIBCMT:_sftbuf.obj
 0001:00000d38       __ftbuf                    00401d38 f   LIBCMT:_sftbuf.obj
 0001:00000d6c       ??0_LocaleUpdate@@QAE@PAUlocaleinfo_struct@@@Z 00401d6c f i LIBCMT:output.obj
 0001:00000df3       ??1_LocaleUpdate@@QAE@XZ   00401df3 f i LIBCMT:output.obj
 0001:00000e01       ?GetLocaleT@_LocaleUpdate@@QAEPAUlocaleinfo_struct@@XZ 00401e01 f i LIBCMT:output.obj
 0001:00000ed1       _get_int_arg               00401ed1 f i LIBCMT:output.obj
 0001:00000ee3       _get_int64_arg             00401ee3 f i LIBCMT:output.obj
 0001:00000ef8       _get_short_arg             00401ef8 f i LIBCMT:output.obj
 0001:00000f0b       __output_l                 00401f0b f   LIBCMT:output.obj
 0001:00001ab7       __initp_misc_invarg        00402ab7 f   LIBCMT:invarg.obj
 0001:00001ac6       __call_reportfault         00402ac6 f   LIBCMT:invarg.obj
 0001:00001bef       __set_invalid_parameter_handler 00402bef f   LIBCMT:invarg.obj
 0001:00001c16       __get_invalid_parameter_handler 00402c16 f   LIBCMT:invarg.obj
 0001:00001c23       __invoke_watson            00402c23 f   LIBCMT:invarg.obj
 0001:00001c48       ?_invoke_watson@@YAXPBG00II@Z 00402c48 f   LIBCMT:invarg.obj
 0001:00001c62       __invalid_parameter        00402c62 f   LIBCMT:invarg.obj
 0001:00001c8f       __invalid_parameter_noinfo 00402c8f f   LIBCMT:invarg.obj
 0001:00001c9f       __invalid_parameter_noinfo_noreturn 00402c9f f   LIBCMT:invarg.obj
 0001:00001ccd       ?_invalid_parameter@@YAXPBG00II@Z 00402ccd f   LIBCMT:invarg.obj
 0001:00001cd8       __get_errno_from_oserr     00402cd8 f   LIBCMT:dosmap.obj
 0001:00001d1a       __errno                    00402d1a f   LIBCMT:dosmap.obj
 0001:00001d2d       ___doserrno                00402d2d f   LIBCMT:dosmap.obj
 0001:00001d40       __dosmaperr                00402d40 f   LIBCMT:dosmap.obj
 0001:00001d63       __set_errno                00402d63 f   LIBCMT:dosmap.obj
 0001:00001d84       __get_errno                00402d84 f   LIBCMT:dosmap.obj
 0001:00001da9       __set_doserrno             00402da9 f   LIBCMT:dosmap.obj
 0001:00001dca       __get_doserrno             00402dca f   LIBCMT:dosmap.obj
 0001:00001df0       __SEH_prolog4              00402df0 f   LIBCMT:sehprolg4.obj
 0001:00001e35       __SEH_epilog4              00402e35 f   LIBCMT:sehprolg4.obj
 0001:00001e80       __except_handler4          00402e80 f   LIBCMT:chandler4.obj
 0001:0000200f       _vprintf_helper            0040300f f   LIBCMT:vprintf.obj
 0001:00002094       __vprintf_l                00403094 f   LIBCMT:vprintf.obj
 0001:000020b1       __vprintf_s_l              004030b1 f   LIBCMT:vprintf.obj
 0001:000020ce       __vprintf_p_l              004030ce f   LIBCMT:vprintf.obj
 0001:000020eb       _vprintf                   004030eb f   LIBCMT:vprintf.obj
 0001:00002107       _vprintf_s                 00403107 f   LIBCMT:vprintf.obj
 0001:00002123       __vprintf_p                00403123 f   LIBCMT:vprintf.obj
 0001:0000213f       ___crtCorExitProcess       0040313f f   LIBCMT:crt0dat.obj
 0001:0000216a       ___crtExitProcess          0040316a f   LIBCMT:crt0dat.obj
 0001:00002182       __lockexit                 00403182 f   LIBCMT:crt0dat.obj
 0001:0000218b       __unlockexit               0040318b f   LIBCMT:crt0dat.obj
 0001:00002194       __init_pointers            00403194 f   LIBCMT:crt0dat.obj
 0001:000021e4       __initterm_e               004031e4 f   LIBCMT:crt0dat.obj
 0001:00002208       __get_wpgmptr              00403208 f   LIBCMT:crt0dat.obj
 0001:00002238       __get_pgmptr               00403238 f   LIBCMT:crt0dat.obj
 0001:00002268       __cinit                    00403268 f   LIBCMT:crt0dat.obj
 0001:0000243f       _exit                      0040343f f   LIBCMT:crt0dat.obj
 0001:00002455       __exit                     00403455 f   LIBCMT:crt0dat.obj
 0001:0000246b       __cexit                    0040346b f   LIBCMT:crt0dat.obj
 0001:0000247a       __c_exit                   0040347a f   LIBCMT:crt0dat.obj
 0001:00002489       __amsg_exit                00403489 f   LIBCMT:crt0dat.obj
 0001:000024a7       __invoke_watson_if_error   004034a7 f i LIBCMT:crt0msg.obj
 0001:000024c8       __GET_RTERRMSG             004034c8 f   LIBCMT:crt0msg.obj
 0001:000024ee       __NMSG_WRITE               004034ee f   LIBCMT:crt0msg.obj
 0001:0000269d       __FF_MSGBANNER             0040369d f   LIBCMT:crt0msg.obj
 0001:000026d6       __heap_init                004036d6 f   LIBCMT:heapinit.obj
 0001:000026f4       __heap_term                004036f4 f   LIBCMT:heapinit.obj
 0001:00002708       __get_heap_handle          00403708 f   LIBCMT:heapinit.obj
 0001:0000270e       __initp_heap_handler       0040370e f   LIBCMT:handler.obj
 0001:0000271d       ?_set_new_handler@@YAP6AHI@ZP6AHI@Z@Z 0040371d f   LIBCMT:handler.obj
 0001:00002754       ?_set_new_handler@@YAP6AHI@ZH@Z 00403754 f   LIBCMT:handler.obj
 0001:0000275d       ?_query_new_handler@@YAP6AHI@ZXZ 0040375d f   LIBCMT:handler.obj
 0001:0000276a       __callnewh                 0040376a f   LIBCMT:handler.obj
 0001:00002792       ?__CxxUnhandledExceptionFilter@@YGJPAU_EXCEPTION_POINTERS@@@Z 00403792 f   LIBCMT:unhandld.obj
 0001:000027d4       ___CxxSetUnhandledExceptionFilter 004037d4 f   LIBCMT:unhandld.obj
 0001:00002808       __XcptFilter               00403808 f   LIBCMT:winxfltr.obj
 0001:00002952       ___CppXcptFilter           00403952 f   LIBCMT:winxfltr.obj
 0001:00002972       __setenvp                  00403972 f   LIBCMT:stdenvp.obj
 0001:00002a4e       __set_pgmptr               00403a4e f i LIBCMT:stdargv.obj
 0001:00002bf7       __setargv                  00403bf7 f   LIBCMT:stdargv.obj
 0001:00002cb2       ___crtGetEnvironmentStringsA 00403cb2 f   LIBCMT:a_env.obj
 0001:00002d49       __ioinit                   00403d49 f   LIBCMT:ioinit.obj
 0001:00002f8e       __ioterm                   00403f8e f   LIBCMT:ioinit.obj
 0001:00002fe1       __RTC_Initialize           00403fe1 f   LIBCMT:_initsect_.obj
 0001:00003007       __RTC_Terminate            00404007 f   LIBCMT:_initsect_.obj
 0001:0000302d       __encoded_null             0040402d f   LIBCMT:tidtable.obj
 0001:00003036       ___crtTlsAlloc@4           00404036 f   LIBCMT:tidtable.obj
 0001:0000303f       ___fls_getvalue@4          0040403f f   LIBCMT:tidtable.obj
 0001:00003059       ___get_flsindex            00404059 f   LIBCMT:tidtable.obj
 0001:0000305f       ___set_flsgetvalue         0040405f f   LIBCMT:tidtable.obj
 0001:00003093       ___fls_setvalue@8          00404093 f   LIBCMT:tidtable.obj
 0001:000030b0       __mtterm                   004040b0 f   LIBCMT:tidtable.obj
 0001:000030ed       __initptd                  004040ed f   LIBCMT:tidtable.obj
 0001:000031a1       __getptd_noexit            004041a1 f   LIBCMT:tidtable.obj
 0001:0000321a       __getptd                   0040421a f   LIBCMT:tidtable.obj
 0001:00003234       __freefls@4                00404234 f   LIBCMT:tidtable.obj
 0001:00003363       __freeptd                  00404363 f   LIBCMT:tidtable.obj
 0001:000033d1       ___threadid                004043d1 f   LIBCMT:tidtable.obj
 0001:000033d7       ___threadhandle            004043d7 f   LIBCMT:tidtable.obj
 0001:000033dd       __mtinit                   004043dd f   LIBCMT:tidtable.obj
 0001:00003558       ___security_init_cookie    00404558 f   LIBCMT:gs_support.obj
 0001:000035f3       _wait_a_bit                004045f3 f i LIBCMT:crtheap.obj
 0001:00003619       __set_malloc_crt_max_wait  00404619 f   LIBCMT:crtheap.obj
 0001:0000362e       __malloc_crt               0040462e f   LIBCMT:crtheap.obj
 0001:00003673       __calloc_crt               00404673 f   LIBCMT:crtheap.obj
 0001:000036bf       __realloc_crt              004046bf f   LIBCMT:crtheap.obj
 0001:0000370d       __recalloc_crt             0040470d f   LIBCMT:crtheap.obj
 0001:0000375f       __fcloseall                0040475f f   LIBCMT:closeall.obj
 0001:000037fb       __flush                    004047fb f   LIBCMT:fflush.obj
 0001:00003863       __fflush_nolock            00404863 f   LIBCMT:fflush.obj
 0001:00003985       _fflush                    00404985 f   LIBCMT:fflush.obj
 0001:000039d8       __flushall                 004049d8 f   LIBCMT:fflush.obj
 0001:000039e1       __mtinitlocks              004049e1 f   LIBCMT:mlock.obj
 0001:00003a2b       __mtdeletelocks            00404a2b f   LIBCMT:mlock.obj
 0001:00003a82       __unlock                   00404a82 f   LIBCMT:mlock.obj
 0001:00003a99       __lockerr_exit             00404a99 f   LIBCMT:mlock.obj
 0001:00003ab1       __mtinitlocknum            00404ab1 f   LIBCMT:mlock.obj
 0001:00003b73       __lock                     00404b73 f   LIBCMT:mlock.obj
 0001:00003ba6       __isatty                   00404ba6 f   LIBCMT:isatty.obj
 0001:00003bfc       __fileno                   00404bfc f   LIBCMT:fileno.obj
 0001:00003e45       ___updatetmbcinfo          00404e45 f   LIBCMT:mbctype.obj
 0001:00003f65       __setmbcp_nolock           00404f65 f   LIBCMT:mbctype.obj
 0001:0000414e       __getmbcp                  0040514e f   LIBCMT:mbctype.obj
 0001:0000418c       __setmbcp                  0040518c f   LIBCMT:mbctype.obj
 0001:00004326       ___initmbctable            00405326 f   LIBCMT:mbctype.obj
 0001:00004344       ___addlocaleref            00405344 f   LIBCMT:localref.obj
 0001:000043d3       ___removelocaleref         004053d3 f   LIBCMT:localref.obj
 0001:0000446c       ___freetlocinfo            0040546c f   LIBCMT:localref.obj
 0001:000045b7       __updatetlocinfoEx_nolock  004055b7 f   LIBCMT:localref.obj
 0001:00004604       ___updatetlocinfo          00405604 f   LIBCMT:localref.obj
 0001:0000467d       __flsbuf                   0040567d f   LIBCMT:_flsbuf.obj
 0001:000047e1       __initp_misc_cfltcvt_tab   004057e1 f   LIBCMT:cmiscdat.obj
 0001:00004810       _strlen                    00405810 f   LIBCMT:strlen.obj
 0001:0000489b       __wctomb_s_l               0040589b f   LIBCMT:wctomb.obj
 0001:000049f0       _wctomb_s                  004059f0 f   LIBCMT:wctomb.obj
 0001:00004a0d       __wctomb_l                 00405a0d f   LIBCMT:wctomb.obj
 0001:00004a5e       _wctomb                    00405a5e f   LIBCMT:wctomb.obj
 0001:00004a90       __isleadbyte_l             00405a90 f i LIBCMT:_wctype.obj
 0001:00004ac8       _isleadbyte                00405ac8 f i LIBCMT:_wctype.obj
 0001:00004adb       __iswalpha_l               00405adb f i LIBCMT:_wctype.obj
 0001:00004af1       _iswalpha                  00405af1 f i LIBCMT:_wctype.obj
 0001:00004b07       __iswupper_l               00405b07 f i LIBCMT:_wctype.obj
 0001:00004b1a       _iswupper                  00405b1a f i LIBCMT:_wctype.obj
 0001:00004b2d       __iswlower_l               00405b2d f i LIBCMT:_wctype.obj
 0001:00004b40       _iswlower                  00405b40 f i LIBCMT:_wctype.obj
 0001:00004b53       __iswdigit_l               00405b53 f i LIBCMT:_wctype.obj
 0001:00004b66       _iswdigit                  00405b66 f i LIBCMT:_wctype.obj
 0001:00004b79       __iswxdigit_l              00405b79 f i LIBCMT:_wctype.obj
 0001:00004b8f       _iswxdigit                 00405b8f f i LIBCMT:_wctype.obj
 0001:00004ba5       __iswspace_l               00405ba5 f i LIBCMT:_wctype.obj
 0001:00004bb8       _iswspace                  00405bb8 f i LIBCMT:_wctype.obj
 0001:00004bcb       __iswpunct_l               00405bcb f i LIBCMT:_wctype.obj
 0001:00004bde       _iswpunct                  00405bde f i LIBCMT:_wctype.obj
 0001:00004bf1       __iswalnum_l               00405bf1 f i LIBCMT:_wctype.obj
 0001:00004c07       _iswalnum                  00405c07 f i LIBCMT:_wctype.obj
 0001:00004c1d       __iswprint_l               00405c1d f i LIBCMT:_wctype.obj
 0001:00004c33       _iswprint                  00405c33 f i LIBCMT:_wctype.obj
 0001:00004c49       __iswgraph_l               00405c49 f i LIBCMT:_wctype.obj
 0001:00004c5f       _iswgraph                  00405c5f f i LIBCMT:_wctype.obj
 0001:00004c75       __iswcntrl_l               00405c75 f i LIBCMT:_wctype.obj
 0001:00004c88       _iswcntrl                  00405c88 f i LIBCMT:_wctype.obj
 0001:00004c9b       _iswascii                  00405c9b f i LIBCMT:_wctype.obj
 0001:00004caf       __iswcsym_l                00405caf f i LIBCMT:_wctype.obj
 0001:00004cd5       ___iswcsym                 00405cd5 f i LIBCMT:_wctype.obj
 0001:00004cfb       __iswcsymf_l               00405cfb f i LIBCMT:_wctype.obj
 0001:00004d21       ___iswcsymf                00405d21 f i LIBCMT:_wctype.obj
 0001:00004d47       @__security_check_cookie@4 00405d47 f   LIBCMT:secchk.obj
 0001:00004d60       __aulldvrm                 00405d60 f   LIBCMT:ulldvrm.obj
 0001:00004df5       __crt_debugger_hook        00405df5 f   LIBCMT:dbghook.obj
 0001:00004e00       _memset                    00405e00 f   LIBCMT:memset.obj
 0001:00004e80       __local_unwind4            00405e80 f   LIBCMT:exsup4.obj
 0001:00004f56       __seh_longjmp_unwind4@4    00405f56 f   LIBCMT:exsup4.obj
 0001:00004f72       @_EH4_CallFilterFunc@8     00405f72 f   LIBCMT:exsup4.obj
 0001:00004f89       @_EH4_TransferToHandler@8  00405f89 f   LIBCMT:exsup4.obj
 0001:00004fa2       @_EH4_GlobalUnwind2@8      00405fa2 f   LIBCMT:exsup4.obj
 0001:00004fbb       @_EH4_LocalUnwind@16       00405fbb f   LIBCMT:exsup4.obj
 0001:00004fe0       __ValidateImageBase        00405fe0 f   LIBCMT:pesect.obj
 0001:00005020       __FindPESection            00406020 f   LIBCMT:pesect.obj
 0001:00005070       __IsNonwritableInCurrentImage 00406070 f   LIBCMT:pesect.obj
 0001:000051f9       __output_s_l               004061f9 f   LIBCMT:outputs.obj
 0001:00005dc9       __validate_param_reuseA    00406dc9 f   LIBCMT:outputp.obj
 0001:00005fc1       _get_crtdouble_arg         00406fc1 f i LIBCMT:outputp.obj
 0001:00005fd6       __output_p_l               00406fd6 f   LIBCMT:outputp.obj
 0001:000072c2       ?terminate@@YAXXZ          004082c2 f   LIBCMT:hooks.obj
 0001:000072fb       ?unexpected@@YAXXZ         004082fb f   LIBCMT:hooks.obj
 0001:0000730e       ?_inconsistency@@YAXXZ     0040830e f   LIBCMT:hooks.obj
 0001:00007346       __initp_eh_hooks           00408346 f   LIBCMT:hooks.obj
 0001:00007357       __initp_misc_winsig        00408357 f   LIBCMT:winsig.obj
 0001:00007448       ___get_sigabrt             00408448 f   LIBCMT:winsig.obj
 0001:00007455       ___fpecode                 00408455 f   LIBCMT:winsig.obj
 0001:0000745e       ___pxcptinfoptrs           0040845e f   LIBCMT:winsig.obj
 0001:00007467       _signal                    00408467 f   LIBCMT:winsig.obj
 0001:000076a7       _raise                     004086a7 f   LIBCMT:winsig.obj
 0001:0000784a       __initp_misc_rand_s        0040884a f   LIBCMT:rand_s.obj
 0001:00007859       _rand_s                    00408859 f   LIBCMT:rand_s.obj
 0001:00007949       ___getlocaleinfo           00408949 f   LIBCMT:inithelp.obj
 0001:00007af5       __initp_misc_purevirt      00408af5 f   LIBCMT:inithelp.obj
 0001:00007bba       ___onexitinit              00408bba f   LIBCMT:onexit.obj
 0001:00007beb       __onexit                   00408beb f   LIBCMT:onexit.obj
 0001:00007c27       _atexit                    00408c27 f   LIBCMT:onexit.obj
 0001:00007c3e       ___crtMessageBoxW          00408c3e f   LIBCMT:crtmboxw.obj
 0001:00007daa       _wcscat_s                  00408daa f   LIBCMT:wcscat_s.obj
 0001:00007e1f       _wcsncpy_s                 00408e1f f   LIBCMT:wcsncpy_s.obj
 0001:00007eec       _wcslen                    00408eec f   LIBCMT:wcslen.obj
 0001:00007f07       _wcscpy_s                  00408f07 f   LIBCMT:wcscpy_s.obj
 0001:00007f6a       __set_error_mode           00408f6a f   LIBCMT:errmode.obj
 0001:00007fa9       ___set_app_type            00408fa9 f   LIBCMT:errmode.obj
 0001:00007fb8       _strcpy_s                  00408fb8 f   LIBCMT:strcpy_s.obj
 0001:0000806a       __ismbbkalnum_l            0040906a f   LIBCMT:ismbbyte.obj
 0001:00008083       __ismbbkalnum              00409083 f   LIBCMT:ismbbyte.obj
 0001:0000809b       __ismbbkprint_l            0040909b f   LIBCMT:ismbbyte.obj
 0001:000080b4       __ismbbkprint              004090b4 f   LIBCMT:ismbbyte.obj
 0001:000080cc       __ismbbkpunct_l            004090cc f   LIBCMT:ismbbyte.obj
 0001:000080e5       __ismbbkpunct              004090e5 f   LIBCMT:ismbbyte.obj
 0001:000080fd       __ismbbalnum_l             004090fd f   LIBCMT:ismbbyte.obj
 0001:00008119       __ismbbalnum               00409119 f   LIBCMT:ismbbyte.obj
 0001:00008134       __ismbbalpha_l             00409134 f   LIBCMT:ismbbyte.obj
 0001:00008150       __ismbbalpha               00409150 f   LIBCMT:ismbbyte.obj
 0001:0000816b       __ismbbgraph_l             0040916b f   LIBCMT:ismbbyte.obj
 0001:00008187       __ismbbgraph               00409187 f   LIBCMT:ismbbyte.obj
 0001:000081a2       __ismbbprint_l             004091a2 f   LIBCMT:ismbbyte.obj
 0001:000081be       __ismbbprint               004091be f   LIBCMT:ismbbyte.obj
 0001:000081d9       __ismbbpunct_l             004091d9 f   LIBCMT:ismbbyte.obj
 0001:000081f2       __ismbbpunct               004091f2 f   LIBCMT:ismbbyte.obj
 0001:0000820a       __ismbblead_l              0040920a f   LIBCMT:ismbbyte.obj
 0001:00008223       __ismbblead                00409223 f   LIBCMT:ismbbyte.obj
 0001:0000823b       __ismbbtrail_l             0040923b f   LIBCMT:ismbbyte.obj
 0001:00008254       __ismbbtrail               00409254 f   LIBCMT:ismbbyte.obj
 0001:0000826c       __ismbbkana_l              0040926c f   LIBCMT:ismbbyte.obj
 0001:000082c1       __ismbbkana                004092c1 f   LIBCMT:ismbbyte.obj
 0001:000082d4       __calloc_impl              004092d4 f   LIBCMT:calloc_impl.obj
 0001:00008356       _realloc                   00409356 f   LIBCMT:realloc.obj
 0001:00008403       __recalloc                 00409403 f   LIBCMT:recalloc.obj
 0001:00008471       __fclose_nolock            00409471 f   LIBCMT:fclose.obj
 0001:000084de       _fclose                    004094de f   LIBCMT:fclose.obj
 0001:00008552       __write_nolock             00409552 f   LIBCMT:write.obj
 0001:00008c4f       __write                    00409c4f f   LIBCMT:write.obj
 0001:00008d23       __commit                   00409d23 f   LIBCMT:commit.obj
 0001:00008dfc       __MarkAllocaS              00409dfc f i LIBCMT:a_map.obj
 0001:00008e12       __freea                    00409e12 f i LIBCMT:a_map.obj
 0001:00009037       ___crtLCMapStringA         0040a037 f   LIBCMT:a_map.obj
 0001:00009164       ___crtGetStringTypeA       0040a164 f   LIBCMT:a_str.obj
 0001:000099a3       ___free_lc_time            0040a9a3 f   LIBCMT:inittime.obj
 0001:00009d1a       ___init_time               0040ad1a f   LIBCMT:inittime.obj
 0001:00009dc7       ___free_lconv_num          0040adc7 f   LIBCMT:initnum.obj
 0001:00009e30       ___init_numeric            0040ae30 f   LIBCMT:initnum.obj
 0001:0000a050       ___free_lconv_mon          0040b050 f   LIBCMT:initmon.obj
 0001:0000a14e       ___init_monetary           0040b14e f   LIBCMT:initmon.obj
 0001:0000a4ae       _localeconv                0040b4ae f   LIBCMT:lconv.obj
 0001:0000a4d4       ___pwctype_func            0040b4d4 f   LIBCMT:ctype.obj
 0001:0000a4da       ___pctype_func             0040b4da f   LIBCMT:ctype.obj
 0001:0000a503       __lseeki64_nolock          0040b503 f   LIBCMT:lseeki64.obj
 0001:0000a588       __lseeki64                 0040b588 f   LIBCMT:lseeki64.obj
 0001:0000a672       __getbuf                   0040b672 f   LIBCMT:_getbuf.obj
 0001:0000a6bb       __fptrap                   0040b6bb f   LIBCMT:crt0fp.obj
 0001:0000a6c4       ___init_ctype              0040b6c4 f   LIBCMT:initctyp.obj
 0001:0000aa6b       ____mb_cur_max_func        0040ba6b f   LIBCMT:initctyp.obj
 0001:0000aa94       ____mb_cur_max_l_func      0040ba94 f   LIBCMT:initctyp.obj
 0001:0000aab0       ____lc_codepage_func       0040bab0 f   LIBCMT:initctyp.obj
 0001:0000aad6       ____lc_collate_cp_func     0040bad6 f   LIBCMT:initctyp.obj
 0001:0000aafc       ____lc_handle_func         0040bafc f   LIBCMT:initctyp.obj
 0001:0000ab22       _iswctype                  0040bb22 f   LIBCMT:iswctype.obj
 0001:0000ab77       _is_wctype                 0040bb77 f   LIBCMT:iswctype.obj
 0001:0000ab82       __iswctype_l               0040bb82 f   LIBCMT:iswctype.obj
 0001:0000ab96       ___report_gsfailure        0040bb96 f   LIBCMT:gs_report.obj
 0001:0000ac9c       __VEC_memzero              0040bc9c f   LIBCMT:p4_memset.obj
 0001:0000ad56       ___sse2_available_init     0040bd56 f   LIBCMT:cpu_disp.obj
 0001:0000ad70       __global_unwind2           0040bd70 f   LIBCMT:exsup.obj
 0001:0000add5       __local_unwind2            0040bdd5 f   LIBCMT:exsup.obj
 0001:0000ae59       __abnormal_termination     0040be59 f   LIBCMT:exsup.obj
 0001:0000ae7c       __NLG_Notify1              0040be7c f   LIBCMT:exsup.obj
 0001:0000ae85       __NLG_Notify               0040be85 f   LIBCMT:exsup.obj
 0001:0000ae9c       __NLG_Dispatch             0040be9c     LIBCMT:exsup.obj
 0001:0000ae9c       __NLG_Dispatch2            0040be9c     LIBCMT:exsup.obj
 0001:0000aea4       __NLG_Call                 0040bea4 f   LIBCMT:exsup.obj
 0001:0000aea6       __NLG_Return2              0040bea6     LIBCMT:exsup.obj
 0001:0000b0d2       _strtol                    0040c0d2 f   LIBCMT:strtol.obj
 0001:0000b0fd       __strtol_l                 0040c0fd f   LIBCMT:strtol.obj
 0001:0000b11a       _strtoul                   0040c11a f   LIBCMT:strtol.obj
 0001:0000b146       __strtoul_l                0040c146 f   LIBCMT:strtol.obj
 0001:0000b163       _abort                     0040c163 f   LIBCMT:abort.obj
 0001:0000b196       __set_abort_behavior       0040c196 f   LIBCMT:abort.obj
 0001:0000b1c0       _memcpy                    0040c1c0 f   LIBCMT:memcpy.obj
 0001:0000b521       _strncpy_s                 0040c521 f   LIBCMT:strncpy_s.obj
 0001:0000b6b0       ___crtGetLocaleInfoA       0040c6b0 f   LIBCMT:a_loc.obj
 0001:0000b6ea       __msize                    0040c6ea f   LIBCMT:msize.obj
 0001:0000b71d       __close_nolock             0040c71d f   LIBCMT:close.obj
 0001:0000b7b9       __close                    0040c7b9 f   LIBCMT:close.obj
 0001:0000b87d       __freebuf                  0040c87d f   LIBCMT:_freebuf.obj
 0001:0000b8ae       __putwch_nolock            0040c8ae f   LIBCMT:putwch.obj
 0001:0000b8f0       __putwch                   0040c8f0 f   LIBCMT:putwch.obj
 0001:0000b936       __mbtowc_l                 0040c936 f   LIBCMT:mbtowc.obj
 0001:0000ba4c       _mbtowc                    0040ca4c f   LIBCMT:mbtowc.obj
 0001:0000ba70       __alloca_probe             0040ca70     LIBCMT:chkstk.obj
 0001:0000ba70       __chkstk                   0040ca70 f   LIBCMT:chkstk.obj
 0001:0000ba9b       __set_osfhnd               0040ca9b f   LIBCMT:osfinfo.obj
 0001:0000bb1c       __free_osfhnd              0040cb1c f   LIBCMT:osfinfo.obj
 0001:0000bba2       __get_osfhandle            0040cba2 f   LIBCMT:osfinfo.obj
 0001:0000bc0b       ___lock_fhandle            0040cc0b f   LIBCMT:osfinfo.obj
 0001:0000bcaa       __unlock_fhandle           0040ccaa f   LIBCMT:osfinfo.obj
 0001:0000bcd1       __alloc_osfhnd             0040ccd1 f   LIBCMT:osfinfo.obj
 0001:0000be6a       __open_osfhandle           0040ce6a f   LIBCMT:osfinfo.obj
 0001:0000bf80       __alloca_probe_16          0040cf80 f   LIBCMT:alloca16.obj
 0001:0000bf96       __alloca_probe_8           0040cf96     LIBCMT:alloca16.obj
 0001:0000bfac       __isctype_l                0040cfac f   LIBCMT:isctype.obj
 0001:0000c064       __isctype                  0040d064 f   LIBCMT:isctype.obj
 0001:0000c096       ____setlc_active_func      0040d096 f   LIBCMT:setlocal.obj
 0001:0000c09c       ____unguarded_readlc_active_add_func 0040d09c f   LIBCMT:setlocal.obj
 0001:0000c0c8       __configthreadlocale       0040d0c8 f   LIBCMT:setlocal.obj
 0001:0000c14f       __free_locale              0040d14f f   LIBCMT:setlocal.obj
 0001:0000c211       ___free_locale             0040d211 f   LIBCMT:setlocal.obj
 0001:0000c21c       __get_current_locale       0040d21c f   LIBCMT:setlocal.obj
 0001:0000c2cb       ___get_current_locale      0040d2cb f   LIBCMT:setlocal.obj
 0001:0000c2d0       ___init_dummy              0040d2d0 f   LIBCMT:setlocal.obj
 0001:0000c2d3       __strcats                  0040d2d3 f   LIBCMT:setlocal.obj
 0001:0000c314       ___lc_strtolc              0040d314 f   LIBCMT:setlocal.obj
 0001:0000c433       ___lc_lctostr              0040d433 f   LIBCMT:setlocal.obj
 0001:0000c603       __expandlocale             0040d603 f   LIBCMT:setlocal.obj
 0001:0000cd7a       __create_locale            0040dd7a f   LIBCMT:setlocal.obj
 0001:0000ce6f       ___create_locale           0040de6f f   LIBCMT:setlocal.obj
 0001:0000ce7a       _setlocale                 0040de7a f   LIBCMT:setlocal.obj
 0001:0000cfee       __VEC_memcpy               0040dfee f   LIBCMT:p4_memcpy.obj
 0001:0000d0f1       ___initconout              0040e0f1 f   LIBCMT:initcon.obj
 0001:0000d110       ___termconout              0040e110 f   LIBCMT:initcon.obj
 0001:0000d127       ___init_collate            0040e127 f   LIBCMT:initcoll.obj
 0001:0000d12a       _strcat_s                  0040e12a f   LIBCMT:strcat_s.obj
 0001:0000d1a0       _strcspn                   0040e1a0 f   LIBCMT:strcspn.obj
 0001:0000d1f0       _strcmp                    0040e1f0 f   LIBCMT:strcmp.obj
 0001:0000d845       ___get_qualified_locale    0040e845 f   LIBCMT:getqloc.obj
 0001:0000ef50       _memcmp                    0040ff50 f   LIBCMT:memcmp.obj
 0001:000104a4       _strncmp                   004114a4 f   LIBCMT:strncmp.obj
 0001:00010570       _strpbrk                   00411570 f   LIBCMT:strpbrk.obj
 0001:000105b0       ___ascii_stricmp           004115b0 f   LIBCMT:stricmp.obj
 0001:000105e9       __stricmp_l                004115e9 f   LIBCMT:stricmp.obj
 0001:000106a9       __stricmp                  004116a9 f   LIBCMT:stricmp.obj
 0001:000106f0       _atol                      004116f0 f   LIBCMT:atox.obj
 0001:00010706       __atol_l                   00411706 f   LIBCMT:atox.obj
 0001:0001071f       _atoi                      0041171f f   LIBCMT:atox.obj
 0001:0001072a       __atoi_l                   0041172a f   LIBCMT:atox.obj
 0001:00010735       __atoi64                   00411735 f   LIBCMT:atox.obj
 0001:0001074b       __atoi64_l                 0041174b f   LIBCMT:atox.obj
 0001:00010764       __strnicmp_l               00411764 f   LIBCMT:strnicmp.obj
 0001:00010846       __strnicmp                 00411846 f   LIBCMT:strnicmp.obj
 0001:00010953       __itoa_s                   00411953 f   LIBCMT:xtoas.obj
 0001:0001097d       __ltoa_s                   0041197d f   LIBCMT:xtoas.obj
 0001:000109a4       __ultoa_s                  004119a4 f   LIBCMT:xtoas.obj
 0001:00010aaa       __i64toa_s                 00411aaa f   LIBCMT:xtoas.obj
 0001:00010adf       __ui64toa_s                00411adf f   LIBCMT:xtoas.obj
 0001:00010afe       __tolower                  00411afe f   LIBCMT:tolower.obj
 0001:00010b0b       __tolower_l                00411b0b f   LIBCMT:tolower.obj
 0001:00010c20       _tolower                   00411c20 f   LIBCMT:tolower.obj
 0001:00010ee9       __strtoi64                 00411ee9 f   LIBCMT:strtoq.obj
 0001:00010f14       __strtoi64_l               00411f14 f   LIBCMT:strtoq.obj
 0001:00010f31       __strtoui64                00411f31 f   LIBCMT:strtoq.obj
 0001:00010f5d       __strtoui64_l              00411f5d f   LIBCMT:strtoq.obj
 0001:00010f80       ___ascii_strnicmp          00411f80 f   LIBCMT:_strnicm.obj
 0001:00010ff0       __allmul                   00411ff0 f   LIBCMT:llmul.obj
 0001:00011024       _HeapAlloc@12              00412024 f   kernel32:KERNEL32.dll
 0001:0001102a       _GetLastError@0            0041202a f   kernel32:KERNEL32.dll
 0001:00011030       _HeapFree@12               00412030 f   kernel32:KERNEL32.dll
 0001:00011036       _GetCommandLineA@0         00412036 f   kernel32:KERNEL32.dll
 0001:0001103c       _HeapSetInformation@16     0041203c f   kernel32:KERNEL32.dll
 0001:00011042       _EnterCriticalSection@4    00412042 f   kernel32:KERNEL32.dll
 0001:00011048       _LeaveCriticalSection@4    00412048 f   kernel32:KERNEL32.dll
 0001:0001104e       _DecodePointer@4           0041204e f   kernel32:KERNEL32.dll
 0001:00011054       _UnhandledExceptionFilter@4 00412054 f   kernel32:KERNEL32.dll
 0001:0001105a       _SetUnhandledExceptionFilter@4 0041205a f   kernel32:KERNEL32.dll
 0001:00011060       _IsDebuggerPresent@0       00412060 f   kernel32:KERNEL32.dll
 0001:00011066       _EncodePointer@4           00412066 f   kernel32:KERNEL32.dll
 0001:0001106c       _TerminateProcess@8        0041206c f   kernel32:KERNEL32.dll
 0001:00011072       _GetCurrentProcess@0       00412072 f   kernel32:KERNEL32.dll
 0001:00011078       _GetProcAddress@8          00412078 f   kernel32:KERNEL32.dll
 0001:0001107e       _GetModuleHandleW@4        0041207e f   kernel32:KERNEL32.dll
 0001:00011084       _ExitProcess@4             00412084 f   kernel32:KERNEL32.dll
 0001:0001108a       _WriteFile@20              0041208a f   kernel32:KERNEL32.dll
 0001:00011090       _GetStdHandle@4            00412090 f   kernel32:KERNEL32.dll
 0001:00011096       _GetModuleFileNameW@12     00412096 f   kernel32:KERNEL32.dll
 0001:0001109c       _HeapCreate@12             0041209c f   kernel32:KERNEL32.dll
 0001:000110a2       _HeapDestroy@4             004120a2 f   kernel32:KERNEL32.dll
 0001:000110a8       _GetModuleFileNameA@12     004120a8 f   kernel32:KERNEL32.dll
 0001:000110ae       _FreeEnvironmentStringsW@4 004120ae f   kernel32:KERNEL32.dll
 0001:000110b4       _WideCharToMultiByte@32    004120b4 f   kernel32:KERNEL32.dll
 0001:000110ba       _GetEnvironmentStringsW@0  004120ba f   kernel32:KERNEL32.dll
 0001:000110c0       _SetHandleCount@4          004120c0 f   kernel32:KERNEL32.dll
 0001:000110c6       _InitializeCriticalSectionAndSpinCount@8 004120c6 f   kernel32:KERNEL32.dll
 0001:000110cc       _GetFileType@4             004120cc f   kernel32:KERNEL32.dll
 0001:000110d2       _GetStartupInfoW@4         004120d2 f   kernel32:KERNEL32.dll
 0001:000110d8       _DeleteCriticalSection@4   004120d8 f   kernel32:KERNEL32.dll
 0001:000110de       _TlsAlloc@0                004120de f   kernel32:KERNEL32.dll
 0001:000110e4       _TlsGetValue@4             004120e4 f   kernel32:KERNEL32.dll
 0001:000110ea       _TlsSetValue@8             004120ea f   kernel32:KERNEL32.dll
 0001:000110f0       _TlsFree@4                 004120f0 f   kernel32:KERNEL32.dll
 0001:000110f6       _InterlockedIncrement@4    004120f6 f   kernel32:KERNEL32.dll
 0001:000110fc       _SetLastError@4            004120fc f   kernel32:KERNEL32.dll
 0001:00011102       _GetCurrentThreadId@0      00412102 f   kernel32:KERNEL32.dll
 0001:00011108       _InterlockedDecrement@4    00412108 f   kernel32:KERNEL32.dll
 0001:0001110e       _GetCurrentThread@0        0041210e f   kernel32:KERNEL32.dll
 0001:00011114       _QueryPerformanceCounter@4 00412114 f   kernel32:KERNEL32.dll
 0001:0001111a       _GetTickCount@0            0041211a f   kernel32:KERNEL32.dll
 0001:00011120       _GetCurrentProcessId@0     00412120 f   kernel32:KERNEL32.dll
 0001:00011126       _GetSystemTimeAsFileTime@4 00412126 f   kernel32:KERNEL32.dll
 0001:0001112c       _Sleep@4                   0041212c f   kernel32:KERNEL32.dll
 0001:00011132       _FatalAppExitA@8           00412132 f   kernel32:KERNEL32.dll
 0001:00011138       _GetCPInfo@8               00412138 f   kernel32:KERNEL32.dll
 0001:0001113e       _GetACP@0                  0041213e f   kernel32:KERNEL32.dll
 0001:00011144       _GetOEMCP@0                00412144 f   kernel32:KERNEL32.dll
 0001:0001114a       _IsValidCodePage@4         0041214a f   kernel32:KERNEL32.dll
 0001:00011150       _RtlUnwind@16              00412150 f   kernel32:KERNEL32.dll
 0001:00011156       _SetConsoleCtrlHandler@8   00412156 f   kernel32:KERNEL32.dll
 0001:0001115c       _FreeLibrary@4             0041215c f   kernel32:KERNEL32.dll
 0001:00011162       _InterlockedExchange@8     00412162 f   kernel32:KERNEL32.dll
 0001:00011168       _LoadLibraryW@4            00412168 f   kernel32:KERNEL32.dll
 0001:0001116e       _GetLocaleInfoW@16         0041216e f   kernel32:KERNEL32.dll
 0001:00011174       _HeapReAlloc@16            00412174 f   kernel32:KERNEL32.dll
 0001:0001117a       _GetConsoleCP@0            0041217a f   kernel32:KERNEL32.dll
 0001:00011180       _GetConsoleMode@8          00412180 f   kernel32:KERNEL32.dll
 0001:00011186       _FlushFileBuffers@4        00412186 f   kernel32:KERNEL32.dll
 0001:0001118c       _LCMapStringW@24           0041218c f   kernel32:KERNEL32.dll
 0001:00011192       _MultiByteToWideChar@24    00412192 f   kernel32:KERNEL32.dll
 0001:00011198       _GetStringTypeW@16         00412198 f   kernel32:KERNEL32.dll
 0001:0001119e       _SetFilePointer@16         0041219e f   kernel32:KERNEL32.dll
 0001:000111a4       _IsProcessorFeaturePresent@4 004121a4 f   kernel32:KERNEL32.dll
 0001:000111aa       _HeapSize@12               004121aa f   kernel32:KERNEL32.dll
 0001:000111b0       _CloseHandle@4             004121b0 f   kernel32:KERNEL32.dll
 0001:000111b6       _WriteConsoleW@20          004121b6 f   kernel32:KERNEL32.dll
 0001:000111bc       _SetStdHandle@8            004121bc f   kernel32:KERNEL32.dll
 0001:000111c2       _CreateFileW@28            004121c2 f   kernel32:KERNEL32.dll
 0001:000111c8       _GetUserDefaultLCID@0      004121c8 f   kernel32:KERNEL32.dll
 0001:000111ce       _GetLocaleInfoA@16         004121ce f   kernel32:KERNEL32.dll
 0001:000111d4       _EnumSystemLocalesA@8      004121d4 f   kernel32:KERNEL32.dll
 0001:000111da       _IsValidLocale@8           004121da f   kernel32:KERNEL32.dll
 0002:00000000       ___xc_a                    00418000     LIBCMT:crt0init.obj
 0002:00000104       ___xc_z                    00418104     LIBCMT:crt0init.obj
 0002:00000208       ___xi_a                    00418208     LIBCMT:crt0init.obj
 0002:00000524       ___xi_z                    00418524     LIBCMT:crt0init.obj
 0002:00000628       ___xp_a                    00418628     LIBCMT:crt0init.obj
 0002:00000934       ___xp_z                    00418934     LIBCMT:crt0init.obj
 0002:00000a38       ___xt_a                    00418a38     LIBCMT:crt0init.obj
 0002:00000b3c       ___xt_z                    00418b3c     LIBCMT:crt0init.obj
 0002:00000c5c       ??_C@_1O@CEDCILHN@?$AA?$CI?$AAn?$AAu?$AAl?$AAl?$AA?$CJ?$AA?$AA@ 00418c5c     LIBCMT:output.obj
 0002:00000c6c       ??_C@_06OJHGLDPL@?$CInull?$CJ?$AA@ 00418c6c     LIBCMT:output.obj
 0002:00000c74       ?ProcessDetach@NativeDll@<CrtImplementationDetails>@@0IB 00418c74     LIBCMT:output.obj
 0002:00000c78       ?ProcessAttach@NativeDll@<CrtImplementationDetails>@@0IB 00418c78     LIBCMT:output.obj
 0002:00000c7c       ?ThreadAttach@NativeDll@<CrtImplementationDetails>@@0IB 00418c7c     LIBCMT:output.obj
 0002:00000c80       ?ThreadDetach@NativeDll@<CrtImplementationDetails>@@0IB 00418c80     LIBCMT:output.obj
 0002:00000c84       ?ProcessVerifier@NativeDll@<CrtImplementationDetails>@@0IB 00418c84     LIBCMT:output.obj
 0002:00000c88       ___lookuptable             00418c88     LIBCMT:output.obj
 0002:00000ce4       ??_C@_0P@MIGLKIOC@CorExitProcess?$AA@ 00418ce4     LIBCMT:crt0dat.obj
 0002:00000cf4       ??_C@_1BI@BGOHAHKC@?$AAm?$AAs?$AAc?$AAo?$AAr?$AAe?$AAe?$AA?4?$AAd?$AAl?$AAl?$AA?$AA@ 00418cf4     LIBCMT:crt0dat.obj
 0002:00000d0c       ??_C@_1BO@BKOMIGKJ@?$AAr?$AAu?$AAn?$AAt?$AAi?$AAm?$AAe?$AA?5?$AAe?$AAr?$AAr?$AAo?$AAr?$AA?5?$AA?$AA@ 00418d0c     LIBCMT:crt0msg.obj
 0002:00000d2c       ??_C@_15JNBOKNOG@?$AA?$AN?$AA?6?$AA?$AA@ 00418d2c     LIBCMT:crt0msg.obj
 0002:00000d34       ??_C@_1BM@JBBEPPHI@?$AAT?$AAL?$AAO?$AAS?$AAS?$AA?5?$AAe?$AAr?$AAr?$AAo?$AAr?$AA?$AN?$AA?6?$AA?$AA@ 00418d34     LIBCMT:crt0msg.obj
 0002:00000d50       ??_C@_1BK@KMOMNAAI@?$AAS?$AAI?$AAN?$AAG?$AA?5?$AAe?$AAr?$AAr?$AAo?$AAr?$AA?$AN?$AA?6?$AA?$AA@ 00418d50     LIBCMT:crt0msg.obj
 0002:00000d6c       ??_C@_1BO@BFCDCGC@?$AAD?$AAO?$AAM?$AAA?$AAI?$AAN?$AA?5?$AAe?$AAr?$AAr?$AAo?$AAr?$AA?$AN?$AA?6?$AA?$AA@ 00418d6c     LIBCMT:crt0msg.obj
 0002:00000d90       ??_C@_1BOO@KGEDBGAJ@?$AAR?$AA6?$AA0?$AA3?$AA3?$AA?$AN?$AA?6?$AA?9?$AA?5?$AAA?$AAt?$AAt?$AAe?$AAm?$AAp?$AAt?$AA?5?$AAt?$AAo?$AA?5?$AAu?$AAs?$AAe?$AA?5?$AAM?$AAS?$AAI?$AAL?$AA?5?$AAc?$AAo?$AAd@ 00418d90     LIBCMT:crt0msg.obj
 0002:00000f80       ??_C@_1GG@GOPILAJP@?$AAR?$AA6?$AA0?$AA3?$AA2?$AA?$AN?$AA?6?$AA?9?$AA?5?$AAn?$AAo?$AAt?$AA?5?$AAe?$AAn?$AAo?$AAu?$AAg?$AAh?$AA?5?$AAs?$AAp?$AAa?$AAc?$AAe?$AA?5?$AAf?$AAo?$AAr?$AA?5?$AAl?$AAo@ 00418f80     LIBCMT:crt0msg.obj
 0002:00000fe8       ??_C@_1MG@ENCOOIDF@?$AAR?$AA6?$AA0?$AA3?$AA1?$AA?$AN?$AA?6?$AA?9?$AA?5?$AAA?$AAt?$AAt?$AAe?$AAm?$AAp?$AAt?$AA?5?$AAt?$AAo?$AA?5?$AAi?$AAn?$AAi?$AAt?$AAi?$AAa?$AAl?$AAi?$AAz?$AAe?$AA?5?$AAt@ 00418fe8     LIBCMT:crt0msg.obj
 0002:000010b0       ??_C@_1DO@BMFCDCD@?$AAR?$AA6?$AA0?$AA3?$AA0?$AA?$AN?$AA?6?$AA?9?$AA?5?$AAC?$AAR?$AAT?$AA?5?$AAn?$AAo?$AAt?$AA?5?$AAi?$AAn?$AAi?$AAt?$AAi?$AAa?$AAl?$AAi?$AAz?$AAe?$AAd?$AA?$AN?$AA?6?$AA?$AA@ 004190b0     LIBCMT:crt0msg.obj
 0002:000010f0       ??_C@_1EK@HHFLMAOL@?$AAR?$AA6?$AA0?$AA2?$AA8?$AA?$AN?$AA?6?$AA?9?$AA?5?$AAu?$AAn?$AAa?$AAb?$AAl?$AAe?$AA?5?$AAt?$AAo?$AA?5?$AAi?$AAn?$AAi?$AAt?$AAi?$AAa?$AAl?$AAi?$AAz?$AAe?$AA?5?$AAh?$AAe@ 004190f0     LIBCMT:crt0msg.obj
 0002:00001140       ??_C@_1GK@MFGOKLAG@?$AAR?$AA6?$AA0?$AA2?$AA7?$AA?$AN?$AA?6?$AA?9?$AA?5?$AAn?$AAo?$AAt?$AA?5?$AAe?$AAn?$AAo?$AAu?$AAg?$AAh?$AA?5?$AAs?$AAp?$AAa?$AAc?$AAe?$AA?5?$AAf?$AAo?$AAr?$AA?5?$AAl?$AAo@ 00419140     LIBCMT:crt0msg.obj
 0002:000011b0       ??_C@_1GK@MCAAGJMO@?$AAR?$AA6?$AA0?$AA2?$AA6?$AA?$AN?$AA?6?$AA?9?$AA?5?$AAn?$AAo?$AAt?$AA?5?$AAe?$AAn?$AAo?$AAu?$AAg?$AAh?$AA?5?$AAs?$AAp?$AAa?$AAc?$AAe?$AA?5?$AAf?$AAo?$AAr?$AA?5?$AAs?$AAt@ 004191b0     LIBCMT:crt0msg.obj
 0002:00001220       ??_C@_1EM@MAADIHMB@?$AAR?$AA6?$AA0?$AA2?$AA5?$AA?$AN?$AA?6?$AA?9?$AA?5?$AAp?$AAu?$AAr?$AAe?$AA?5?$AAv?$AAi?$AAr?$AAt?$AAu?$AAa?$AAl?$AA?5?$AAf?$AAu?$AAn?$AAc?$AAt?$AAi?$AAo?$AAn?$AA?5?$AAc@ 00419220     LIBCMT:crt0msg.obj
 0002:00001270       ??_C@_1GK@FHCKBEFA@?$AAR?$AA6?$AA0?$AA2?$AA4?$AA?$AN?$AA?6?$AA?9?$AA?5?$AAn?$AAo?$AAt?$AA?5?$AAe?$AAn?$AAo?$AAu?$AAg?$AAh?$AA?5?$AAs?$AAp?$AAa?$AAc?$AAe?$AA?5?$AAf?$AAo?$AAr?$AA?5?$AA_?$AAo@ 00419270     LIBCMT:crt0msg.obj
 0002:000012e0       ??_C@_1FC@ECHBIFBC@?$AAR?$AA6?$AA0?$AA1?$AA9?$AA?$AN?$AA?6?$AA?9?$AA?5?$AAu?$AAn?$AAa?$AAb?$AAl?$AAe?$AA?5?$AAt?$AAo?$AA?5?$AAo?$AAp?$AAe?$AAn?$AA?5?$AAc?$AAo?$AAn?$AAs?$AAo?$AAl?$AAe?$AA?5@ 004192e0     LIBCMT:crt0msg.obj
 0002:00001338       ??_C@_1EC@JIBHAOPH@?$AAR?$AA6?$AA0?$AA1?$AA8?$AA?$AN?$AA?6?$AA?9?$AA?5?$AAu?$AAn?$AAe?$AAx?$AAp?$AAe?$AAc?$AAt?$AAe?$AAd?$AA?5?$AAh?$AAe?$AAa?$AAp?$AA?5?$AAe?$AAr?$AAr?$AAo?$AAr?$AA?$AN?$AA?6@ 00419338     LIBCMT:crt0msg.obj
 0002:00001380       ??_C@_1FK@BEOGODMC@?$AAR?$AA6?$AA0?$AA1?$AA7?$AA?$AN?$AA?6?$AA?9?$AA?5?$AAu?$AAn?$AAe?$AAx?$AAp?$AAe?$AAc?$AAt?$AAe?$AAd?$AA?5?$AAm?$AAu?$AAl?$AAt?$AAi?$AAt?$AAh?$AAr?$AAe?$AAa?$AAd?$AA?5@ 00419380     LIBCMT:crt0msg.obj
 0002:000013e0       ??_C@_1FI@LOGNIKDM@?$AAR?$AA6?$AA0?$AA1?$AA6?$AA?$AN?$AA?6?$AA?9?$AA?5?$AAn?$AAo?$AAt?$AA?5?$AAe?$AAn?$AAo?$AAu?$AAg?$AAh?$AA?5?$AAs?$AAp?$AAa?$AAc?$AAe?$AA?5?$AAf?$AAo?$AAr?$AA?5?$AAt?$AAh@ 004193e0     LIBCMT:crt0msg.obj
 0002:00001438       ??_C@_1EG@BEHAGFJD@?$AAR?$AA6?$AA0?$AA1?$AA0?$AA?$AN?$AA?6?$AA?9?$AA?5?$AAa?$AAb?$AAo?$AAr?$AAt?$AA?$CI?$AA?$CJ?$AA?5?$AAh?$AAa?$AAs?$AA?5?$AAb?$AAe?$AAe?$AAn?$AA?5?$AAc?$AAa?$AAl?$AAl?$AAe?$AAd@ 00419438     LIBCMT:crt0msg.obj
 0002:00001480       ??_C@_1FI@HONFMGBI@?$AAR?$AA6?$AA0?$AA0?$AA9?$AA?$AN?$AA?6?$AA?9?$AA?5?$AAn?$AAo?$AAt?$AA?5?$AAe?$AAn?$AAo?$AAu?$AAg?$AAh?$AA?5?$AAs?$AAp?$AAa?$AAc?$AAe?$AA?5?$AAf?$AAo?$AAr?$AA?5?$AAe?$AAn@ 00419480     LIBCMT:crt0msg.obj
 0002:000014d8       ??_C@_1FE@LLNEDJMD@?$AAR?$AA6?$AA0?$AA0?$AA8?$AA?$AN?$AA?6?$AA?9?$AA?5?$AAn?$AAo?$AAt?$AA?5?$AAe?$AAn?$AAo?$AAu?$AAg?$AAh?$AA?5?$AAs?$AAp?$AAa?$AAc?$AAe?$AA?5?$AAf?$AAo?$AAr?$AA?5?$AAa?$AAr@ 004194d8     LIBCMT:crt0msg.obj
 0002:00001530       ??_C@_1FK@PGACCAFB@?$AAR?$AA6?$AA0?$AA0?$AA2?$AA?$AN?$AA?6?$AA?9?$AA?5?$AAf?$AAl?$AAo?$AAa?$AAt?$AAi?$AAn?$AAg?$AA?5?$AAp?$AAo?$AAi?$AAn?$AAt?$AA?5?$AAs?$AAu?$AAp?$AAp?$AAo?$AAr?$AAt?$AA?5@ 00419530     LIBCMT:crt0msg.obj
 0002:00001640       ??_C@_1EK@MBDPDCGA@?$AAM?$AAi?$AAc?$AAr?$AAo?$AAs?$AAo?$AAf?$AAt?$AA?5?$AAV?$AAi?$AAs?$AAu?$AAa?$AAl?$AA?5?$AAC?$AA?$CL?$AA?$CL?$AA?5?$AAR?$AAu?$AAn?$AAt?$AAi?$AAm?$AAe?$AA?5?$AAL?$AAi?$AAb@ 00419640     LIBCMT:crt0msg.obj
 0002:0000168c       ??_C@_15IABLJNFO@?$AA?6?$AA?6?$AA?$AA@ 0041968c     LIBCMT:crt0msg.obj
 0002:00001694       ??_C@_17LGKOMLJ@?$AA?4?$AA?4?$AA?4?$AA?$AA@ 00419694     LIBCMT:crt0msg.obj
 0002:0000169c       ??_C@_1CO@EAEJAADC@?$AA?$DM?$AAp?$AAr?$AAo?$AAg?$AAr?$AAa?$AAm?$AA?5?$AAn?$AAa?$AAm?$AAe?$AA?5?$AAu?$AAn?$AAk?$AAn?$AAo?$AAw?$AAn?$AA?$DO?$AA?$AA@ 0041969c     LIBCMT:crt0msg.obj
 0002:000016cc       ??_C@_1DE@JNGNBFGO@?$AAR?$AAu?$AAn?$AAt?$AAi?$AAm?$AAe?$AA?5?$AAE?$AAr?$AAr?$AAo?$AAr?$AA?$CB?$AA?6?$AA?6?$AAP?$AAr?$AAo?$AAg?$AAr?$AAa?$AAm?$AA?3?$AA?5?$AA?$AA@ 004196cc     LIBCMT:crt0msg.obj
 0002:00001700       __XcptActTab               00419700     LIBCMT:winxfltr.obj
 0002:00001790       __First_FPE_Indx           00419790     LIBCMT:winxfltr.obj
 0002:00001794       __Num_FPE                  00419794     LIBCMT:winxfltr.obj
 0002:00001798       __XcptActTabSize           00419798     LIBCMT:winxfltr.obj
 0002:0000179c       __XcptActTabCount          0041979c     LIBCMT:winxfltr.obj
 0002:000017a0       ??_C@_1BK@DBDEIDLH@?$AAK?$AAE?$AAR?$AAN?$AAE?$AAL?$AA3?$AA2?$AA?4?$AAD?$AAL?$AAL?$AA?$AA@ 004197a0     LIBCMT:tidtable.obj
 0002:000017bc       ??_C@_07PEJMOBNF@FlsFree?$AA@ 004197bc     LIBCMT:tidtable.obj
 0002:000017c4       ??_C@_0M@JCPCPOEF@FlsSetValue?$AA@ 004197c4     LIBCMT:tidtable.obj
 0002:000017d0       ??_C@_0M@GDNOONDI@FlsGetValue?$AA@ 004197d0     LIBCMT:tidtable.obj
 0002:000017dc       ??_C@_08KNHFBNJ@FlsAlloc?$AA@ 004197dc     LIBCMT:tidtable.obj
 0002:000017e8       ??_C@_1BC@GDGBMEMK@?$AAH?$AAH?$AA?3?$AAm?$AAm?$AA?3?$AAs?$AAs?$AA?$AA@ 004197e8     LIBCMT:nlsdata2.obj
 0002:000017fc       ??_C@_1CI@KNAKOEBC@?$AAd?$AAd?$AAd?$AAd?$AA?0?$AA?5?$AAM?$AAM?$AAM?$AAM?$AA?5?$AAd?$AAd?$AA?0?$AA?5?$AAy?$AAy?$AAy?$AAy?$AA?$AA@ 004197fc     LIBCMT:nlsdata2.obj
 0002:00001824       ??_C@_1BC@IEBCMHCM@?$AAM?$AAM?$AA?1?$AAd?$AAd?$AA?1?$AAy?$AAy?$AA?$AA@ 00419824     LIBCMT:nlsdata2.obj
 0002:00001838       ??_C@_15CLMNNGEL@?$AAP?$AAM?$AA?$AA@ 00419838     LIBCMT:nlsdata2.obj
 0002:00001840       ??_C@_15ODEHAHHF@?$AAA?$AAM?$AA?$AA@ 00419840     LIBCMT:nlsdata2.obj
 0002:00001848       ??_C@_1BC@FEMKIFH@?$AAD?$AAe?$AAc?$AAe?$AAm?$AAb?$AAe?$AAr?$AA?$AA@ 00419848     LIBCMT:nlsdata2.obj
 0002:0000185c       ??_C@_1BC@BGLIFPF@?$AAN?$AAo?$AAv?$AAe?$AAm?$AAb?$AAe?$AAr?$AA?$AA@ 0041985c     LIBCMT:nlsdata2.obj
 0002:00001870       ??_C@_1BA@EPANDLNG@?$AAO?$AAc?$AAt?$AAo?$AAb?$AAe?$AAr?$AA?$AA@ 00419870     LIBCMT:nlsdata2.obj
 0002:00001880       ??_C@_1BE@DKAAMBJL@?$AAS?$AAe?$AAp?$AAt?$AAe?$AAm?$AAb?$AAe?$AAr?$AA?$AA@ 00419880     LIBCMT:nlsdata2.obj
 0002:00001894       ??_C@_1O@PAHLKOAC@?$AAA?$AAu?$AAg?$AAu?$AAs?$AAt?$AA?$AA@ 00419894     LIBCMT:nlsdata2.obj
 0002:000018a4       ??_C@_19BIFMLPCD@?$AAJ?$AAu?$AAl?$AAy?$AA?$AA@ 004198a4     LIBCMT:nlsdata2.obj
 0002:000018b0       ??_C@_19EPFLPGAP@?$AAJ?$AAu?$AAn?$AAe?$AA?$AA@ 004198b0     LIBCMT:nlsdata2.obj
 0002:000018bc       ??_C@_1M@GJNLMHFD@?$AAA?$AAp?$AAr?$AAi?$AAl?$AA?$AA@ 004198bc     LIBCMT:nlsdata2.obj
 0002:000018c8       ??_C@_1M@IKEENEDF@?$AAM?$AAa?$AAr?$AAc?$AAh?$AA?$AA@ 004198c8     LIBCMT:nlsdata2.obj
 0002:000018d4       ??_C@_1BC@JGDDFFAM@?$AAF?$AAe?$AAb?$AAr?$AAu?$AAa?$AAr?$AAy?$AA?$AA@ 004198d4     LIBCMT:nlsdata2.obj
 0002:000018e8       ??_C@_1BA@EFMEIEBA@?$AAJ?$AAa?$AAn?$AAu?$AAa?$AAr?$AAy?$AA?$AA@ 004198e8     LIBCMT:nlsdata2.obj
 0002:000018f8       ??_C@_17EGKACKIF@?$AAD?$AAe?$AAc?$AA?$AA@ 004198f8     LIBCMT:nlsdata2.obj
 0002:00001900       ??_C@_17BBDMLCIG@?$AAN?$AAo?$AAv?$AA?$AA@ 00419900     LIBCMT:nlsdata2.obj
 0002:00001908       ??_C@_17FNLKOI@?$AAO?$AAc?$AAt?$AA?$AA@ 00419908     LIBCMT:nlsdata2.obj
 0002:00001910       ??_C@_17HCHCOKMG@?$AAS?$AAe?$AAp?$AA?$AA@ 00419910     LIBCMT:nlsdata2.obj
 0002:00001918       ??_C@_17ICPELBCN@?$AAA?$AAu?$AAg?$AA?$AA@ 00419918     LIBCMT:nlsdata2.obj
 0002:00001920       ??_C@_17IJPCKHK@?$AAJ?$AAu?$AAl?$AA?$AA@ 00419920     LIBCMT:nlsdata2.obj
 0002:00001928       ??_C@_17KCJGOCPB@?$AAJ?$AAu?$AAn?$AA?$AA@ 00419928     LIBCMT:nlsdata2.obj
 0002:00001930       ??_C@_17PNNKMEED@?$AAM?$AAa?$AAy?$AA?$AA@ 00419930     LIBCMT:nlsdata2.obj
 0002:00001938       ??_C@_17LFPOIHDD@?$AAA?$AAp?$AAr?$AA?$AA@ 00419938     LIBCMT:nlsdata2.obj
 0002:00001940       ??_C@_17CKNLEDEC@?$AAM?$AAa?$AAr?$AA?$AA@ 00419940     LIBCMT:nlsdata2.obj
 0002:00001948       ??_C@_17LMDJEKJN@?$AAF?$AAe?$AAb?$AA?$AA@ 00419948     LIBCMT:nlsdata2.obj
 0002:00001950       ??_C@_17DKNBKCHM@?$AAJ?$AAa?$AAn?$AA?$AA@ 00419950     LIBCMT:nlsdata2.obj
 0002:00001958       ??_C@_1BC@ENMNNPAJ@?$AAS?$AAa?$AAt?$AAu?$AAr?$AAd?$AAa?$AAy?$AA?$AA@ 00419958     LIBCMT:nlsdata2.obj
 0002:0000196c       ??_C@_1O@PDICJHAG@?$AAF?$AAr?$AAi?$AAd?$AAa?$AAy?$AA?$AA@ 0041996c     LIBCMT:nlsdata2.obj
 0002:0000197c       ??_C@_1BC@HHMNLIHE@?$AAT?$AAh?$AAu?$AAr?$AAs?$AAd?$AAa?$AAy?$AA?$AA@ 0041997c     LIBCMT:nlsdata2.obj
 0002:00001990       ??_C@_1BE@EBOGMDOH@?$AAW?$AAe?$AAd?$AAn?$AAe?$AAs?$AAd?$AAa?$AAy?$AA?$AA@ 00419990     LIBCMT:nlsdata2.obj
 0002:000019a4       ??_C@_1BA@ENFBFFEK@?$AAT?$AAu?$AAe?$AAs?$AAd?$AAa?$AAy?$AA?$AA@ 004199a4     LIBCMT:nlsdata2.obj
 0002:000019b4       ??_C@_1O@MMNBFLIA@?$AAM?$AAo?$AAn?$AAd?$AAa?$AAy?$AA?$AA@ 004199b4     LIBCMT:nlsdata2.obj
 0002:000019c4       ??_C@_1O@IHNHDHPB@?$AAS?$AAu?$AAn?$AAd?$AAa?$AAy?$AA?$AA@ 004199c4     LIBCMT:nlsdata2.obj
 0002:000019d4       ??_C@_17GGIBDPIH@?$AAS?$AAa?$AAt?$AA?$AA@ 004199d4     LIBCMT:nlsdata2.obj
 0002:000019dc       ??_C@_17HFOLPPLP@?$AAF?$AAr?$AAi?$AA?$AA@ 004199dc     LIBCMT:nlsdata2.obj
 0002:000019e4       ??_C@_17PDPHAADD@?$AAT?$AAh?$AAu?$AA?$AA@ 004199e4     LIBCMT:nlsdata2.obj
 0002:000019ec       ??_C@_17CJEDCEPE@?$AAW?$AAe?$AAd?$AA?$AA@ 004199ec     LIBCMT:nlsdata2.obj
 0002:000019f4       ??_C@_17BMKGEGOJ@?$AAT?$AAu?$AAe?$AA?$AA@ 004199f4     LIBCMT:nlsdata2.obj
 0002:000019fc       ??_C@_17KBOMKBF@?$AAM?$AAo?$AAn?$AA?$AA@ 004199fc     LIBCMT:nlsdata2.obj
 0002:00001a04       ??_C@_17MBGCMIPB@?$AAS?$AAu?$AAn?$AA?$AA@ 00419a04     LIBCMT:nlsdata2.obj
 0002:00001a0c       ??_C@_08JCCMCCIL@HH?3mm?3ss?$AA@ 00419a0c     LIBCMT:nlsdata2.obj
 0002:00001a18       ??_C@_0BE@CKGJFCPC@dddd?0?5MMMM?5dd?0?5yyyy?$AA@ 00419a18     LIBCMT:nlsdata2.obj
 0002:00001a2c       ??_C@_08BPBNCDIB@MM?1dd?1yy?$AA@ 00419a2c     LIBCMT:nlsdata2.obj
 0002:00001a38       ??_C@_02CJNFDJBF@PM?$AA@   00419a38     LIBCMT:nlsdata2.obj
 0002:00001a3c       ??_C@_02DEDBPAFC@AM?$AA@   00419a3c     LIBCMT:nlsdata2.obj
 0002:00001a40       ??_C@_08EDHMEBNP@December?$AA@ 00419a40     LIBCMT:nlsdata2.obj
 0002:00001a4c       ??_C@_08HCHEGEOA@November?$AA@ 00419a4c     LIBCMT:nlsdata2.obj
 0002:00001a58       ??_C@_07JJNFCEND@October?$AA@ 00419a58     LIBCMT:nlsdata2.obj
 0002:00001a60       ??_C@_09BHHEALKD@September?$AA@ 00419a60     LIBCMT:nlsdata2.obj
 0002:00001a6c       ??_C@_06LBBHFDDG@August?$AA@ 00419a6c     LIBCMT:nlsdata2.obj
 0002:00001a74       ??_C@_04MIEPOIFP@July?$AA@ 00419a74     LIBCMT:nlsdata2.obj
 0002:00001a7c       ??_C@_04CNLMGBGM@June?$AA@ 00419a7c     LIBCMT:nlsdata2.obj
 0002:00001a84       ??_C@_05DMJDNLEJ@April?$AA@ 00419a84     LIBCMT:nlsdata2.obj
 0002:00001a8c       ??_C@_05HPCKOFNC@March?$AA@ 00419a8c     LIBCMT:nlsdata2.obj
 0002:00001a94       ??_C@_08GNJGEPFN@February?$AA@ 00419a94     LIBCMT:nlsdata2.obj
 0002:00001aa0       ??_C@_07CGJPFGJA@January?$AA@ 00419aa0     LIBCMT:nlsdata2.obj
 0002:00001aa8       ??_C@_03MKABNOCG@Dec?$AA@  00419aa8     LIBCMT:nlsdata2.obj
 0002:00001aac       ??_C@_03JPJOFNIA@Nov?$AA@  00419aac     LIBCMT:nlsdata2.obj
 0002:00001ab0       ??_C@_03BMAOKBAD@Oct?$AA@  00419ab0     LIBCMT:nlsdata2.obj
 0002:00001ab4       ??_C@_03GGCAPAJC@Sep?$AA@  00419ab4     LIBCMT:nlsdata2.obj
 0002:00001ab8       ??_C@_03IFJFEIGA@Aug?$AA@  00419ab8     LIBCMT:nlsdata2.obj
 0002:00001abc       ??_C@_03LBGABGKK@Jul?$AA@  00419abc     LIBCMT:nlsdata2.obj
 0002:00001ac0       ??_C@_03IDFGHECI@Jun?$AA@  00419ac0     LIBCMT:nlsdata2.obj
 0002:00001ac4       ??_C@_03CNMDKL@May?$AA@    00419ac4     LIBCMT:nlsdata2.obj
 0002:00001ac8       ??_C@_03LEOLGMJP@Apr?$AA@  00419ac8     LIBCMT:nlsdata2.obj
 0002:00001acc       ??_C@_03ODNJBKGA@Mar?$AA@  00419acc     LIBCMT:nlsdata2.obj
 0002:00001ad0       ??_C@_03HJBDCHOM@Feb?$AA@  00419ad0     LIBCMT:nlsdata2.obj
 0002:00001ad4       ??_C@_03JIHJHPIE@Jan?$AA@  00419ad4     LIBCMT:nlsdata2.obj
 0002:00001ad8       ??_C@_08INBOOONO@Saturday?$AA@ 00419ad8     LIBCMT:nlsdata2.obj
 0002:00001ae4       ??_C@_06JECMNKMI@Friday?$AA@ 00419ae4     LIBCMT:nlsdata2.obj
 0002:00001aec       ??_C@_08HACCIKIA@Thursday?$AA@ 00419aec     LIBCMT:nlsdata2.obj
 0002:00001af8       ??_C@_09DLIGFAKA@Wednesday?$AA@ 00419af8     LIBCMT:nlsdata2.obj
 0002:00001b04       ??_C@_07BAAGCFCM@Tuesday?$AA@ 00419b04     LIBCMT:nlsdata2.obj
 0002:00001b0c       ??_C@_06JLEDEDGH@Monday?$AA@ 00419b0c     LIBCMT:nlsdata2.obj
 0002:00001b14       ??_C@_06OOPIFAJ@Sunday?$AA@ 00419b14     LIBCMT:nlsdata2.obj
 0002:00001b1c       ??_C@_03FEFJNEK@Sat?$AA@   00419b1c     LIBCMT:nlsdata2.obj
 0002:00001b20       ??_C@_03IDIOELNC@Fri?$AA@  00419b20     LIBCMT:nlsdata2.obj
 0002:00001b24       ??_C@_03IOFIKPDN@Thu?$AA@  00419b24     LIBCMT:nlsdata2.obj
 0002:00001b28       ??_C@_03MHOMLAJA@Wed?$AA@  00419b28     LIBCMT:nlsdata2.obj
 0002:00001b2c       ??_C@_03NAGEINEP@Tue?$AA@  00419b2c     LIBCMT:nlsdata2.obj
 0002:00001b30       ??_C@_03PDAGKDH@Mon?$AA@   00419b30     LIBCMT:nlsdata2.obj
 0002:00001b34       ??_C@_03KOEHGMDN@Sun?$AA@  00419b34     LIBCMT:nlsdata2.obj
 0002:00001b38       ___lookuptable_s           00419b38     LIBCMT:outputs.obj
 0002:00001b94       ??_C@_0BC@JEAENNKH@SystemFunction036?$AA@ 00419b94     LIBCMT:rand_s.obj
 0002:00001ba8       ??_C@_1BK@GAEMIDIL@?$AAA?$AAD?$AAV?$AAA?$AAP?$AAI?$AA3?$AA2?$AA?4?$AAD?$AAL?$AAL?$AA?$AA@ 00419ba8     LIBCMT:rand_s.obj
 0002:00001bc4       ??_C@_0BI@DFKBFLJE@GetProcessWindowStation?$AA@ 00419bc4     LIBCMT:crtmboxw.obj
 0002:00001bdc       ??_C@_0BK@DEKFELLI@GetUserObjectInformationW?$AA@ 00419bdc     LIBCMT:crtmboxw.obj
 0002:00001bf8       ??_C@_0BD@HHGDFDBJ@GetLastActivePopup?$AA@ 00419bf8     LIBCMT:crtmboxw.obj
 0002:00001c0c       ??_C@_0BA@HNOPNCHB@GetActiveWindow?$AA@ 00419c0c     LIBCMT:crtmboxw.obj
 0002:00001c1c       ??_C@_0M@DLDCCGNP@MessageBoxW?$AA@ 00419c1c     LIBCMT:crtmboxw.obj
 0002:00001c28       ??_C@_1BG@GOEBHBDC@?$AAU?$AAS?$AAE?$AAR?$AA3?$AA2?$AA?4?$AAD?$AAL?$AAL?$AA?$AA@ 00419c28     LIBCMT:crtmboxw.obj
 0002:00001c40       ___newctype                00419c40     LIBCMT:ctype.obj
 0002:00001f40       __wctype                   00419f40     LIBCMT:ctype.obj
 0002:00002148       ___newclmap                0041a148     LIBCMT:ctype.obj
 0002:000022c8       ___newcumap                0041a2c8     LIBCMT:ctype.obj
 0002:00002450       ??_C@_07LCBHPJJN@LC_TIME?$AA@ 0041a450     LIBCMT:setlocal.obj
 0002:00002458       ??_C@_0L@DLHIECNL@LC_NUMERIC?$AA@ 0041a458     LIBCMT:setlocal.obj
 0002:00002464       ??_C@_0M@MIENIKLA@LC_MONETARY?$AA@ 0041a464     LIBCMT:setlocal.obj
 0002:00002470       ??_C@_08EADHIDAD@LC_CTYPE?$AA@ 0041a470     LIBCMT:setlocal.obj
 0002:0000247c       ??_C@_0L@KFJHEKIK@LC_COLLATE?$AA@ 0041a47c     LIBCMT:setlocal.obj
 0002:00002488       ??_C@_06NEFDFEKB@LC_ALL?$AA@ 0041a488     LIBCMT:setlocal.obj
 0002:00002490       ___lc_category             0041a490     LIBCMT:setlocal.obj
 0002:00002558       ??_C@_03EGDHDPFD@_?4?0?$AA@ 0041a558     LIBCMT:setlocal.obj
 0002:0000255c       ??_C@_01LFCBOECM@?4?$AA@   0041a55c     LIBCMT:setlocal.obj
 0002:00002560       ??_C@_01IDAFKMJL@_?$AA@    0041a560     LIBCMT:setlocal.obj
 0002:00002564       ??_C@_01ICJEACDI@?$DL?$AA@ 0041a564     LIBCMT:setlocal.obj
 0002:00002568       ??_C@_01NEMOKFLO@?$DN?$AA@ 0041a568     LIBCMT:setlocal.obj
 0002:0000256a       ??_C@_00CNPNBAHC@?$AA@     0041a56a     LIBCMT:setlocal.obj
 0002:0000256c       ??_C@_01GFHCPBMG@C?$AA@    0041a56c     LIBCMT:setlocal.obj
 0002:00002570       ??_C@_02BALPLPBG@?$DN?$DL?$AA@ 0041a570     LIBCMT:setlocal.obj
 0002:00002574       ??_C@_1BA@BALFACEM@?$AAC?$AAO?$AAN?$AAO?$AAU?$AAT?$AA$?$AA?$AA@ 0041a574     LIBCMT:initcon.obj
 0002:00002584       ??_C@_0O@FMJNFNKE@united?9states?$AA@ 0041a584     LIBCMT:getqloc.obj
 0002:00002594       ??_C@_0P@NDHFFKCA@united?9kingdom?$AA@ 0041a594     LIBCMT:getqloc.obj
 0002:000025a4       ??_C@_0BC@HHDADLGF@trinidad?5?$CG?5tobago?$AA@ 0041a5a4     LIBCMT:getqloc.obj
 0002:000025b8       ??_C@_0M@IOAEBDAC@south?9korea?$AA@ 0041a5b8     LIBCMT:getqloc.obj
 0002:000025c4       ??_C@_0N@FIELFKIJ@south?9africa?$AA@ 0041a5c4     LIBCMT:getqloc.obj
 0002:000025d4       ??_C@_0M@OPNDHCMC@south?5korea?$AA@ 0041a5d4     LIBCMT:getqloc.obj
 0002:000025e0       ??_C@_0N@MDEOEPFI@south?5africa?$AA@ 0041a5e0     LIBCMT:getqloc.obj
 0002:000025f0       ??_C@_06FKAPCJLB@slovak?$AA@ 0041a5f0     LIBCMT:getqloc.obj
 0002:000025f8       ??_C@_0M@EFJANOAL@puerto?9rico?$AA@ 0041a5f8     LIBCMT:getqloc.obj
 0002:00002604       ??_C@_08PGOJKDAI@pr?9china?$AA@ 0041a604     LIBCMT:getqloc.obj
 0002:00002610       ??_C@_08JHDOMCMI@pr?5china?$AA@ 0041a610     LIBCMT:getqloc.obj
 0002:0000261c       ??_C@_02JHCHFBLL@nz?$AA@   0041a61c     LIBCMT:getqloc.obj
 0002:00002620       ??_C@_0M@LINHDHKP@new?9zealand?$AA@ 0041a620     LIBCMT:getqloc.obj
 0002:0000262c       ??_C@_09IIIPPBDB@hong?9kong?$AA@ 0041a62c     LIBCMT:getqloc.obj
 0002:00002638       ??_C@_07HJLCKBG@holland?$AA@ 0041a638     LIBCMT:getqloc.obj
 0002:00002640       ??_C@_0O@LEHGMHAG@great?5britain?$AA@ 0041a640     LIBCMT:getqloc.obj
 0002:00002650       ??_C@_07FACOMELA@england?$AA@ 0041a650     LIBCMT:getqloc.obj
 0002:00002658       ??_C@_05JIHCEICB@czech?$AA@ 0041a658     LIBCMT:getqloc.obj
 0002:00002660       ??_C@_05BBJOBLGB@china?$AA@ 0041a660     LIBCMT:getqloc.obj
 0002:00002668       ??_C@_07GPKPHICP@britain?$AA@ 0041a668     LIBCMT:getqloc.obj
 0002:00002670       ??_C@_07MHIPBHMG@america?$AA@ 0041a670     LIBCMT:getqloc.obj
 0002:00002678       ??_C@_03KIALPMKC@usa?$AA@  0041a678     LIBCMT:getqloc.obj
 0002:0000267c       ??_C@_02FGJGKGGD@us?$AA@   0041a67c     LIBCMT:getqloc.obj
 0002:00002680       ??_C@_02NEINDODK@uk?$AA@   0041a680     LIBCMT:getqloc.obj
 0002:00002684       ??_C@_05JMPCFJFJ@swiss?$AA@ 0041a684     LIBCMT:getqloc.obj
 0002:0000268c       ??_C@_0BA@HLOCPIOD@swedish?9finland?$AA@ 0041a68c     LIBCMT:getqloc.obj
 0002:0000269c       ??_C@_0BC@PKCNIABK@spanish?9venezuela?$AA@ 0041a69c     LIBCMT:getqloc.obj
 0002:000026b0       ??_C@_0BA@GBHHMIJI@spanish?9uruguay?$AA@ 0041a6b0     LIBCMT:getqloc.obj
 0002:000026c0       ??_C@_0BE@BHDOHPMC@spanish?9puerto?5rico?$AA@ 0041a6c0     LIBCMT:getqloc.obj
 0002:000026d4       ??_C@_0N@KMOIDGGN@spanish?9peru?$AA@ 0041a6d4     LIBCMT:getqloc.obj
 0002:000026e4       ??_C@_0BB@HMHLPGPH@spanish?9paraguay?$AA@ 0041a6e4     LIBCMT:getqloc.obj
 0002:000026f8       ??_C@_0P@MCPKNGFD@spanish?9panama?$AA@ 0041a6f8     LIBCMT:getqloc.obj
 0002:00002708       ??_C@_0BC@IHOHGAIL@spanish?9nicaragua?$AA@ 0041a708     LIBCMT:getqloc.obj
 0002:0000271c       ??_C@_0P@KLMJDNFJ@spanish?9modern?$AA@ 0041a71c     LIBCMT:getqloc.obj
 0002:0000272c       ??_C@_0BA@BPAPGBCM@spanish?9mexican?$AA@ 0041a72c     LIBCMT:getqloc.obj
 0002:0000273c       ??_C@_0BB@PDECHHHE@spanish?9honduras?$AA@ 0041a73c     LIBCMT:getqloc.obj
 0002:00002750       ??_C@_0BC@KLHKFGDB@spanish?9guatemala?$AA@ 0041a750     LIBCMT:getqloc.obj
 0002:00002764       ??_C@_0BE@MFOOKJAI@spanish?9el?5salvador?$AA@ 0041a764     LIBCMT:getqloc.obj
 0002:00002778       ??_C@_0BA@FCOKFPFC@spanish?9ecuador?$AA@ 0041a778     LIBCMT:getqloc.obj
 0002:00002788       ??_C@_0BL@PLMGIMOO@spanish?9dominican?5republic?$AA@ 0041a788     LIBCMT:getqloc.obj
 0002:000027a4       ??_C@_0BD@HLGDNMHB@spanish?9costa?5rica?$AA@ 0041a7a4     LIBCMT:getqloc.obj
 0002:000027b8       ??_C@_0BB@PKCBKCPE@spanish?9colombia?$AA@ 0041a7b8     LIBCMT:getqloc.obj
 0002:000027cc       ??_C@_0O@MCBIJGNE@spanish?9chile?$AA@ 0041a7cc     LIBCMT:getqloc.obj
 0002:000027dc       ??_C@_0BA@BEFEIGJJ@spanish?9bolivia?$AA@ 0041a7dc     LIBCMT:getqloc.obj
 0002:000027ec       ??_C@_0BC@EMECMPD@spanish?9argentina?$AA@ 0041a7ec     LIBCMT:getqloc.obj
 0002:00002800       ??_C@_0BF@EALFLENP@portuguese?9brazilian?$AA@ 0041a800     LIBCMT:getqloc.obj
 0002:00002818       ??_C@_0BC@HBLEBLNN@norwegian?9nynorsk?$AA@ 0041a818     LIBCMT:getqloc.obj
 0002:0000282c       ??_C@_0BB@HMACDDCK@norwegian?9bokmal?$AA@ 0041a82c     LIBCMT:getqloc.obj
 0002:00002840       ??_C@_09BAFFPPHE@norwegian?$AA@ 0041a840     LIBCMT:getqloc.obj
 0002:0000284c       ??_C@_0O@EAJFJDFG@italian?9swiss?$AA@ 0041a84c     LIBCMT:getqloc.obj
 0002:0000285c       ??_C@_0O@CNOMPGD@irish?9english?$AA@ 0041a85c     LIBCMT:getqloc.obj
 0002:0000286c       ??_C@_0N@EDHBGCKG@german?9swiss?$AA@ 0041a86c     LIBCMT:getqloc.obj
 0002:0000287c       ??_C@_0BC@JACMHNBP@german?9luxembourg?$AA@ 0041a87c     LIBCMT:getqloc.obj
 0002:00002890       ??_C@_0BE@HBGMGFEG@german?9lichtenstein?$AA@ 0041a890     LIBCMT:getqloc.obj
 0002:000028a4       ??_C@_0BA@HKKBIBKL@german?9austrian?$AA@ 0041a8a4     LIBCMT:getqloc.obj
 0002:000028b4       ??_C@_0N@GCAEPEBK@french?9swiss?$AA@ 0041a8b4     LIBCMT:getqloc.obj
 0002:000028c4       ??_C@_0BC@DJFJJCK@french?9luxembourg?$AA@ 0041a8c4     LIBCMT:getqloc.obj
 0002:000028d8       ??_C@_0BA@NNCEDFIC@french?9canadian?$AA@ 0041a8d8     LIBCMT:getqloc.obj
 0002:000028e8       ??_C@_0P@CMPOCLM@french?9belgian?$AA@ 0041a8e8     LIBCMT:getqloc.obj
 0002:000028f8       ??_C@_0M@GHHDJOK@english?9usa?$AA@ 0041a8f8     LIBCMT:getqloc.obj
 0002:00002904       ??_C@_0L@PLDJKEIL@english?9us?$AA@ 0041a904     LIBCMT:getqloc.obj
 0002:00002910       ??_C@_0L@HJCCDMNC@english?9uk?$AA@ 0041a910     LIBCMT:getqloc.obj
 0002:0000291c       ??_C@_0BK@CKLIAGJB@english?9trinidad?5y?5tobago?$AA@ 0041a91c     LIBCMT:getqloc.obj
 0002:00002938       ??_C@_0BF@JMJMGNNF@english?9south?5africa?$AA@ 0041a938     LIBCMT:getqloc.obj
 0002:00002950       ??_C@_0L@DKIIFDFD@english?9nz?$AA@ 0041a950     LIBCMT:getqloc.obj
 0002:0000295c       ??_C@_0BA@ONHGJCLH@english?9jamaica?$AA@ 0041a95c     LIBCMT:getqloc.obj
 0002:0000296c       ??_C@_0M@HJBGHOPO@english?9ire?$AA@ 0041a96c     LIBCMT:getqloc.obj
 0002:00002978       ??_C@_0BC@LFEKMIFB@english?9caribbean?$AA@ 0041a978     LIBCMT:getqloc.obj
 0002:0000298c       ??_C@_0M@OLDPFKHI@english?9can?$AA@ 0041a98c     LIBCMT:getqloc.obj
 0002:00002998       ??_C@_0P@OMDEHBMP@english?9belize?$AA@ 0041a998     LIBCMT:getqloc.obj
 0002:000029a8       ??_C@_0M@KFHFPFED@english?9aus?$AA@ 0041a9a8     LIBCMT:getqloc.obj
 0002:000029b4       ??_C@_0BB@MNMBKDFE@english?9american?$AA@ 0041a9b4     LIBCMT:getqloc.obj
 0002:000029c8       ??_C@_0O@KIDLNNBA@dutch?9belgian?$AA@ 0041a9c8     LIBCMT:getqloc.obj
 0002:000029d8       ??_C@_0BE@JBKABBMH@chinese?9traditional?$AA@ 0041a9d8     LIBCMT:getqloc.obj
 0002:000029ec       ??_C@_0BC@MJJMPKCG@chinese?9singapore?$AA@ 0041a9ec     LIBCMT:getqloc.obj
 0002:00002a00       ??_C@_0BD@FDKADDCP@chinese?9simplified?$AA@ 0041aa00     LIBCMT:getqloc.obj
 0002:00002a14       ??_C@_0BB@DBEFDDME@chinese?9hongkong?$AA@ 0041aa14     LIBCMT:getqloc.obj
 0002:00002a28       ??_C@_07DHNMFMCI@chinese?$AA@ 0041aa28     LIBCMT:getqloc.obj
 0002:00002a30       ??_C@_03FNDDCHI@chi?$AA@   0041aa30     LIBCMT:getqloc.obj
 0002:00002a34       ??_C@_03BMMIADDJ@chh?$AA@  0041aa34     LIBCMT:getqloc.obj
 0002:00002a38       ??_C@_08OAIPJDGI@canadian?$AA@ 0041aa38     LIBCMT:getqloc.obj
 0002:00002a44       ??_C@_07HBPMNPNJ@belgian?$AA@ 0041aa44     LIBCMT:getqloc.obj
 0002:00002a4c       ??_C@_0L@OEKOPBEL@australian?$AA@ 0041aa4c     LIBCMT:getqloc.obj
 0002:00002a58       ??_C@_0BB@MEIMBEDG@american?9english?$AA@ 0041aa58     LIBCMT:getqloc.obj
 0002:00002a6c       ??_C@_0BB@DFMDPDGB@american?5english?$AA@ 0041aa6c     LIBCMT:getqloc.obj
 0002:00002a80       ??_C@_08IJLOKOLL@american?$AA@ 0041aa80     LIBCMT:getqloc.obj
 0002:00002a90       ___rg_language             0041aa90     LIBCMT:getqloc.obj
 0002:00002c98       ___rg_country              0041ac98     LIBCMT:getqloc.obj
 0002:00002d50       ___rglangidNotDefault      0041ad50     LIBCMT:getqloc.obj
 0002:00002d64       ??_C@_03NFKLAGEF@OCP?$AA@  0041ad64     LIBCMT:getqloc.obj
 0002:00002d68       ??_C@_03DFHEHBHG@ACP?$AA@  0041ad68     LIBCMT:getqloc.obj
 0002:00002d6c       ??_C@_0BC@NFIEMBLL@Norwegian?9Nynorsk?$AA@ 0041ad6c     LIBCMT:getqloc.obj
 0002:00002d80       __load_config_used         0041ad80     LIBCMT:loadcfg.obj
 0002:000036e0       ___safe_se_handler_table   0041b6e0     <linker-defined>
 0002:000037f0       ___rtc_iaa                 0041b7f0     LIBCMT:_initsect_.obj
 0002:000038f4       ___rtc_izz                 0041b8f4     LIBCMT:_initsect_.obj
 0002:000039f8       ___rtc_taa                 0041b9f8     LIBCMT:_initsect_.obj
 0002:00003afc       ___rtc_tzz                 0041bafc     LIBCMT:_initsect_.obj
 0003:00000190       ___app_type                0041d190     LIBCMT:crt0.obj
 0003:00000198       __iob                      0041d198     LIBCMT:_file.obj
 0003:00000418       ___nullstring              0041d418     LIBCMT:output.obj
 0003:0000041c       ___wnullstring             0041d41c     LIBCMT:output.obj
 0003:00000590       ___security_cookie         0041d590     LIBCMT:gs_cookie.obj
 0003:00000594       ___security_cookie_complement 0041d594     LIBCMT:gs_cookie.obj
 0003:00000598       ___badioinfo               0041d598     LIBCMT:ioinit.obj
 0003:000005d8       ___flsindex                0041d5d8     LIBCMT:tidtable.obj
 0003:000005dc       ___getvalueindex           0041d5dc     LIBCMT:tidtable.obj
 0003:00000700       ___initialmbcinfo          0041d700     LIBCMT:mbctype.obj
 0003:00000920       __mbctype                  0041d920     LIBCMT:mbctype.obj
 0003:00000a28       __mbcasemap                0041da28     LIBCMT:mbctype.obj
 0003:00000b28       ___ptmbcinfo               0041db28     LIBCMT:mbctype.obj
 0003:00000c20       ___globallocalestatus      0041dc20     LIBCMT:glstatus.obj
 0003:00000c24       ___clocalestr              0041dc24     LIBCMT:nlsdata2.obj
 0003:00000c28       ___lc_time_c               0041dc28     LIBCMT:nlsdata2.obj
 0003:00000d90       ___initiallocinfo          0041dd90     LIBCMT:nlsdata2.obj
 0003:00000e68       ___ptlocinfo               0041de68     LIBCMT:nlsdata2.obj
 0003:00000e6c       ___initiallocalestructinfo 0041de6c     LIBCMT:nlsdata2.obj
 0003:00000e74       __cfltcvt_tab              0041de74     LIBCMT:cmiscdat.obj
 0003:00000ea0       ___lconv_static_decimal    0041dea0     LIBCMT:lconv.obj
 0003:00000ea4       ___lconv_static_W_decimal  0041dea4     LIBCMT:lconv.obj
 0003:00000ea8       ___lconv_c                 0041dea8     LIBCMT:lconv.obj
 0003:00000ef8       ___lconv                   0041def8     LIBCMT:lconv.obj
 0003:00000efc       __pctype                   0041defc     LIBCMT:ctype.obj
 0003:00000f00       __pwctype                  0041df00     LIBCMT:ctype.obj
 0003:00000f10       __NLG_Destination          0041df10     LIBCMT:exsup.obj
 0003:00000f20       ___abort_behavior          0041df20     LIBCMT:abort.obj
 0003:00000f34       __confh                    0041df34     LIBCMT:initcon.obj
 0003:00000f38       ___mb_cur_max              0041df38     LIBCMT:nlsdata1.obj
 0003:00000f3c       ___decimal_point           0041df3c     LIBCMT:nlsdata1.obj
 0003:00000f40       ___decimal_point_length    0041df40     LIBCMT:nlsdata1.obj
 0003:00001324       __aenvptr                  0041e324     LIBCMT:crt0.obj
 0003:00001328       __wenvptr                  0041e328     LIBCMT:crt0.obj
 0003:0000132c       ___error_mode              0041e32c     LIBCMT:crt0.obj
 0003:00001330       __cflush                   0041e330     LIBCMT:_file.obj
 0003:00001334       __stdbuf                   0041e334     LIBCMT:_sftbuf.obj
 0003:0000133c       ___pInvalidArgHandler      0041e33c     LIBCMT:invarg.obj
 0003:00001340       __umaskval                 0041e340     LIBCMT:crt0dat.obj
 0003:00001344       ___argc                    0041e344     LIBCMT:crt0dat.obj
 0003:00001348       ___argv                    0041e348     LIBCMT:crt0dat.obj
 0003:0000134c       ___wargv                   0041e34c     LIBCMT:crt0dat.obj
 0003:00001350       __environ                  0041e350     LIBCMT:crt0dat.obj
 0003:00001354       ___initenv                 0041e354     LIBCMT:crt0dat.obj
 0003:00001358       __wenviron                 0041e358     LIBCMT:crt0dat.obj
 0003:0000135c       ___winitenv                0041e35c     LIBCMT:crt0dat.obj
 0003:00001360       __pgmptr                   0041e360     LIBCMT:crt0dat.obj
 0003:00001364       __wpgmptr                  0041e364     LIBCMT:crt0dat.obj
 0003:00001368       __exitflag                 0041e368     LIBCMT:crt0dat.obj
 0003:0000136c       __C_Termination_Done       0041e36c     LIBCMT:crt0dat.obj
 0003:00001370       __C_Exit_Done              0041e370     LIBCMT:crt0dat.obj
 0003:000019a0       __crtheap                  0041e9a0     LIBCMT:heapinit.obj
 0003:000019a4       ?_pnhHeap@@3P6AHI@ZA       0041e9a4     LIBCMT:handler.obj
 0003:000019a8       __newmode                  0041e9a8     LIBCMT:_newmode.obj
 0003:00001ab8       _gpFlsAlloc                0041eab8     LIBCMT:tidtable.obj
 0003:00001abc       _gpFlsGetValue             0041eabc     LIBCMT:tidtable.obj
 0003:00001ac0       _gpFlsSetValue             0041eac0     LIBCMT:tidtable.obj
 0003:00001ac4       _gpFlsFree                 0041eac4     LIBCMT:tidtable.obj
 0003:00001ac8       __maxwait                  0041eac8     LIBCMT:crtheap.obj
 0003:00001c24       ___mbulinfo                0041ec24     LIBCMT:mbctype.obj
 0003:00001c30       ___mbcodepage              0041ec30     LIBCMT:mbctype.obj
 0003:00001c34       ___ismbcodepage            0041ec34     LIBCMT:mbctype.obj
 0003:00001c38       ___mblcid                  0041ec38     LIBCMT:mbctype.obj
 0003:00001c3c       ?__pInconsistency@@3P6AXXZA 0041ec3c     LIBCMT:hooks.obj
 0003:00001c58       ___pPurecall               0041ec58     LIBCMT:inithelp.obj
 0003:00001c70       ___lconv_static_null       0041ec70     LIBCMT:lconv.obj
 0003:00001c74       ___lconv_static_W_null     0041ec74     LIBCMT:lconv.obj
 0003:00001f9c       ___locale_changed          0041ef9c     LIBCMT:setlocal.obj
 0003:00001fa0       ___setlc_active            0041efa0     <common>
 0003:00001fb0       ___unguarded_readlc_active 0041efb0     <common>
 0003:00001fb4       ___sse2_available          0041efb4     <common>
 0003:00001fc0       __debugger_hook_dummy      0041efc0     <common>
 0003:00001fcc       __nhandle                  0041efcc     <common>
 0003:00002020       ___pioinfo                 0041f020     <common>
 0003:00002120       ___env_initialized         0041f120     <common>
 0003:00002130       ___onexitend               0041f130     <common>
 0003:00002134       ___onexitbegin             0041f134     <common>
 0003:00002138       ___mbctype_initialized     0041f138     <common>
 0003:0000213c       __FPinit                   0041f13c     <common>
 0003:00002140       ___dyn_tls_init_callback   0041f140     <common>
 0003:00002144       __pDestructExceptionObject 0041f144     <common>
 0003:00002150       ___piob                    0041f150     <common>
 0003:000024a0       __bufin                    0041f4a0     <common>
 0003:000034a0       __nstream                  004204a0     <common>
 0003:000034a4       __acmdln                   004204a4     <common>
 0003:000034b4       __NoHeapEnableTerminationOnCorruption 004204b4     <common>
 0004:00000000       __IMPORT_DESCRIPTOR_KERNEL32 00421000     kernel32:KERNEL32.dll
 0004:00000014       __NULL_IMPORT_DESCRIPTOR   00421014     kernel32:KERNEL32.dll
 0004:000001b4       __imp__HeapAlloc@12        004211b4     kernel32:KERNEL32.dll
 0004:000001b8       __imp__GetLastError@0      004211b8     kernel32:KERNEL32.dll
 0004:000001bc       __imp__HeapFree@12         004211bc     kernel32:KERNEL32.dll
 0004:000001c0       __imp__GetCommandLineA@0   004211c0     kernel32:KERNEL32.dll
 0004:000001c4       __imp__HeapSetInformation@16 004211c4     kernel32:KERNEL32.dll
 0004:000001c8       __imp__EnterCriticalSection@4 004211c8     kernel32:KERNEL32.dll
 0004:000001cc       __imp__LeaveCriticalSection@4 004211cc     kernel32:KERNEL32.dll
 0004:000001d0       __imp__DecodePointer@4     004211d0     kernel32:KERNEL32.dll
 0004:000001d4       __imp__UnhandledExceptionFilter@4 004211d4     kernel32:KERNEL32.dll
 0004:000001d8       __imp__SetUnhandledExceptionFilter@4 004211d8     kernel32:KERNEL32.dll
 0004:000001dc       __imp__IsDebuggerPresent@0 004211dc     kernel32:KERNEL32.dll
 0004:000001e0       __imp__EncodePointer@4     004211e0     kernel32:KERNEL32.dll
 0004:000001e4       __imp__TerminateProcess@8  004211e4     kernel32:KERNEL32.dll
 0004:000001e8       __imp__GetCurrentProcess@0 004211e8     kernel32:KERNEL32.dll
 0004:000001ec       __imp__GetProcAddress@8    004211ec     kernel32:KERNEL32.dll
 0004:000001f0       __imp__GetModuleHandleW@4  004211f0     kernel32:KERNEL32.dll
 0004:000001f4       __imp__ExitProcess@4       004211f4     kernel32:KERNEL32.dll
 0004:000001f8       __imp__WriteFile@20        004211f8     kernel32:KERNEL32.dll
 0004:000001fc       __imp__GetStdHandle@4      004211fc     kernel32:KERNEL32.dll
 0004:00000200       __imp__GetModuleFileNameW@12 00421200     kernel32:KERNEL32.dll
 0004:00000204       __imp__HeapCreate@12       00421204     kernel32:KERNEL32.dll
 0004:00000208       __imp__HeapDestroy@4       00421208     kernel32:KERNEL32.dll
 0004:0000020c       __imp__GetModuleFileNameA@12 0042120c     kernel32:KERNEL32.dll
 0004:00000210       __imp__FreeEnvironmentStringsW@4 00421210     kernel32:KERNEL32.dll
 0004:00000214       __imp__WideCharToMultiByte@32 00421214     kernel32:KERNEL32.dll
 0004:00000218       __imp__GetEnvironmentStringsW@0 00421218     kernel32:KERNEL32.dll
 0004:0000021c       __imp__SetHandleCount@4    0042121c     kernel32:KERNEL32.dll
 0004:00000220       __imp__InitializeCriticalSectionAndSpinCount@8 00421220     kernel32:KERNEL32.dll
 0004:00000224       __imp__GetFileType@4       00421224     kernel32:KERNEL32.dll
 0004:00000228       __imp__GetStartupInfoW@4   00421228     kernel32:KERNEL32.dll
 0004:0000022c       __imp__DeleteCriticalSection@4 0042122c     kernel32:KERNEL32.dll
 0004:00000230       __imp__TlsAlloc@0          00421230     kernel32:KERNEL32.dll
 0004:00000234       __imp__TlsGetValue@4       00421234     kernel32:KERNEL32.dll
 0004:00000238       __imp__TlsSetValue@8       00421238     kernel32:KERNEL32.dll
 0004:0000023c       __imp__TlsFree@4           0042123c     kernel32:KERNEL32.dll
 0004:00000240       __imp__InterlockedIncrement@4 00421240     kernel32:KERNEL32.dll
 0004:00000244       __imp__SetLastError@4      00421244     kernel32:KERNEL32.dll
 0004:00000248       __imp__GetCurrentThreadId@0 00421248     kernel32:KERNEL32.dll
 0004:0000024c       __imp__InterlockedDecrement@4 0042124c     kernel32:KERNEL32.dll
 0004:00000250       __imp__GetCurrentThread@0  00421250     kernel32:KERNEL32.dll
 0004:00000254       __imp__QueryPerformanceCounter@4 00421254     kernel32:KERNEL32.dll
 0004:00000258       __imp__GetTickCount@0      00421258     kernel32:KERNEL32.dll
 0004:0000025c       __imp__GetCurrentProcessId@0 0042125c     kernel32:KERNEL32.dll
 0004:00000260       __imp__GetSystemTimeAsFileTime@4 00421260     kernel32:KERNEL32.dll
 0004:00000264       __imp__Sleep@4             00421264     kernel32:KERNEL32.dll
 0004:00000268       __imp__FatalAppExitA@8     00421268     kernel32:KERNEL32.dll
 0004:0000026c       __imp__GetCPInfo@8         0042126c     kernel32:KERNEL32.dll
 0004:00000270       __imp__GetACP@0            00421270     kernel32:KERNEL32.dll
 0004:00000274       __imp__GetOEMCP@0          00421274     kernel32:KERNEL32.dll
 0004:00000278       __imp__IsValidCodePage@4   00421278     kernel32:KERNEL32.dll
 0004:0000027c       __imp__RtlUnwind@16        0042127c     kernel32:KERNEL32.dll
 0004:00000280       __imp__SetConsoleCtrlHandler@8 00421280     kernel32:KERNEL32.dll
 0004:00000284       __imp__FreeLibrary@4       00421284     kernel32:KERNEL32.dll
 0004:00000288       __imp__InterlockedExchange@8 00421288     kernel32:KERNEL32.dll
 0004:0000028c       __imp__LoadLibraryW@4      0042128c     kernel32:KERNEL32.dll
 0004:00000290       __imp__GetLocaleInfoW@16   00421290     kernel32:KERNEL32.dll
 0004:00000294       __imp__HeapReAlloc@16      00421294     kernel32:KERNEL32.dll
 0004:00000298       __imp__GetConsoleCP@0      00421298     kernel32:KERNEL32.dll
 0004:0000029c       __imp__GetConsoleMode@8    0042129c     kernel32:KERNEL32.dll
 0004:000002a0       __imp__FlushFileBuffers@4  004212a0     kernel32:KERNEL32.dll
 0004:000002a4       __imp__LCMapStringW@24     004212a4     kernel32:KERNEL32.dll
 0004:000002a8       __imp__MultiByteToWideChar@24 004212a8     kernel32:KERNEL32.dll
 0004:000002ac       __imp__GetStringTypeW@16   004212ac     kernel32:KERNEL32.dll
 0004:000002b0       __imp__SetFilePointer@16   004212b0     kernel32:KERNEL32.dll
 0004:000002b4       __imp__IsProcessorFeaturePresent@4 004212b4     kernel32:KERNEL32.dll
 0004:000002b8       __imp__HeapSize@12         004212b8     kernel32:KERNEL32.dll
 0004:000002bc       __imp__CloseHandle@4       004212bc     kernel32:KERNEL32.dll
 0004:000002c0       __imp__WriteConsoleW@20    004212c0     kernel32:KERNEL32.dll
 0004:000002c4       __imp__SetStdHandle@8      004212c4     kernel32:KERNEL32.dll
 0004:000002c8       __imp__CreateFileW@28      004212c8     kernel32:KERNEL32.dll
 0004:000002cc       __imp__GetUserDefaultLCID@0 004212cc     kernel32:KERNEL32.dll
 0004:000002d0       __imp__GetLocaleInfoA@16   004212d0     kernel32:KERNEL32.dll
 0004:000002d4       __imp__EnumSystemLocalesA@8 004212d4     kernel32:KERNEL32.dll
 0004:000002d8       __imp__IsValidLocale@8     004212d8     kernel32:KERNEL32.dll
 0004:000002dc       \177KERNEL32_NULL_THUNK_DATA 004212dc     kernel32:KERNEL32.dll

 entry point at        0001:00000add

